******************************************************************************
                  TI ARM Linker PC v20.2.7                     
******************************************************************************
>> Linked Sat May 13 12:35:29 2023

OUTPUT FILE NAME:   <blinky.out>
ENTRY POINT SYMBOL: "_c_int00_noinit_noargs"  address: 00000731


MEMORY CONFIGURATION

         name            origin    length      used     unused   attr    fill
----------------------  --------  ---------  --------  --------  ----  --------
  FLASH                 00000000   00040000  000007da  0003f826  R  X
  SRAM                  20000000   00008000  00000200  00007e00  RW X


SEGMENT ALLOCATION MAP

run origin  load origin   length   init length attrs members
----------  ----------- ---------- ----------- ----- -------
00000000    00000000    000007da   000007da    r-x
  00000000    00000000    0000026c   0000026c    r-- .intvecs
  0000026c    0000026c    0000056e   0000056e    r-x .text
20000000    20000000    00000200   00000000    rw-
  20000000    20000000    00000200   00000000    rw- .stack


SECTION ALLOCATION MAP

 output                                  attributes/
section   page    origin      length       input sections
--------  ----  ----------  ----------   ----------------
.intvecs   0    00000000    0000026c     
                  00000000    0000026c     startup_ccs.obj (.intvecs)

.text      0    0000026c    0000056e     
                  0000026c    0000016c     gpio.obj (.text:GPIOPadConfigSet)
                  000003d8    00000140     lib_gpio.obj (.text:LIB_GPIO_Init)
                  00000518    000000f4     sysctl.obj (.text:SysCtlClockSet)
                  0000060c    000000b8     blinky.obj (.text:main)
                  000006c4    00000038     sysctl.obj (.text:SysCtlPeripheralReady)
                  000006fc    00000034     sysctl.obj (.text:SysCtlPeripheralEnable)
                  00000730    0000002c     rtsv7M4_T_le_v4SPD16_eabi.lib : boot_cortex_m.c.obj (.text:_c_int00_noinit_noargs:_c_int00_noinit_noargs)
                  0000075c    0000001c     lib_gpio.obj (.text:LIB_GPIO_WritePin)
                  00000778    0000001c     sysctl.obj (.text:SysCtlGPIOAHBEnable)
                  00000794    00000014     lib_clock.obj (.text:LIB_CLOCK_PeripheralClockEnable)
                  000007a8    00000010     lib_gpio.obj (.text:LIB_GPIO_ReadPin)
                  000007b8    00000008     lib_clock.obj (.text:LIB_CLOCK_MainClockSet)
                  000007c0    00000006     startup_ccs.obj (.text:ResetISR)
                  000007c6    00000006     sysctl.obj (.text:SysCtlDelay)
                  000007cc    00000004     rtsv7M4_T_le_v4SPD16_eabi.lib : pre_init.c.obj (.text:_system_pre_init)
                  000007d0    00000004                                   : exit.c.obj (.text:abort:abort)
                  000007d4    00000002     startup_ccs.obj (.text:FaultISR)
                  000007d6    00000002     startup_ccs.obj (.text:IntDefaultHandler)
                  000007d8    00000002     startup_ccs.obj (.text:NmiSR)

.cinit     0    00000000    00000000     UNINITIALIZED

.init_array 
*          0    00000000    00000000     UNINITIALIZED

.stack     0    20000000    00000200     UNINITIALIZED
                  20000000    00000004     rtsv7M4_T_le_v4SPD16_eabi.lib : boot_cortex_m.c.obj (.stack)
                  20000004    000001fc     --HOLE--

__llvm_prf_cnts 
*          0    20000000    00000000     UNINITIALIZED

.binit     0    00000000    00000000     

MODULE SUMMARY

       Module                code   ro data   rw data
       ------                ----   -------   -------
    .\
       startup_ccs.obj       12     620       0      
       blinky.obj            184    0         0      
    +--+---------------------+------+---------+---------+
       Total:                196    620       0      
                                                     
    .\EK-TM4C123GXL_LIB\clock\
       lib_clock.obj         28     0         0      
    +--+---------------------+------+---------+---------+
       Total:                28     0         0      
                                                     
    .\EK-TM4C123GXL_LIB\gpio\
       lib_gpio.obj          364    0         0      
    +--+---------------------+------+---------+---------+
       Total:                364    0         0      
                                                     
    .\driverlib\
       sysctl.obj            386    0         0      
       gpio.obj              364    0         0      
    +--+---------------------+------+---------+---------+
       Total:                750    0         0      
                                                     
    C:\ti\ccs1220\ccs\tools\compiler\ti-cgt-arm_20.2.7.LTS\lib\rtsv7M4_T_le_v4SPD16_eabi.lib
       boot_cortex_m.c.obj   44     0         0      
       exit.c.obj            4      0         0      
       pre_init.c.obj        4      0         0      
    +--+---------------------+------+---------+---------+
       Total:                52     0         0      
                                                     
       Stack:                0      0         512    
    +--+---------------------+------+---------+---------+
       Grand Total:          1390   620       512    


GLOBAL SYMBOLS: SORTED ALPHABETICALLY BY Name 

address   name                           
-------   ----                           
000007d1  C$$EXIT                        
0000026d  GPIOPadConfigSet               
000007b9  LIB_CLOCK_MainClockSet         
00000795  LIB_CLOCK_PeripheralClockEnable
000003d9  LIB_GPIO_Init                  
000007a9  LIB_GPIO_ReadPin               
0000075d  LIB_GPIO_WritePin              
000007c1  ResetISR                       
00000519  SysCtlClockSet                 
000007c7  SysCtlDelay                    
00000779  SysCtlGPIOAHBEnable            
000006fd  SysCtlPeripheralEnable         
000006c5  SysCtlPeripheralReady          
20000200  __STACK_END                    
00000200  __STACK_SIZE                   
20000200  __STACK_TOP                    
ffffffff  __TI_pprof_out_hndl            
ffffffff  __TI_prof_data_size            
ffffffff  __TI_prof_data_start           
00000000  __TI_static_base__             
ffffffff  __binit__                      
ffffffff  __c_args__                     
UNDEFED   __mpu_init                     
20000000  __stack                        
20000000  __start___llvm_prf_cnts        
20000000  __stop___llvm_prf_cnts         
00000731  _c_int00_noinit_noargs         
000007cd  _system_pre_init               
000007d1  abort                          
ffffffff  binit                          
00000000  g_pfnVectors                   
0000060d  main                           


GLOBAL SYMBOLS: SORTED BY Symbol Address 

address   name                           
-------   ----                           
00000000  __TI_static_base__             
00000000  g_pfnVectors                   
00000200  __STACK_SIZE                   
0000026d  GPIOPadConfigSet               
000003d9  LIB_GPIO_Init                  
00000519  SysCtlClockSet                 
0000060d  main                           
000006c5  SysCtlPeripheralReady          
000006fd  SysCtlPeripheralEnable         
00000731  _c_int00_noinit_noargs         
0000075d  LIB_GPIO_WritePin              
00000779  SysCtlGPIOAHBEnable            
00000795  LIB_CLOCK_PeripheralClockEnable
000007a9  LIB_GPIO_ReadPin               
000007b9  LIB_CLOCK_MainClockSet         
000007c1  ResetISR                       
000007c7  SysCtlDelay                    
000007cd  _system_pre_init               
000007d1  C$$EXIT                        
000007d1  abort                          
20000000  __stack                        
20000000  __start___llvm_prf_cnts        
20000000  __stop___llvm_prf_cnts         
20000200  __STACK_END                    
20000200  __STACK_TOP                    
ffffffff  __TI_pprof_out_hndl            
ffffffff  __TI_prof_data_size            
ffffffff  __TI_prof_data_start           
ffffffff  __binit__                      
ffffffff  __c_args__                     
ffffffff  binit                          
UNDEFED   __mpu_init                     

[32 symbols]
