******************************************************************************
                  TI ARM Linker PC v20.2.7                     
******************************************************************************
>> Linked Mon May 15 01:53:20 2023

OUTPUT FILE NAME:   <EK-TM4C123GXL_LIB_TEST.out>
ENTRY POINT SYMBOL: "_c_int00_noargs"  address: 00000d1d


MEMORY CONFIGURATION

         name            origin    length      used     unused   attr    fill
----------------------  --------  ---------  --------  --------  ----  --------
  FLASH                 00000000   00040000  000010c2  0003ef3e  R  X
  SRAM                  20000000   00008000  0000052c  00007ad4  RW X


SEGMENT ALLOCATION MAP

run origin  load origin   length   init length attrs members
----------  ----------- ---------- ----------- ----- -------
00000000    00000000    000010c8   000010c8    r-x
  00000000    00000000    0000026c   0000026c    r-- .intvecs
  0000026c    0000026c    00000c32   00000c32    r-x .text
  00000ea0    00000ea0    000001f4   000001f4    r-- .const
  00001098    00001098    00000030   00000030    r-- .cinit
20000000    20000000    00000530   00000000    rw-
  20000000    20000000    0000026c   00000000    rw- .vtable
  20000270    20000270    00000200   00000000    rw- .stack
  20000470    20000470    000000c0   00000000    rw- .data


SECTION ALLOCATION MAP

 output                                  attributes/
section   page    origin      length       input sections
--------  ----  ----------  ----------   ----------------
.intvecs   0    00000000    0000026c     
                  00000000    0000026c     startup_ccs.obj (.intvecs)

.text      0    0000026c    00000c32     
                  0000026c    0000016c     gpio.obj (.text:GPIOPadConfigSet)
                  000003d8    000000f4     sysctl.obj (.text:SysCtlClockSet)
                  000004cc    000000c8     lib_gpio.obj (.text:LIB_GPIO_Init)
                  00000594    000000c0     lib_gpio.obj (.text:LIB_GPIO_ExtiInit)
                  00000654    0000009c     rtsv7M4_T_le_v4SPD16_eabi.lib : memcpy_t2.asm.obj (.text)
                  000006f0    00000084     lib_isrmanagement.obj (.text:GPIOB_ISR_Handle)
                  00000774    00000084     lib_isrmanagement.obj (.text:GPIOC_ISR_Handle)
                  000007f8    00000084     lib_isrmanagement.obj (.text:GPIOD_ISR_Handle)
                  0000087c    00000084     lib_isrmanagement.obj (.text:GPIOE_ISR_Handle)
                  00000900    00000080     lib_isrmanagement.obj (.text:GPIOA_ISR_Handle)
                  00000980    00000080     lib_isrmanagement.obj (.text:GPIOF_ISR_Handle)
                  00000a00    00000068     interrupt.obj (.text:IntEnable)
                  00000a68    00000068     rtsv7M4_T_le_v4SPD16_eabi.lib : copy_decompress_lzss.c.obj (.text:decompress:lzss:__TI_decompress_lzss)
                  00000ad0    00000068     blinky.obj (.text:main)
                  00000b38    00000064     lib_isrmanagement.obj (.text:LIB_ISR_GPIOEXTIISRInit)
                  00000b9c    00000058     gpio.obj (.text:GPIOIntTypeSet)
                  00000bf4    00000044     gpio.obj (.text:_GPIOIntNumberGet)
                  00000c38    00000044     rtsv7M4_T_le_v4SPD16_eabi.lib : autoinit.c.obj (.text:__TI_auto_init_nobinit_nopinit:__TI_auto_init_nobinit_nopinit)
                  00000c7c    00000038     sysctl.obj (.text:SysCtlPeripheralReady)
                  00000cb4    00000034     interrupt.obj (.text:IntRegister)
                  00000ce8    00000034     sysctl.obj (.text:SysCtlPeripheralEnable)
                  00000d1c    00000034     rtsv7M4_T_le_v4SPD16_eabi.lib : boot_cortex_m.c.obj (.text:_c_int00_noargs:_c_int00_noargs)
                  00000d50    00000030     blinky.obj (.text:toggle)
                  00000d80    00000026     lib_gpio.obj (.text:LIB_GPIO_WritePin)
                  00000da6    00000002     startup_ccs.obj (.text:FaultISR)
                  00000da8    0000001c     sysctl.obj (.text:SysCtlGPIOAHBEnable)
                  00000dc4    0000001c     rtsv7M4_T_le_v4SPD16_eabi.lib : copy_zero_init.c.obj (.text:decompress:ZI:__TI_zero_init_nomemset:__TI_zero_init_nomemset)
                  00000de0    00000018     gpio.obj (.text:GPIOIntRegister)
                  00000df8    00000014     lib_clock.obj (.text:LIB_CLOCK_PeripheralClockEnable)
                  00000e0c    00000014     lib_isrmanagement.obj (.text:LIB_ISR_GPIOEXTIRegister)
                  00000e20    00000012     lib_gpio.obj (.text:LIB_GPIO_TogglePin)
                  00000e32    00000010     interrupt.obj (.text:IntMasterEnable)
                  00000e42    0000000e     gpio.obj (.text:GPIOIntStatus)
                  00000e50    0000000e     rtsv7M4_T_le_v4SPD16_eabi.lib : copy_decompress_none.c.obj (.text:decompress:none:__TI_decompress_none)
                  00000e5e    0000000c     cpu.obj (.text:CPUcpsie)
                  00000e6a    0000000c     gpio.obj (.text:GPIOIntEnable)
                  00000e76    00000008     lib_clock.obj (.text:LIB_CLOCK_MainClockSet)
                  00000e7e    00000006     gpio.obj (.text:GPIOIntClear)
                  00000e84    00000006     startup_ccs.obj (.text:ResetISR)
                  00000e8a    00000006     sysctl.obj (.text:SysCtlDelay)
                  00000e90    00000004     rtsv7M4_T_le_v4SPD16_eabi.lib : pre_init.c.obj (.text:_system_pre_init)
                  00000e94    00000004                                   : exit.c.obj (.text:abort:abort)
                  00000e98    00000002     startup_ccs.obj (.text:IntDefaultHandler)
                  00000e9a    00000002     startup_ccs.obj (.text:NmiSR)
                  00000e9c    00000002     lib_isrmanagement.obj (.text:__nop)

.const     0    00000ea0    000001f4     
                  00000ea0    000000d8     gpio.obj (.const:g_ppui32GPIOIntMapSnowflake)
                  00000f78    000000c0     gpio.obj (.const:g_ppui32GPIOIntMapBlizzard)
                  00001038    00000018     lib_gpio.obj (.const:$P$T0$1)
                  00001050    00000018     lib_gpio.obj (.const:$P$T1$2)
                  00001068    00000018     lib_gpio.obj (.const:$P$T2$3)
                  00001080    00000014     interrupt.obj (.const:g_pui32EnRegs)

.cinit     0    00001098    00000030     
                  00001098    0000000c     (.cinit..data.load) [load image, compression = lzss]
                  000010a4    0000000c     (__TI_handler_table)
                  000010b0    00000008     (.cinit..vtable.load) [load image, compression = zero_init]
                  000010b8    00000010     (__TI_cinit_table)

.init_array 
*          0    00000000    00000000     UNINITIALIZED

.vtable    0    20000000    0000026c     UNINITIALIZED
                  20000000    0000026c     interrupt.obj (.vtable)

.data      0    20000470    000000c0     UNINITIALIZED
                  20000470    000000c0     lib_isrmanagement.obj (.data:ExtiIsrHandleTable)

.stack     0    20000270    00000200     UNINITIALIZED
                  20000270    00000004     rtsv7M4_T_le_v4SPD16_eabi.lib : boot_cortex_m.c.obj (.stack)
                  20000274    000001fc     --HOLE--

__llvm_prf_cnts 
*          0    20000000    00000000     UNINITIALIZED

.binit     0    00000000    00000000     

MODULE SUMMARY

       Module                       code   ro data   rw data
       ------                       ----   -------   -------
    .\
       startup_ccs.obj              12     620       0      
       blinky.obj                   152    0         0      
    +--+----------------------------+------+---------+---------+
       Total:                       164    620       0      
                                                            
    .\EK-TM4C123GXL_LIB\clock\
       lib_clock.obj                28     0         0      
    +--+----------------------------+------+---------+---------+
       Total:                       28     0         0      
                                                            
    .\EK-TM4C123GXL_LIB\gpio\
       lib_gpio.obj                 448    72        0      
    +--+----------------------------+------+---------+---------+
       Total:                       448    72        0      
                                                            
    .\EK-TM4C123GXL_LIB\isr_anagement\
       lib_isrmanagement.obj        906    0         192    
    +--+----------------------------+------+---------+---------+
       Total:                       906    0         192    
                                                            
    .\driverlib\
       gpio.obj                     576    408       0      
       interrupt.obj                172    20        620    
       sysctl.obj                   386    0         0      
       cpu.obj                      12     0         0      
    +--+----------------------------+------+---------+---------+
       Total:                       1146   428       620    
                                                            
    C:\ti\ccs1220\ccs\tools\compiler\ti-cgt-arm_20.2.7.LTS\lib\rtsv7M4_T_le_v4SPD16_eabi.lib
       memcpy_t2.asm.obj            156    0         0      
       copy_decompress_lzss.c.obj   104    0         0      
       autoinit.c.obj               68     0         0      
       boot_cortex_m.c.obj          52     0         0      
       copy_zero_init.c.obj         28     0         0      
       copy_decompress_none.c.obj   14     0         0      
       exit.c.obj                   4      0         0      
       pre_init.c.obj               4      0         0      
    +--+----------------------------+------+---------+---------+
       Total:                       430    0         0      
                                                            
       Stack:                       0      0         512    
       Linker Generated:            0      48        0      
    +--+----------------------------+------+---------+---------+
       Grand Total:                 3122   1168      1324   


LINKER GENERATED COPY TABLES

__TI_cinit_table @ 000010b8 records: 2, size/record: 8, table size: 16
	.data: load addr=00001098, load size=0000000c bytes, run addr=20000470, run size=000000c0 bytes, compression=lzss
	.vtable: load addr=000010b0, load size=00000008 bytes, run addr=20000000, run size=0000026c bytes, compression=zero_init


LINKER GENERATED HANDLER TABLE

__TI_handler_table @ 000010a4 records: 3, size/record: 4, table size: 12
	index: 0, handler: __TI_zero_init
	index: 1, handler: __TI_decompress_lzss
	index: 2, handler: __TI_decompress_none


GLOBAL SYMBOLS: SORTED ALPHABETICALLY BY Name 

address   name                           
-------   ----                           
00000e95  C$$EXIT                        
00000e5f  CPUcpsie                       
20000470  ExtiIsrHandleTable             
00000901  GPIOA_ISR_Handle               
000006f1  GPIOB_ISR_Handle               
00000775  GPIOC_ISR_Handle               
000007f9  GPIOD_ISR_Handle               
0000087d  GPIOE_ISR_Handle               
00000981  GPIOF_ISR_Handle               
00000e7f  GPIOIntClear                   
00000e6b  GPIOIntEnable                  
00000de1  GPIOIntRegister                
00000e43  GPIOIntStatus                  
00000b9d  GPIOIntTypeSet                 
0000026d  GPIOPadConfigSet               
00000a01  IntEnable                      
00000e33  IntMasterEnable                
00000cb5  IntRegister                    
00000e77  LIB_CLOCK_MainClockSet         
00000df9  LIB_CLOCK_PeripheralClockEnable
00000595  LIB_GPIO_ExtiInit              
000004cd  LIB_GPIO_Init                  
00000e21  LIB_GPIO_TogglePin             
00000d81  LIB_GPIO_WritePin              
00000b39  LIB_ISR_GPIOEXTIISRInit        
00000e0d  LIB_ISR_GPIOEXTIRegister       
00000e85  ResetISR                       
000003d9  SysCtlClockSet                 
00000e8b  SysCtlDelay                    
00000da9  SysCtlGPIOAHBEnable            
00000ce9  SysCtlPeripheralEnable         
00000c7d  SysCtlPeripheralReady          
20000470  __STACK_END                    
00000200  __STACK_SIZE                   
20000470  __STACK_TOP                    
000010b8  __TI_CINIT_Base                
000010c8  __TI_CINIT_Limit               
000010a4  __TI_Handler_Table_Base        
000010b0  __TI_Handler_Table_Limit       
00000c39  __TI_auto_init_nobinit_nopinit 
00000a69  __TI_decompress_lzss           
00000e51  __TI_decompress_none           
ffffffff  __TI_pprof_out_hndl            
ffffffff  __TI_prof_data_size            
ffffffff  __TI_prof_data_start           
00000000  __TI_static_base__             
00000dc5  __TI_zero_init_nomemset        
00000655  __aeabi_memcpy                 
00000655  __aeabi_memcpy4                
00000655  __aeabi_memcpy8                
ffffffff  __binit__                      
ffffffff  __c_args__                     
UNDEFED   __mpu_init                     
00000e9d  __nop                          
20000270  __stack                        
20000000  __start___llvm_prf_cnts        
20000000  __stop___llvm_prf_cnts         
00000d1d  _c_int00_noargs                
UNDEFED   _system_post_cinit             
00000e91  _system_pre_init               
00000e95  abort                          
ffffffff  binit                          
20000000  g_pfnRAMVectors                
00000000  g_pfnVectors                   
00000ad1  main                           
00000655  memcpy                         
00000d51  toggle                         


GLOBAL SYMBOLS: SORTED BY Symbol Address 

address   name                           
-------   ----                           
00000000  __TI_static_base__             
00000000  g_pfnVectors                   
00000200  __STACK_SIZE                   
0000026d  GPIOPadConfigSet               
000003d9  SysCtlClockSet                 
000004cd  LIB_GPIO_Init                  
00000595  LIB_GPIO_ExtiInit              
00000655  __aeabi_memcpy                 
00000655  __aeabi_memcpy4                
00000655  __aeabi_memcpy8                
00000655  memcpy                         
000006f1  GPIOB_ISR_Handle               
00000775  GPIOC_ISR_Handle               
000007f9  GPIOD_ISR_Handle               
0000087d  GPIOE_ISR_Handle               
00000901  GPIOA_ISR_Handle               
00000981  GPIOF_ISR_Handle               
00000a01  IntEnable                      
00000a69  __TI_decompress_lzss           
00000ad1  main                           
00000b39  LIB_ISR_GPIOEXTIISRInit        
00000b9d  GPIOIntTypeSet                 
00000c39  __TI_auto_init_nobinit_nopinit 
00000c7d  SysCtlPeripheralReady          
00000cb5  IntRegister                    
00000ce9  SysCtlPeripheralEnable         
00000d1d  _c_int00_noargs                
00000d51  toggle                         
00000d81  LIB_GPIO_WritePin              
00000da9  SysCtlGPIOAHBEnable            
00000dc5  __TI_zero_init_nomemset        
00000de1  GPIOIntRegister                
00000df9  LIB_CLOCK_PeripheralClockEnable
00000e0d  LIB_ISR_GPIOEXTIRegister       
00000e21  LIB_GPIO_TogglePin             
00000e33  IntMasterEnable                
00000e43  GPIOIntStatus                  
00000e51  __TI_decompress_none           
00000e5f  CPUcpsie                       
00000e6b  GPIOIntEnable                  
00000e77  LIB_CLOCK_MainClockSet         
00000e7f  GPIOIntClear                   
00000e85  ResetISR                       
00000e8b  SysCtlDelay                    
00000e91  _system_pre_init               
00000e95  C$$EXIT                        
00000e95  abort                          
00000e9d  __nop                          
000010a4  __TI_Handler_Table_Base        
000010b0  __TI_Handler_Table_Limit       
000010b8  __TI_CINIT_Base                
000010c8  __TI_CINIT_Limit               
20000000  __start___llvm_prf_cnts        
20000000  __stop___llvm_prf_cnts         
20000000  g_pfnRAMVectors                
20000270  __stack                        
20000470  ExtiIsrHandleTable             
20000470  __STACK_END                    
20000470  __STACK_TOP                    
ffffffff  __TI_pprof_out_hndl            
ffffffff  __TI_prof_data_size            
ffffffff  __TI_prof_data_start           
ffffffff  __binit__                      
ffffffff  __c_args__                     
ffffffff  binit                          
UNDEFED   __mpu_init                     
UNDEFED   _system_post_cinit             

[67 symbols]
