******************************************************************************
                  TI ARM Linker PC v20.2.7                     
******************************************************************************
>> Linked Sun May 14 23:01:24 2023

OUTPUT FILE NAME:   <EK-TM4C123GXL_LIB_TEST.out>
ENTRY POINT SYMBOL: "_c_int00_noargs"  address: 00000db1


MEMORY CONFIGURATION

         name            origin    length      used     unused   attr    fill
----------------------  --------  ---------  --------  --------  ----  --------
  FLASH                 00000000   00040000  00001186  0003ee7a  R  X
  SRAM                  20000000   00008000  0000052c  00007ad4  RW X


SEGMENT ALLOCATION MAP

run origin  load origin   length   init length attrs members
----------  ----------- ---------- ----------- ----- -------
00000000    00000000    00001188   00001188    r-x
  00000000    00000000    0000026c   0000026c    r-- .intvecs
  0000026c    0000026c    00000cc6   00000cc6    r-x .text
  00000f34    00000f34    00000224   00000224    r-- .const
  00001158    00001158    00000030   00000030    r-- .cinit
20000000    20000000    00000530   00000000    rw-
  20000000    20000000    0000026c   00000000    rw- .vtable
  20000270    20000270    00000200   00000000    rw- .stack
  20000470    20000470    000000c0   00000000    rw- .data


SECTION ALLOCATION MAP

 output                                  attributes/
section   page    origin      length       input sections
--------  ----  ----------  ----------   ----------------
.intvecs   0    00000000    0000026c     
                  00000000    0000026c     startup_ccs.obj (.intvecs)

.text      0    0000026c    00000cc6     
                  0000026c    0000016c     gpio.obj (.text:GPIOPadConfigSet)
                  000003d8    0000015c     lib_gpio.obj (.text:LIB_GPIO_Init)
                  00000534    000000f4     sysctl.obj (.text:SysCtlClockSet)
                  00000628    000000c0     lib_gpio.obj (.text:LIB_GPIO_ExtiInit)
                  000006e8    0000009c     rtsv7M4_T_le_v4SPD16_eabi.lib : memcpy_t2.asm.obj (.text)
                  00000784    00000084     lib_isrmanagement.obj (.text:GPIOB_ISR_Handle)
                  00000808    00000084     lib_isrmanagement.obj (.text:GPIOC_ISR_Handle)
                  0000088c    00000084     lib_isrmanagement.obj (.text:GPIOD_ISR_Handle)
                  00000910    00000084     lib_isrmanagement.obj (.text:GPIOE_ISR_Handle)
                  00000994    00000080     lib_isrmanagement.obj (.text:GPIOA_ISR_Handle)
                  00000a14    00000080     lib_isrmanagement.obj (.text:GPIOF_ISR_Handle)
                  00000a94    00000068     interrupt.obj (.text:IntEnable)
                  00000afc    00000068     rtsv7M4_T_le_v4SPD16_eabi.lib : copy_decompress_lzss.c.obj (.text:decompress:lzss:__TI_decompress_lzss)
                  00000b64    00000068     blinky.obj (.text:main)
                  00000bcc    00000064     lib_isrmanagement.obj (.text:LIB_ISR_GPIOEXTIISRInit)
                  00000c30    00000058     gpio.obj (.text:GPIOIntTypeSet)
                  00000c88    00000044     gpio.obj (.text:_GPIOIntNumberGet)
                  00000ccc    00000044     rtsv7M4_T_le_v4SPD16_eabi.lib : autoinit.c.obj (.text:__TI_auto_init_nobinit_nopinit:__TI_auto_init_nobinit_nopinit)
                  00000d10    00000038     sysctl.obj (.text:SysCtlPeripheralReady)
                  00000d48    00000034     interrupt.obj (.text:IntRegister)
                  00000d7c    00000034     sysctl.obj (.text:SysCtlPeripheralEnable)
                  00000db0    00000034     rtsv7M4_T_le_v4SPD16_eabi.lib : boot_cortex_m.c.obj (.text:_c_int00_noargs:_c_int00_noargs)
                  00000de4    00000030     blinky.obj (.text:toggle)
                  00000e14    00000026     lib_gpio.obj (.text:LIB_GPIO_WritePin)
                  00000e3a    00000002     startup_ccs.obj (.text:FaultISR)
                  00000e3c    0000001c     sysctl.obj (.text:SysCtlGPIOAHBEnable)
                  00000e58    0000001c     rtsv7M4_T_le_v4SPD16_eabi.lib : copy_zero_init.c.obj (.text:decompress:ZI:__TI_zero_init_nomemset:__TI_zero_init_nomemset)
                  00000e74    00000018     gpio.obj (.text:GPIOIntRegister)
                  00000e8c    00000014     lib_clock.obj (.text:LIB_CLOCK_PeripheralClockEnable)
                  00000ea0    00000014     lib_isrmanagement.obj (.text:LIB_ISR_GPIOEXTIRegister)
                  00000eb4    00000012     lib_gpio.obj (.text:LIB_GPIO_TogglePin)
                  00000ec6    00000010     interrupt.obj (.text:IntMasterEnable)
                  00000ed6    0000000e     gpio.obj (.text:GPIOIntStatus)
                  00000ee4    0000000e     rtsv7M4_T_le_v4SPD16_eabi.lib : copy_decompress_none.c.obj (.text:decompress:none:__TI_decompress_none)
                  00000ef2    0000000c     cpu.obj (.text:CPUcpsie)
                  00000efe    0000000c     gpio.obj (.text:GPIOIntEnable)
                  00000f0a    00000008     lib_clock.obj (.text:LIB_CLOCK_MainClockSet)
                  00000f12    00000006     gpio.obj (.text:GPIOIntClear)
                  00000f18    00000006     startup_ccs.obj (.text:ResetISR)
                  00000f1e    00000006     sysctl.obj (.text:SysCtlDelay)
                  00000f24    00000004     rtsv7M4_T_le_v4SPD16_eabi.lib : pre_init.c.obj (.text:_system_pre_init)
                  00000f28    00000004                                   : exit.c.obj (.text:abort:abort)
                  00000f2c    00000002     startup_ccs.obj (.text:IntDefaultHandler)
                  00000f2e    00000002     startup_ccs.obj (.text:NmiSR)
                  00000f30    00000002     lib_isrmanagement.obj (.text:__nop)

.const     0    00000f34    00000224     
                  00000f34    000000d8     gpio.obj (.const:g_ppui32GPIOIntMapSnowflake)
                  0000100c    000000c0     gpio.obj (.const:g_ppui32GPIOIntMapBlizzard)
                  000010cc    00000030     lib_gpio.obj (.const:$P$T0$1)
                  000010fc    00000018     lib_gpio.obj (.const:$P$T1$2)
                  00001114    00000018     lib_gpio.obj (.const:$P$T2$3)
                  0000112c    00000018     lib_gpio.obj (.const:$P$T3$4)
                  00001144    00000014     interrupt.obj (.const:g_pui32EnRegs)

.cinit     0    00001158    00000030     
                  00001158    0000000c     (.cinit..data.load) [load image, compression = lzss]
                  00001164    0000000c     (__TI_handler_table)
                  00001170    00000008     (.cinit..vtable.load) [load image, compression = zero_init]
                  00001178    00000010     (__TI_cinit_table)

.init_array 
*          0    00000000    00000000     UNINITIALIZED

.vtable    0    20000000    0000026c     UNINITIALIZED
                  20000000    0000026c     interrupt.obj (.vtable)

.data      0    20000470    000000c0     UNINITIALIZED
                  20000470    000000c0     lib_isrmanagement.obj (.data:ExtiIsrHandleTable)

.stack     0    20000270    00000200     UNINITIALIZED
                  20000270    00000004     rtsv7M4_T_le_v4SPD16_eabi.lib : boot_cortex_m.c.obj (.stack)
                  20000274    000001fc     --HOLE--

__llvm_prf_cnts 
*          0    20000000    00000000     UNINITIALIZED

.binit     0    00000000    00000000     

MODULE SUMMARY

       Module                       code   ro data   rw data
       ------                       ----   -------   -------
    .\
       startup_ccs.obj              12     620       0      
       blinky.obj                   152    0         0      
    +--+----------------------------+------+---------+---------+
       Total:                       164    620       0      
                                                            
    .\EK-TM4C123GXL_LIB\clock\
       lib_clock.obj                28     0         0      
    +--+----------------------------+------+---------+---------+
       Total:                       28     0         0      
                                                            
    .\EK-TM4C123GXL_LIB\gpio\
       lib_gpio.obj                 596    120       0      
    +--+----------------------------+------+---------+---------+
       Total:                       596    120       0      
                                                            
    .\EK-TM4C123GXL_LIB\isr_anagement\
       lib_isrmanagement.obj        906    0         192    
    +--+----------------------------+------+---------+---------+
       Total:                       906    0         192    
                                                            
    .\driverlib\
       gpio.obj                     576    408       0      
       interrupt.obj                172    20        620    
       sysctl.obj                   386    0         0      
       cpu.obj                      12     0         0      
    +--+----------------------------+------+---------+---------+
       Total:                       1146   428       620    
                                                            
    C:\ti\ccs1220\ccs\tools\compiler\ti-cgt-arm_20.2.7.LTS\lib\rtsv7M4_T_le_v4SPD16_eabi.lib
       memcpy_t2.asm.obj            156    0         0      
       copy_decompress_lzss.c.obj   104    0         0      
       autoinit.c.obj               68     0         0      
       boot_cortex_m.c.obj          52     0         0      
       copy_zero_init.c.obj         28     0         0      
       copy_decompress_none.c.obj   14     0         0      
       exit.c.obj                   4      0         0      
       pre_init.c.obj               4      0         0      
    +--+----------------------------+------+---------+---------+
       Total:                       430    0         0      
                                                            
       Stack:                       0      0         512    
       Linker Generated:            0      48        0      
    +--+----------------------------+------+---------+---------+
       Grand Total:                 3270   1216      1324   


LINKER GENERATED COPY TABLES

__TI_cinit_table @ 00001178 records: 2, size/record: 8, table size: 16
	.data: load addr=00001158, load size=0000000c bytes, run addr=20000470, run size=000000c0 bytes, compression=lzss
	.vtable: load addr=00001170, load size=00000008 bytes, run addr=20000000, run size=0000026c bytes, compression=zero_init


LINKER GENERATED HANDLER TABLE

__TI_handler_table @ 00001164 records: 3, size/record: 4, table size: 12
	index: 0, handler: __TI_zero_init
	index: 1, handler: __TI_decompress_lzss
	index: 2, handler: __TI_decompress_none


GLOBAL SYMBOLS: SORTED ALPHABETICALLY BY Name 

address   name                           
-------   ----                           
00000f29  C$$EXIT                        
00000ef3  CPUcpsie                       
20000470  ExtiIsrHandleTable             
00000995  GPIOA_ISR_Handle               
00000785  GPIOB_ISR_Handle               
00000809  GPIOC_ISR_Handle               
0000088d  GPIOD_ISR_Handle               
00000911  GPIOE_ISR_Handle               
00000a15  GPIOF_ISR_Handle               
00000f13  GPIOIntClear                   
00000eff  GPIOIntEnable                  
00000e75  GPIOIntRegister                
00000ed7  GPIOIntStatus                  
00000c31  GPIOIntTypeSet                 
0000026d  GPIOPadConfigSet               
00000a95  IntEnable                      
00000ec7  IntMasterEnable                
00000d49  IntRegister                    
00000f0b  LIB_CLOCK_MainClockSet         
00000e8d  LIB_CLOCK_PeripheralClockEnable
00000629  LIB_GPIO_ExtiInit              
000003d9  LIB_GPIO_Init                  
00000eb5  LIB_GPIO_TogglePin             
00000e15  LIB_GPIO_WritePin              
00000bcd  LIB_ISR_GPIOEXTIISRInit        
00000ea1  LIB_ISR_GPIOEXTIRegister       
00000f19  ResetISR                       
00000535  SysCtlClockSet                 
00000f1f  SysCtlDelay                    
00000e3d  SysCtlGPIOAHBEnable            
00000d7d  SysCtlPeripheralEnable         
00000d11  SysCtlPeripheralReady          
20000470  __STACK_END                    
00000200  __STACK_SIZE                   
20000470  __STACK_TOP                    
00001178  __TI_CINIT_Base                
00001188  __TI_CINIT_Limit               
00001164  __TI_Handler_Table_Base        
00001170  __TI_Handler_Table_Limit       
00000ccd  __TI_auto_init_nobinit_nopinit 
00000afd  __TI_decompress_lzss           
00000ee5  __TI_decompress_none           
ffffffff  __TI_pprof_out_hndl            
ffffffff  __TI_prof_data_size            
ffffffff  __TI_prof_data_start           
00000000  __TI_static_base__             
00000e59  __TI_zero_init_nomemset        
000006e9  __aeabi_memcpy                 
000006e9  __aeabi_memcpy4                
000006e9  __aeabi_memcpy8                
ffffffff  __binit__                      
ffffffff  __c_args__                     
UNDEFED   __mpu_init                     
00000f31  __nop                          
20000270  __stack                        
20000000  __start___llvm_prf_cnts        
20000000  __stop___llvm_prf_cnts         
00000db1  _c_int00_noargs                
UNDEFED   _system_post_cinit             
00000f25  _system_pre_init               
00000f29  abort                          
ffffffff  binit                          
20000000  g_pfnRAMVectors                
00000000  g_pfnVectors                   
00000b65  main                           
000006e9  memcpy                         
00000de5  toggle                         


GLOBAL SYMBOLS: SORTED BY Symbol Address 

address   name                           
-------   ----                           
00000000  __TI_static_base__             
00000000  g_pfnVectors                   
00000200  __STACK_SIZE                   
0000026d  GPIOPadConfigSet               
000003d9  LIB_GPIO_Init                  
00000535  SysCtlClockSet                 
00000629  LIB_GPIO_ExtiInit              
000006e9  __aeabi_memcpy                 
000006e9  __aeabi_memcpy4                
000006e9  __aeabi_memcpy8                
000006e9  memcpy                         
00000785  GPIOB_ISR_Handle               
00000809  GPIOC_ISR_Handle               
0000088d  GPIOD_ISR_Handle               
00000911  GPIOE_ISR_Handle               
00000995  GPIOA_ISR_Handle               
00000a15  GPIOF_ISR_Handle               
00000a95  IntEnable                      
00000afd  __TI_decompress_lzss           
00000b65  main                           
00000bcd  LIB_ISR_GPIOEXTIISRInit        
00000c31  GPIOIntTypeSet                 
00000ccd  __TI_auto_init_nobinit_nopinit 
00000d11  SysCtlPeripheralReady          
00000d49  IntRegister                    
00000d7d  SysCtlPeripheralEnable         
00000db1  _c_int00_noargs                
00000de5  toggle                         
00000e15  LIB_GPIO_WritePin              
00000e3d  SysCtlGPIOAHBEnable            
00000e59  __TI_zero_init_nomemset        
00000e75  GPIOIntRegister                
00000e8d  LIB_CLOCK_PeripheralClockEnable
00000ea1  LIB_ISR_GPIOEXTIRegister       
00000eb5  LIB_GPIO_TogglePin             
00000ec7  IntMasterEnable                
00000ed7  GPIOIntStatus                  
00000ee5  __TI_decompress_none           
00000ef3  CPUcpsie                       
00000eff  GPIOIntEnable                  
00000f0b  LIB_CLOCK_MainClockSet         
00000f13  GPIOIntClear                   
00000f19  ResetISR                       
00000f1f  SysCtlDelay                    
00000f25  _system_pre_init               
00000f29  C$$EXIT                        
00000f29  abort                          
00000f31  __nop                          
00001164  __TI_Handler_Table_Base        
00001170  __TI_Handler_Table_Limit       
00001178  __TI_CINIT_Base                
00001188  __TI_CINIT_Limit               
20000000  __start___llvm_prf_cnts        
20000000  __stop___llvm_prf_cnts         
20000000  g_pfnRAMVectors                
20000270  __stack                        
20000470  ExtiIsrHandleTable             
20000470  __STACK_END                    
20000470  __STACK_TOP                    
ffffffff  __TI_pprof_out_hndl            
ffffffff  __TI_prof_data_size            
ffffffff  __TI_prof_data_start           
ffffffff  __binit__                      
ffffffff  __c_args__                     
ffffffff  binit                          
UNDEFED   __mpu_init                     
UNDEFED   _system_post_cinit             

[67 symbols]
