******************************************************************************
                  TI ARM Linker PC v18.12.8                    
******************************************************************************
>> Linked Wed May 24 19:36:30 2023

OUTPUT FILE NAME:   <EK-TM4C123GXL_LIB_TEST.out>
ENTRY POINT SYMBOL: "_c_int00_noargs"  address: 0000145d


MEMORY CONFIGURATION

         name            origin    length      used     unused   attr    fill
----------------------  --------  ---------  --------  --------  ----  --------
  FLASH                 00000000   00040000  00001bf2  0003e40e  R  X
  SRAM                  20000000   00008000  00000316  00007cea  RW X


SEGMENT ALLOCATION MAP

run origin  load origin   length   init length attrs members
----------  ----------- ---------- ----------- ----- -------
00000000    00000000    00001bfc   00001bfc    r-x
  00000000    00000000    0000026c   0000026c    r-- .intvecs
  00000270    00000270    0000181a   0000181a    r-x .text
  00001a8c    00001a8c    00000148   00000148    r-- .const
  00001bd8    00001bd8    00000024   00000024    r-- .cinit
20000000    20000000    00000316   00000000    rw-
  20000000    20000000    00000200   00000000    rw- .stack
  20000200    20000200    00000116   00000000    rw- .data


SECTION ALLOCATION MAP

 output                                  attributes/
section   page    origin      length       input sections
--------  ----  ----------  ----------   ----------------
.intvecs   0    00000000    0000026c     
                  00000000    0000026c     startup_ccs.obj (.intvecs)

.text      0    00000270    0000181a     
                  00000270    00000358     lib_uart.obj (.text:LIB_UART_Init)
                  000005c8    00000248     gpio.obj (.text:GPIOPadConfigSet)
                  00000810    00000194     sysctl.obj (.text:SysCtlClockGet)
                  000009a4    00000004     rtsv7M4_T_le_v4SPD16_eabi.lib : pre_init.c.obj (.text:_system_pre_init)
                  000009a8    00000164     sysctl.obj (.text:SysCtlClockSet)
                  00000b0c    00000004     rtsv7M4_T_le_v4SPD16_eabi.lib : exit.c.obj (.text:abort:abort)
                  00000b10    000000b8     lib_gpio.obj (.text:LIB_GPIO_Init)
                  00000bc8    000000a2     lib_EXTIisrmanagement.obj (.text:GPIOB_ISR_Handle)
                  00000c6a    00000006     sysctl.obj (.text:SysCtlDelay)
                  00000c70    000000a2     lib_EXTIisrmanagement.obj (.text:GPIOC_ISR_Handle)
                  00000d12    00000006     --HOLE-- [fill = 0]
                  00000d18    000000a2     lib_EXTIisrmanagement.obj (.text:GPIOD_ISR_Handle)
                  00000dba    00000006     --HOLE-- [fill = 0]
                  00000dc0    000000a2     lib_EXTIisrmanagement.obj (.text:GPIOE_ISR_Handle)
                  00000e62    00000006     --HOLE-- [fill = 0]
                  00000e68    000000a2     lib_EXTIisrmanagement.obj (.text:GPIOF_ISR_Handle)
                  00000f0a    0000009c     rtsv7M4_T_le_v4SPD16_eabi.lib : memcpy_t2.asm.obj (.text)
                  00000fa6    00000002     --HOLE-- [fill = 0]
                  00000fa8    0000009a     lib_EXTIisrmanagement.obj (.text:GPIOA_ISR_Handle)
                  00001042    00000006     --HOLE-- [fill = 0]
                  00001048    00000092     interrupt.obj (.text:IntEnable)
                  000010da    00000006     --HOLE-- [fill = 0]
                  000010e0    00000086     blinky.obj (.text:main)
                  00001166    00000002     --HOLE-- [fill = 0]
                  00001168    00000070     lib_timer.obj (.text:LIB_TIMER_InitCycle)
                  000011d8    00000070     timer.obj (.text:TimerConfigure)
                  00001248    00000068     rtsv7M4_T_le_v4SPD16_eabi.lib : copy_decompress_lzss.c.obj (.text:decompress:lzss:__TI_decompress_lzss)
                  000012b0    0000005c     gpio.obj (.text:GPIOPinConfigure)
                  0000130c    00000004     --HOLE-- [fill = 0]
                  00001310    00000048     uart.obj (.text:UARTConfigSetExpClk)
                  00001358    00000044     rtsv7M4_T_le_v4SPD16_eabi.lib : autoinit.c.obj (.text:__TI_auto_init_nobinit_nopinit:__TI_auto_init_nobinit_nopinit)
                  0000139c    00000004     --HOLE-- [fill = 0]
                  000013a0    00000044     blinky.obj (.text:toggle)
                  000013e4    00000004     --HOLE-- [fill = 0]
                  000013e8    0000003a     sysctl.obj (.text:SysCtlPeripheralReady)
                  00001422    00000006     --HOLE-- [fill = 0]
                  00001428    00000034     sysctl.obj (.text:SysCtlPeripheralEnable)
                  0000145c    00000034     rtsv7M4_T_le_v4SPD16_eabi.lib : boot_cortex_m.c.obj (.text:_c_int00_noargs:_c_int00_noargs)
                  00001490    0000002c     gpio.obj (.text:GPIODirModeSet)
                  000014bc    00000004     --HOLE-- [fill = 0]
                  000014c0    0000002c     lib_TIMERisrmanagement.obj (.text:TIMER1A_ISR_Handle)
                  000014ec    00000004     --HOLE-- [fill = 0]
                  000014f0    0000002c     lib_TIMERisrmanagement.obj (.text:TIMER1B_ISR_Handle)
                  0000151c    00000004     --HOLE-- [fill = 0]
                  00001520    0000002c     lib_TIMERisrmanagement.obj (.text:TIMER2A_ISR_Handle)
                  0000154c    00000004     --HOLE-- [fill = 0]
                  00001550    0000002c     lib_TIMERisrmanagement.obj (.text:TIMER2B_ISR_Handle)
                  0000157c    00000004     --HOLE-- [fill = 0]
                  00001580    0000002c     lib_TIMERisrmanagement.obj (.text:TIMER3A_ISR_Handle)
                  000015ac    00000004     --HOLE-- [fill = 0]
                  000015b0    0000002c     lib_TIMERisrmanagement.obj (.text:TIMER3B_ISR_Handle)
                  000015dc    00000004     --HOLE-- [fill = 0]
                  000015e0    0000002c     lib_TIMERisrmanagement.obj (.text:TIMER4A_ISR_Handle)
                  0000160c    00000004     --HOLE-- [fill = 0]
                  00001610    0000002c     lib_TIMERisrmanagement.obj (.text:TIMER4B_ISR_Handle)
                  0000163c    00000004     --HOLE-- [fill = 0]
                  00001640    0000002c     lib_TIMERisrmanagement.obj (.text:TIMER5A_ISR_Handle)
                  0000166c    00000004     --HOLE-- [fill = 0]
                  00001670    0000002c     lib_TIMERisrmanagement.obj (.text:TIMER5B_ISR_Handle)
                  0000169c    00000004     --HOLE-- [fill = 0]
                  000016a0    0000002c     lib_UARTisrmanagement.obj (.text:UART0_ISR_Handle)
                  000016cc    00000004     --HOLE-- [fill = 0]
                  000016d0    0000002c     lib_UARTisrmanagement.obj (.text:UART1_ISR_Handle)
                  000016fc    00000004     --HOLE-- [fill = 0]
                  00001700    0000002c     lib_UARTisrmanagement.obj (.text:UART2_ISR_Handle)
                  0000172c    00000004     --HOLE-- [fill = 0]
                  00001730    0000002c     lib_UARTisrmanagement.obj (.text:UART3_ISR_Handle)
                  0000175c    00000004     --HOLE-- [fill = 0]
                  00001760    0000002c     lib_UARTisrmanagement.obj (.text:UART5_ISR_Handle)
                  0000178c    00000004     --HOLE-- [fill = 0]
                  00001790    0000002c     lib_UARTisrmanagement.obj (.text:UART6_ISR_Handle)
                  000017bc    00000004     --HOLE-- [fill = 0]
                  000017c0    0000002c     lib_UARTisrmanagement.obj (.text:UART7_ISR_Handle)
                  000017ec    00000004     --HOLE-- [fill = 0]
                  000017f0    00000028     lib_TIMERisrmanagement.obj (.text:TIMER0A_ISR_Handle)
                  00001818    00000028     lib_TIMERisrmanagement.obj (.text:TIMER0B_ISR_Handle)
                  00001840    00000028     lib_UARTisrmanagement.obj (.text:UART4_ISR_Handle)
                  00001868    00000028     uart.obj (.text:UARTDisable)
                  00001890    00000024     lib_timer.obj (.text:LIB_TIMER_SetFreq)
                  000018b4    00000004     --HOLE-- [fill = 0]
                  000018b8    00000020     lib_gpio.obj (.text:LIB_GPIO_WritePin)
                  000018d8    0000001c     lib_clock.obj (.text:LIB_CLOCK_MainClockSet)
                  000018f4    00000004     --HOLE-- [fill = 0]
                  000018f8    0000001c     lib_clock.obj (.text:LIB_CLOCK_PeripheralClockEnable)
                  00001914    00000004     --HOLE-- [fill = 0]
                  00001918    00000016     gpio.obj (.text:GPIOPinTypeUART)
                  0000192e    00000002     --HOLE-- [fill = 0]
                  00001930    00000014     uart.obj (.text:UARTEnable)
                  00001944    00000004     --HOLE-- [fill = 0]
                  00001948    00000012     interrupt.obj (.text:IntMasterEnable)
                  0000195a    00000006     --HOLE-- [fill = 0]
                  00001960    00000012     lib_gpio.obj (.text:LIB_GPIO_TogglePin)
                  00001972    00000006     --HOLE-- [fill = 0]
                  00001978    00000012     lib_TIMERisrmanagement.obj (.text:LIB_ISR_TIMERRegister)
                  0000198a    00000006     --HOLE-- [fill = 0]
                  00001990    00000012     lib_timer.obj (.text:LIB_TIMER_IntEnable)
                  000019a2    00000006     --HOLE-- [fill = 0]
                  000019a8    00000012     timer.obj (.text:TimerLoadSet)
                  000019ba    00000006     --HOLE-- [fill = 0]
                  000019c0    0000000e     gpio.obj (.text:GPIOIntStatus)
                  000019ce    00000002     --HOLE-- [fill = 0]
                  000019d0    0000000e     lib_UARTisrmanagement.obj (.text:LIB_ISR_UARTRegister)
                  000019de    00000002     --HOLE-- [fill = 0]
                  000019e0    0000000e     timer.obj (.text:TimerEnable)
                  000019ee    0000000e     rtsv7M4_T_le_v4SPD16_eabi.lib : copy_decompress_none.c.obj (.text:decompress:none:__TI_decompress_none)
                  000019fc    00000004     --HOLE-- [fill = 0]
                  00001a00    0000000c     cpu.obj (.text:CPUcpsie)
                  00001a0c    00000004     --HOLE-- [fill = 0]
                  00001a10    0000000a     timer.obj (.text:TimerIntStatus)
                  00001a1a    00000006     --HOLE-- [fill = 0]
                  00001a20    0000000a     uart.obj (.text:UARTFIFODisable)
                  00001a2a    00000006     --HOLE-- [fill = 0]
                  00001a30    0000000a     uart.obj (.text:UARTIntStatus)
                  00001a3a    00000006     --HOLE-- [fill = 0]
                  00001a40    00000008     timer.obj (.text:TimerIntEnable)
                  00001a48    00000008     uart.obj (.text:UARTIntEnable)
                  00001a50    00000006     gpio.obj (.text:GPIOIntClear)
                  00001a56    00000002     --HOLE-- [fill = 0]
                  00001a58    00000006     startup_ccs.obj (.text:ResetISR)
                  00001a5e    00000002     --HOLE-- [fill = 0]
                  00001a60    00000004     timer.obj (.text:TimerIntClear)
                  00001a64    00000004     --HOLE-- [fill = 0]
                  00001a68    00000004     uart.obj (.text:UARTIntClear)
                  00001a6c    00000004     --HOLE-- [fill = 0]
                  00001a70    00000002     startup_ccs.obj (.text:FaultISR)
                  00001a72    00000006     --HOLE-- [fill = 0]
                  00001a78    00000002     startup_ccs.obj (.text:IntDefaultHandler)
                  00001a7a    00000006     --HOLE-- [fill = 0]
                  00001a80    00000002     startup_ccs.obj (.text:NmiSR)
                  00001a82    00000006     --HOLE-- [fill = 0]
                  00001a88    00000002     lib_EXTIisrmanagement.obj (.text:__nop)

.const     0    00001a8c    00000148     
                  00001a8c    00000090     gpio.obj (.const:g_pui32GPIOBaseAddrs)
                  00001b1c    0000006c     sysctl.obj (.const:g_pui32Xtals)
                  00001b88    00000020     lib_uart.obj (.const:$P$T0$1)
                  00001ba8    00000018     lib_timer.obj (.const:$P$T0$1)
                  00001bc0    00000014     interrupt.obj (.const:g_pui32EnRegs)

.cinit     0    00001bd8    00000024     
                  00001bd8    00000011     (.cinit..data.load) [load image, compression = lzss]
                  00001be9    00000003     --HOLE-- [fill = 0]
                  00001bec    00000008     (__TI_handler_table)
                  00001bf4    00000008     (__TI_cinit_table)

.init_array 
*          0    00000000    00000000     UNINITIALIZED

.data      0    20000200    00000116     UNINITIALIZED
                  20000200    000000c0     lib_EXTIisrmanagement.obj (.data:ExtiIsrHandleTable)
                  200002c0    00000030     lib_TIMERisrmanagement.obj (.data:TimerIsrHandleTable)
                  200002f0    00000020     lib_UARTisrmanagement.obj (.data:UartIsrHandleTable)
                  20000310    00000004     lib_clock.obj (.data)
                  20000314    00000002     blinky.obj (.data)

.stack     0    20000000    00000200     UNINITIALIZED
                  20000000    00000004     rtsv7M4_T_le_v4SPD16_eabi.lib : boot_cortex_m.c.obj (.stack)
                  20000004    000001fc     --HOLE--

.binit     0    00000000    00000000     

MODULE SUMMARY

       Module                       code   ro data   rw data
       ------                       ----   -------   -------
    .\
       startup_ccs.obj              12     620       0      
       blinky.obj                   202    0         2      
    +--+----------------------------+------+---------+---------+
       Total:                       214    620       2      
                                                            
    .\EK-TM4C123GXL_LIB\clock\
       lib_clock.obj                56     0         4      
    +--+----------------------------+------+---------+---------+
       Total:                       56     0         4      
                                                            
    .\EK-TM4C123GXL_LIB\gpio\
       lib_gpio.obj                 234    0         0      
    +--+----------------------------+------+---------+---------+
       Total:                       234    0         0      
                                                            
    .\EK-TM4C123GXL_LIB\isr_anagement\
       lib_EXTIisrmanagement.obj    966    0         192    
       lib_TIMERisrmanagement.obj   538    0         48     
       lib_UARTisrmanagement.obj    362    0         32     
    +--+----------------------------+------+---------+---------+
       Total:                       1866   0         272    
                                                            
    .\EK-TM4C123GXL_LIB\timer\
       lib_timer.obj                166    24        0      
    +--+----------------------------+------+---------+---------+
       Total:                       166    24        0      
                                                            
    .\EK-TM4C123GXL_LIB\uart\
       lib_uart.obj                 856    32        0      
    +--+----------------------------+------+---------+---------+
       Total:                       856    32        0      
                                                            
    .\driverlib\
       sysctl.obj                   876    108       0      
       gpio.obj                     762    144       0      
       interrupt.obj                164    20        0      
       timer.obj                    166    0         0      
       uart.obj                     164    0         0      
       cpu.obj                      12     0         0      
    +--+----------------------------+------+---------+---------+
       Total:                       2144   272       0      
                                                            
    C:\ti\ccs1220\ccs\tools\compiler\ti-cgt-arm_18.12.8.LTS\lib\rtsv7M4_T_le_v4SPD16_eabi.lib
       memcpy_t2.asm.obj            156    0         0      
       copy_decompress_lzss.c.obj   104    0         0      
       autoinit.c.obj               68     0         0      
       boot_cortex_m.c.obj          52     0         0      
       copy_decompress_none.c.obj   14     0         0      
       exit.c.obj                   4      0         0      
       pre_init.c.obj               4      0         0      
    +--+----------------------------+------+---------+---------+
       Total:                       402    0         0      
                                                            
       Stack:                       0      0         512    
       Linker Generated:            0      33        0      
    +--+----------------------------+------+---------+---------+
       Grand Total:                 5938   981       790    


LINKER GENERATED COPY TABLES

__TI_cinit_table @ 00001bf4 records: 1, size/record: 8, table size: 8
	.data: load addr=00001bd8, load size=00000011 bytes, run addr=20000200, run size=00000116 bytes, compression=lzss


LINKER GENERATED HANDLER TABLE

__TI_handler_table @ 00001bec records: 2, size/record: 4, table size: 8
	index: 0, handler: __TI_decompress_lzss
	index: 1, handler: __TI_decompress_none


GLOBAL SYMBOLS: SORTED ALPHABETICALLY BY Name 

address   name                           
-------   ----                           
00000b0d  C$$EXIT                        
20000310  CPU_F                          
00001a01  CPUcpsie                       
20000200  ExtiIsrHandleTable             
00000fa9  GPIOA_ISR_Handle               
00000bc9  GPIOB_ISR_Handle               
00000c71  GPIOC_ISR_Handle               
00000d19  GPIOD_ISR_Handle               
00001491  GPIODirModeSet                 
00000dc1  GPIOE_ISR_Handle               
00000e69  GPIOF_ISR_Handle               
00001a51  GPIOIntClear                   
000019c1  GPIOIntStatus                  
000005c9  GPIOPadConfigSet               
000012b1  GPIOPinConfigure               
00001919  GPIOPinTypeUART                
00001049  IntEnable                      
00001949  IntMasterEnable                
000018d9  LIB_CLOCK_MainClockSet         
000018f9  LIB_CLOCK_PeripheralClockEnable
00000b11  LIB_GPIO_Init                  
00001961  LIB_GPIO_TogglePin             
000018b9  LIB_GPIO_WritePin              
00001979  LIB_ISR_TIMERRegister          
000019d1  LIB_ISR_UARTRegister           
00001169  LIB_TIMER_InitCycle            
00001991  LIB_TIMER_IntEnable            
00001891  LIB_TIMER_SetFreq              
00000271  LIB_UART_Init                  
000019d1  LIB_UART_UartIsrSet            
00001a59  ResetISR                       
00000811  SysCtlClockGet                 
000009a9  SysCtlClockSet                 
00000c6b  SysCtlDelay                    
00001429  SysCtlPeripheralEnable         
000013e9  SysCtlPeripheralReady          
000017f1  TIMER0A_ISR_Handle             
00001819  TIMER0B_ISR_Handle             
000014c1  TIMER1A_ISR_Handle             
000014f1  TIMER1B_ISR_Handle             
00001521  TIMER2A_ISR_Handle             
00001551  TIMER2B_ISR_Handle             
00001581  TIMER3A_ISR_Handle             
000015b1  TIMER3B_ISR_Handle             
000015e1  TIMER4A_ISR_Handle             
00001611  TIMER4B_ISR_Handle             
00001641  TIMER5A_ISR_Handle             
00001671  TIMER5B_ISR_Handle             
000011d9  TimerConfigure                 
000019e1  TimerEnable                    
00001a61  TimerIntClear                  
00001a41  TimerIntEnable                 
00001a11  TimerIntStatus                 
200002c0  TimerIsrHandleTable            
000019a9  TimerLoadSet                   
000016a1  UART0_ISR_Handle               
000016d1  UART1_ISR_Handle               
00001701  UART2_ISR_Handle               
00001731  UART3_ISR_Handle               
00001841  UART4_ISR_Handle               
00001761  UART5_ISR_Handle               
00001791  UART6_ISR_Handle               
000017c1  UART7_ISR_Handle               
00001311  UARTConfigSetExpClk            
00001869  UARTDisable                    
00001931  UARTEnable                     
00001a21  UARTFIFODisable                
00001a69  UARTIntClear                   
00001a49  UARTIntEnable                  
00001a31  UARTIntStatus                  
200002f0  UartIsrHandleTable             
20000200  __STACK_END                    
00000200  __STACK_SIZE                   
20000200  __STACK_TOP                    
00001bf4  __TI_CINIT_Base                
00001bfc  __TI_CINIT_Limit               
00001bec  __TI_Handler_Table_Base        
00001bf4  __TI_Handler_Table_Limit       
00001359  __TI_auto_init_nobinit_nopinit 
00001249  __TI_decompress_lzss           
000019ef  __TI_decompress_none           
ffffffff  __TI_pprof_out_hndl            
ffffffff  __TI_prof_data_size            
ffffffff  __TI_prof_data_start           
00000000  __TI_static_base__             
00000f0b  __aeabi_memcpy                 
00000f0b  __aeabi_memcpy4                
00000f0b  __aeabi_memcpy8                
ffffffff  __binit__                      
ffffffff  __c_args__                     
UNDEFED   __mpu_init                     
00001a89  __nop                          
20000000  __stack                        
0000145d  _c_int00_noargs                
UNDEFED   _system_post_cinit             
000009a5  _system_pre_init               
00000b0d  abort                          
ffffffff  binit                          
00000000  g_pfnVectors                   
000010e1  main                           
00000f0b  memcpy                         
000013a1  toggle                         


GLOBAL SYMBOLS: SORTED BY Symbol Address 

address   name                           
-------   ----                           
00000000  __TI_static_base__             
00000000  g_pfnVectors                   
00000200  __STACK_SIZE                   
00000271  LIB_UART_Init                  
000005c9  GPIOPadConfigSet               
00000811  SysCtlClockGet                 
000009a5  _system_pre_init               
000009a9  SysCtlClockSet                 
00000b0d  C$$EXIT                        
00000b0d  abort                          
00000b11  LIB_GPIO_Init                  
00000bc9  GPIOB_ISR_Handle               
00000c6b  SysCtlDelay                    
00000c71  GPIOC_ISR_Handle               
00000d19  GPIOD_ISR_Handle               
00000dc1  GPIOE_ISR_Handle               
00000e69  GPIOF_ISR_Handle               
00000f0b  __aeabi_memcpy                 
00000f0b  __aeabi_memcpy4                
00000f0b  __aeabi_memcpy8                
00000f0b  memcpy                         
00000fa9  GPIOA_ISR_Handle               
00001049  IntEnable                      
000010e1  main                           
00001169  LIB_TIMER_InitCycle            
000011d9  TimerConfigure                 
00001249  __TI_decompress_lzss           
000012b1  GPIOPinConfigure               
00001311  UARTConfigSetExpClk            
00001359  __TI_auto_init_nobinit_nopinit 
000013a1  toggle                         
000013e9  SysCtlPeripheralReady          
00001429  SysCtlPeripheralEnable         
0000145d  _c_int00_noargs                
00001491  GPIODirModeSet                 
000014c1  TIMER1A_ISR_Handle             
000014f1  TIMER1B_ISR_Handle             
00001521  TIMER2A_ISR_Handle             
00001551  TIMER2B_ISR_Handle             
00001581  TIMER3A_ISR_Handle             
000015b1  TIMER3B_ISR_Handle             
000015e1  TIMER4A_ISR_Handle             
00001611  TIMER4B_ISR_Handle             
00001641  TIMER5A_ISR_Handle             
00001671  TIMER5B_ISR_Handle             
000016a1  UART0_ISR_Handle               
000016d1  UART1_ISR_Handle               
00001701  UART2_ISR_Handle               
00001731  UART3_ISR_Handle               
00001761  UART5_ISR_Handle               
00001791  UART6_ISR_Handle               
000017c1  UART7_ISR_Handle               
000017f1  TIMER0A_ISR_Handle             
00001819  TIMER0B_ISR_Handle             
00001841  UART4_ISR_Handle               
00001869  UARTDisable                    
00001891  LIB_TIMER_SetFreq              
000018b9  LIB_GPIO_WritePin              
000018d9  LIB_CLOCK_MainClockSet         
000018f9  LIB_CLOCK_PeripheralClockEnable
00001919  GPIOPinTypeUART                
00001931  UARTEnable                     
00001949  IntMasterEnable                
00001961  LIB_GPIO_TogglePin             
00001979  LIB_ISR_TIMERRegister          
00001991  LIB_TIMER_IntEnable            
000019a9  TimerLoadSet                   
000019c1  GPIOIntStatus                  
000019d1  LIB_ISR_UARTRegister           
000019d1  LIB_UART_UartIsrSet            
000019e1  TimerEnable                    
000019ef  __TI_decompress_none           
00001a01  CPUcpsie                       
00001a11  TimerIntStatus                 
00001a21  UARTFIFODisable                
00001a31  UARTIntStatus                  
00001a41  TimerIntEnable                 
00001a49  UARTIntEnable                  
00001a51  GPIOIntClear                   
00001a59  ResetISR                       
00001a61  TimerIntClear                  
00001a69  UARTIntClear                   
00001a89  __nop                          
00001bec  __TI_Handler_Table_Base        
00001bf4  __TI_CINIT_Base                
00001bf4  __TI_Handler_Table_Limit       
00001bfc  __TI_CINIT_Limit               
20000000  __stack                        
20000200  ExtiIsrHandleTable             
20000200  __STACK_END                    
20000200  __STACK_TOP                    
200002c0  TimerIsrHandleTable            
200002f0  UartIsrHandleTable             
20000310  CPU_F                          
ffffffff  __TI_pprof_out_hndl            
ffffffff  __TI_prof_data_size            
ffffffff  __TI_prof_data_start           
ffffffff  __binit__                      
ffffffff  __c_args__                     
ffffffff  binit                          
UNDEFED   __mpu_init                     
UNDEFED   _system_post_cinit             

[102 symbols]
