******************************************************************************
                  TI ARM Linker PC v20.2.7                     
******************************************************************************
>> Linked Fri May 19 17:55:14 2023

OUTPUT FILE NAME:   <EK-TM4C123GXL_LIB_TEST.out>
ENTRY POINT SYMBOL: "_c_int00_noargs"  address: 00000da1


MEMORY CONFIGURATION

         name            origin    length      used     unused   attr    fill
----------------------  --------  ---------  --------  --------  ----  --------
  FLASH                 00000000   00040000  00000fca  0003f036  R  X
  SRAM                  20000000   00008000  000002c4  00007d3c  RW X


SEGMENT ALLOCATION MAP

run origin  load origin   length   init length attrs members
----------  ----------- ---------- ----------- ----- -------
00000000    00000000    00000fd0   00000fd0    r-x
  00000000    00000000    0000026c   0000026c    r-- .intvecs
  0000026c    0000026c    00000c76   00000c76    r-x .text
  00000ee4    00000ee4    000000c8   000000c8    r-- .const
  00000fb0    00000fb0    00000020   00000020    r-- .cinit
20000000    20000000    000002c4   00000000    rw-
  20000000    20000000    00000200   00000000    rw- .stack
  20000200    20000200    000000c4   00000000    rw- .data


SECTION ALLOCATION MAP

 output                                  attributes/
section   page    origin      length       input sections
--------  ----  ----------  ----------   ----------------
.intvecs   0    00000000    0000026c     
                  00000000    0000026c     startup_ccs.obj (.intvecs)

.text      0    0000026c    00000c76     
                  0000026c    0000016c     gpio.obj (.text:GPIOPadConfigSet)
                  000003d8    00000118     sysctl.obj (.text:SysCtlClockGet)
                  000004f0    000000f4     sysctl.obj (.text:SysCtlClockSet)
                  000005e4    000000c8     lib_gpio.obj (.text:LIB_GPIO_Init)
                  000006ac    000000c0     lib_gpio.obj (.text:LIB_GPIO_ExtiInit)
                  0000076c    0000009c     rtsv7M4_T_le_v4SPD16_eabi.lib : memcpy_t2.asm.obj (.text)
                  00000808    00000084     lib_isrmanagement.obj (.text:GPIOB_ISR_Handle)
                  0000088c    00000084     lib_isrmanagement.obj (.text:GPIOC_ISR_Handle)
                  00000910    00000084     lib_isrmanagement.obj (.text:GPIOD_ISR_Handle)
                  00000994    00000084     lib_isrmanagement.obj (.text:GPIOE_ISR_Handle)
                  00000a18    00000080     lib_isrmanagement.obj (.text:GPIOA_ISR_Handle)
                  00000a98    00000080     lib_isrmanagement.obj (.text:GPIOF_ISR_Handle)
                  00000b18    00000070     blinky.obj (.text:main)
                  00000b88    00000068     interrupt.obj (.text:IntEnable)
                  00000bf0    00000068     rtsv7M4_T_le_v4SPD16_eabi.lib : copy_decompress_lzss.c.obj (.text:decompress:lzss:__TI_decompress_lzss)
                  00000c58    00000058     gpio.obj (.text:GPIOIntTypeSet)
                  00000cb0    00000044     rtsv7M4_T_le_v4SPD16_eabi.lib : autoinit.c.obj (.text:__TI_auto_init_nobinit_nopinit:__TI_auto_init_nobinit_nopinit)
                  00000cf4    00000040     blinky.obj (.text:toggle)
                  00000d34    00000038     sysctl.obj (.text:SysCtlPeripheralReady)
                  00000d6c    00000034     sysctl.obj (.text:SysCtlPeripheralEnable)
                  00000da0    00000034     rtsv7M4_T_le_v4SPD16_eabi.lib : boot_cortex_m.c.obj (.text:_c_int00_noargs:_c_int00_noargs)
                  00000dd4    00000026     lib_gpio.obj (.text:LIB_GPIO_WritePin)
                  00000dfa    00000002     startup_ccs.obj (.text:FaultISR)
                  00000dfc    0000001c     lib_clock.obj (.text:LIB_CLOCK_MainClockSet)
                  00000e18    0000001c     sysctl.obj (.text:SysCtlGPIOAHBEnable)
                  00000e34    00000014     lib_clock.obj (.text:LIB_CLOCK_PeripheralClockEnable)
                  00000e48    00000014     lib_isrmanagement.obj (.text:LIB_ISR_GPIOEXTIRegister)
                  00000e5c    00000012     lib_gpio.obj (.text:LIB_GPIO_TogglePin)
                  00000e6e    00000010     interrupt.obj (.text:IntMasterEnable)
                  00000e7e    00000010     lib_gpio.obj (.text:LIB_GPIO_ReadPin)
                  00000e8e    0000000e     gpio.obj (.text:GPIOIntStatus)
                  00000e9c    0000000e     rtsv7M4_T_le_v4SPD16_eabi.lib : copy_decompress_none.c.obj (.text:decompress:none:__TI_decompress_none)
                  00000eaa    0000000c     cpu.obj (.text:CPUcpsie)
                  00000eb6    0000000c     gpio.obj (.text:GPIOIntEnable)
                  00000ec2    00000006     gpio.obj (.text:GPIOIntClear)
                  00000ec8    00000006     startup_ccs.obj (.text:ResetISR)
                  00000ece    00000006     sysctl.obj (.text:SysCtlDelay)
                  00000ed4    00000004     rtsv7M4_T_le_v4SPD16_eabi.lib : pre_init.c.obj (.text:_system_pre_init)
                  00000ed8    00000004                                   : exit.c.obj (.text:abort:abort)
                  00000edc    00000002     startup_ccs.obj (.text:IntDefaultHandler)
                  00000ede    00000002     startup_ccs.obj (.text:NmiSR)
                  00000ee0    00000002     lib_isrmanagement.obj (.text:__nop)

.const     0    00000ee4    000000c8     
                  00000ee4    0000006c     sysctl.obj (.const:g_pui32Xtals)
                  00000f50    00000018     lib_gpio.obj (.const:$P$T0$1)
                  00000f68    00000018     lib_gpio.obj (.const:$P$T1$2)
                  00000f80    00000018     lib_gpio.obj (.const:$P$T2$3)
                  00000f98    00000014     interrupt.obj (.const:g_pui32EnRegs)

.cinit     0    00000fb0    00000020     
                  00000fb0    0000000e     (.cinit..data.load) [load image, compression = lzss]
                  00000fbe    00000002     --HOLE-- [fill = 0]
                  00000fc0    00000008     (__TI_handler_table)
                  00000fc8    00000008     (__TI_cinit_table)

.init_array 
*          0    00000000    00000000     UNINITIALIZED

.data      0    20000200    000000c4     UNINITIALIZED
                  20000200    000000c0     lib_isrmanagement.obj (.data:ExtiIsrHandleTable)
                  200002c0    00000004     lib_clock.obj (.data)

.stack     0    20000000    00000200     UNINITIALIZED
                  20000000    00000004     rtsv7M4_T_le_v4SPD16_eabi.lib : boot_cortex_m.c.obj (.stack)
                  20000004    000001fc     --HOLE--

__llvm_prf_cnts 
*          0    20000000    00000000     UNINITIALIZED

.binit     0    00000000    00000000     

MODULE SUMMARY

       Module                       code   ro data   rw data
       ------                       ----   -------   -------
    .\
       startup_ccs.obj              12     620       0      
       blinky.obj                   176    0         0      
    +--+----------------------------+------+---------+---------+
       Total:                       188    620       0      
                                                            
    .\EK-TM4C123GXL_LIB\clock\
       lib_clock.obj                48     0         4      
    +--+----------------------------+------+---------+---------+
       Total:                       48     0         4      
                                                            
    .\EK-TM4C123GXL_LIB\gpio\
       lib_gpio.obj                 464    72        0      
    +--+----------------------------+------+---------+---------+
       Total:                       464    72        0      
                                                            
    .\EK-TM4C123GXL_LIB\isr_anagement\
       lib_isrmanagement.obj        806    0         192    
    +--+----------------------------+------+---------+---------+
       Total:                       806    0         192    
                                                            
    .\driverlib\
       sysctl.obj                   666    108       0      
       gpio.obj                     484    0         0      
       interrupt.obj                120    20        0      
       cpu.obj                      12     0         0      
    +--+----------------------------+------+---------+---------+
       Total:                       1282   128       0      
                                                            
    C:\ti\ccs1220\ccs\tools\compiler\ti-cgt-arm_20.2.7.LTS\lib\rtsv7M4_T_le_v4SPD16_eabi.lib
       memcpy_t2.asm.obj            156    0         0      
       copy_decompress_lzss.c.obj   104    0         0      
       autoinit.c.obj               68     0         0      
       boot_cortex_m.c.obj          52     0         0      
       copy_decompress_none.c.obj   14     0         0      
       exit.c.obj                   4      0         0      
       pre_init.c.obj               4      0         0      
    +--+----------------------------+------+---------+---------+
       Total:                       402    0         0      
                                                            
       Stack:                       0      0         512    
       Linker Generated:            0      30        0      
    +--+----------------------------+------+---------+---------+
       Grand Total:                 3190   850       708    


LINKER GENERATED COPY TABLES

__TI_cinit_table @ 00000fc8 records: 1, size/record: 8, table size: 8
	.data: load addr=00000fb0, load size=0000000e bytes, run addr=20000200, run size=000000c4 bytes, compression=lzss


LINKER GENERATED HANDLER TABLE

__TI_handler_table @ 00000fc0 records: 2, size/record: 4, table size: 8
	index: 0, handler: __TI_decompress_lzss
	index: 1, handler: __TI_decompress_none


GLOBAL SYMBOLS: SORTED ALPHABETICALLY BY Name 

address   name                           
-------   ----                           
00000ed9  C$$EXIT                        
200002c0  CPU_F                          
00000eab  CPUcpsie                       
20000200  ExtiIsrHandleTable             
00000a19  GPIOA_ISR_Handle               
00000809  GPIOB_ISR_Handle               
0000088d  GPIOC_ISR_Handle               
00000911  GPIOD_ISR_Handle               
00000995  GPIOE_ISR_Handle               
00000a99  GPIOF_ISR_Handle               
00000ec3  GPIOIntClear                   
00000eb7  GPIOIntEnable                  
00000e8f  GPIOIntStatus                  
00000c59  GPIOIntTypeSet                 
0000026d  GPIOPadConfigSet               
00000b89  IntEnable                      
00000e6f  IntMasterEnable                
00000dfd  LIB_CLOCK_MainClockSet         
00000e35  LIB_CLOCK_PeripheralClockEnable
000006ad  LIB_GPIO_ExtiInit              
000005e5  LIB_GPIO_Init                  
00000e7f  LIB_GPIO_ReadPin               
00000e5d  LIB_GPIO_TogglePin             
00000dd5  LIB_GPIO_WritePin              
00000e49  LIB_ISR_GPIOEXTIRegister       
00000ec9  ResetISR                       
000003d9  SysCtlClockGet                 
000004f1  SysCtlClockSet                 
00000ecf  SysCtlDelay                    
00000e19  SysCtlGPIOAHBEnable            
00000d6d  SysCtlPeripheralEnable         
00000d35  SysCtlPeripheralReady          
20000200  __STACK_END                    
00000200  __STACK_SIZE                   
20000200  __STACK_TOP                    
00000fc8  __TI_CINIT_Base                
00000fd0  __TI_CINIT_Limit               
00000fc0  __TI_Handler_Table_Base        
00000fc8  __TI_Handler_Table_Limit       
00000cb1  __TI_auto_init_nobinit_nopinit 
00000bf1  __TI_decompress_lzss           
00000e9d  __TI_decompress_none           
ffffffff  __TI_pprof_out_hndl            
ffffffff  __TI_prof_data_size            
ffffffff  __TI_prof_data_start           
00000000  __TI_static_base__             
0000076d  __aeabi_memcpy                 
0000076d  __aeabi_memcpy4                
0000076d  __aeabi_memcpy8                
ffffffff  __binit__                      
ffffffff  __c_args__                     
UNDEFED   __mpu_init                     
00000ee1  __nop                          
20000000  __stack                        
20000000  __start___llvm_prf_cnts        
20000000  __stop___llvm_prf_cnts         
00000da1  _c_int00_noargs                
UNDEFED   _system_post_cinit             
00000ed5  _system_pre_init               
00000ed9  abort                          
ffffffff  binit                          
00000000  g_pfnVectors                   
00000b19  main                           
0000076d  memcpy                         
00000cf5  toggle                         


GLOBAL SYMBOLS: SORTED BY Symbol Address 

address   name                           
-------   ----                           
00000000  __TI_static_base__             
00000000  g_pfnVectors                   
00000200  __STACK_SIZE                   
0000026d  GPIOPadConfigSet               
000003d9  SysCtlClockGet                 
000004f1  SysCtlClockSet                 
000005e5  LIB_GPIO_Init                  
000006ad  LIB_GPIO_ExtiInit              
0000076d  __aeabi_memcpy                 
0000076d  __aeabi_memcpy4                
0000076d  __aeabi_memcpy8                
0000076d  memcpy                         
00000809  GPIOB_ISR_Handle               
0000088d  GPIOC_ISR_Handle               
00000911  GPIOD_ISR_Handle               
00000995  GPIOE_ISR_Handle               
00000a19  GPIOA_ISR_Handle               
00000a99  GPIOF_ISR_Handle               
00000b19  main                           
00000b89  IntEnable                      
00000bf1  __TI_decompress_lzss           
00000c59  GPIOIntTypeSet                 
00000cb1  __TI_auto_init_nobinit_nopinit 
00000cf5  toggle                         
00000d35  SysCtlPeripheralReady          
00000d6d  SysCtlPeripheralEnable         
00000da1  _c_int00_noargs                
00000dd5  LIB_GPIO_WritePin              
00000dfd  LIB_CLOCK_MainClockSet         
00000e19  SysCtlGPIOAHBEnable            
00000e35  LIB_CLOCK_PeripheralClockEnable
00000e49  LIB_ISR_GPIOEXTIRegister       
00000e5d  LIB_GPIO_TogglePin             
00000e6f  IntMasterEnable                
00000e7f  LIB_GPIO_ReadPin               
00000e8f  GPIOIntStatus                  
00000e9d  __TI_decompress_none           
00000eab  CPUcpsie                       
00000eb7  GPIOIntEnable                  
00000ec3  GPIOIntClear                   
00000ec9  ResetISR                       
00000ecf  SysCtlDelay                    
00000ed5  _system_pre_init               
00000ed9  C$$EXIT                        
00000ed9  abort                          
00000ee1  __nop                          
00000fc0  __TI_Handler_Table_Base        
00000fc8  __TI_CINIT_Base                
00000fc8  __TI_Handler_Table_Limit       
00000fd0  __TI_CINIT_Limit               
20000000  __stack                        
20000000  __start___llvm_prf_cnts        
20000000  __stop___llvm_prf_cnts         
20000200  ExtiIsrHandleTable             
20000200  __STACK_END                    
20000200  __STACK_TOP                    
200002c0  CPU_F                          
ffffffff  __TI_pprof_out_hndl            
ffffffff  __TI_prof_data_size            
ffffffff  __TI_prof_data_start           
ffffffff  __binit__                      
ffffffff  __c_args__                     
ffffffff  binit                          
UNDEFED   __mpu_init                     
UNDEFED   _system_post_cinit             

[65 symbols]
