******************************************************************************
                  TI ARM Linker PC v18.12.8                    
******************************************************************************
>> Linked Tue May 23 18:14:25 2023

OUTPUT FILE NAME:   <EK-TM4C123GXL_LIB_TEST.out>
ENTRY POINT SYMBOL: "_c_int00_noargs"  address: 00001485


MEMORY CONFIGURATION

         name            origin    length      used     unused   attr    fill
----------------------  --------  ---------  --------  --------  ----  --------
  FLASH                 00000000   00040000  00001c0e  0003e3f2  R  X
  SRAM                  20000000   00008000  00000314  00007cec  RW X


SEGMENT ALLOCATION MAP

run origin  load origin   length   init length attrs members
----------  ----------- ---------- ----------- ----- -------
00000000    00000000    00001c18   00001c18    r-x
  00000000    00000000    0000026c   0000026c    r-- .intvecs
  00000270    00000270    00001852   00001852    r-x .text
  00001ac4    00001ac4    00000130   00000130    r-- .const
  00001bf8    00001bf8    00000020   00000020    r-- .cinit
20000000    20000000    00000314   00000000    rw-
  20000000    20000000    00000200   00000000    rw- .stack
  20000200    20000200    00000114   00000000    rw- .data


SECTION ALLOCATION MAP

 output                                  attributes/
section   page    origin      length       input sections
--------  ----  ----------  ----------   ----------------
.intvecs   0    00000000    0000026c     
                  00000000    0000026c     startup_ccs.obj (.intvecs)

.text      0    00000270    00001852     
                  00000270    00000358     lib_uart.obj (.text:LIB_UART_Init)
                  000005c8    00000248     gpio.obj (.text:GPIOPadConfigSet)
                  00000810    00000194     sysctl.obj (.text:SysCtlClockGet)
                  000009a4    00000004     rtsv7M4_T_le_v4SPD16_eabi.lib : pre_init.c.obj (.text:_system_pre_init)
                  000009a8    00000164     sysctl.obj (.text:SysCtlClockSet)
                  00000b0c    00000004     rtsv7M4_T_le_v4SPD16_eabi.lib : exit.c.obj (.text:abort:abort)
                  00000b10    000000fc     lib_gpio.obj (.text:LIB_GPIO_Init)
                  00000c0c    00000004     --HOLE-- [fill = 0]
                  00000c10    000000a2     lib_EXTIisrmanagement.obj (.text:GPIOA_ISR_Handle)
                  00000cb2    00000006     sysctl.obj (.text:SysCtlDelay)
                  00000cb8    000000a2     lib_EXTIisrmanagement.obj (.text:GPIOB_ISR_Handle)
                  00000d5a    00000006     --HOLE-- [fill = 0]
                  00000d60    000000a2     lib_EXTIisrmanagement.obj (.text:GPIOC_ISR_Handle)
                  00000e02    00000006     --HOLE-- [fill = 0]
                  00000e08    000000a2     lib_EXTIisrmanagement.obj (.text:GPIOD_ISR_Handle)
                  00000eaa    00000006     --HOLE-- [fill = 0]
                  00000eb0    000000a2     lib_EXTIisrmanagement.obj (.text:GPIOE_ISR_Handle)
                  00000f52    00000006     --HOLE-- [fill = 0]
                  00000f58    000000a2     lib_EXTIisrmanagement.obj (.text:GPIOF_ISR_Handle)
                  00000ffa    0000009c     rtsv7M4_T_le_v4SPD16_eabi.lib : memcpy_t2.asm.obj (.text)
                  00001096    00000002     --HOLE-- [fill = 0]
                  00001098    00000092     interrupt.obj (.text:IntEnable)
                  0000112a    00000006     --HOLE-- [fill = 0]
                  00001130    00000070     timer.obj (.text:TimerConfigure)
                  000011a0    0000006e     blinky.obj (.text:main)
                  0000120e    00000068     rtsv7M4_T_le_v4SPD16_eabi.lib : copy_decompress_lzss.c.obj (.text:decompress:lzss:__TI_decompress_lzss)
                  00001276    00000002     --HOLE-- [fill = 0]
                  00001278    00000062     lib_timer.obj (.text:LIB_TIMER_Init)
                  000012da    00000006     --HOLE-- [fill = 0]
                  000012e0    0000005c     gpio.obj (.text:GPIOPinConfigure)
                  0000133c    00000004     --HOLE-- [fill = 0]
                  00001340    00000048     uart.obj (.text:UARTConfigSetExpClk)
                  00001388    00000044     rtsv7M4_T_le_v4SPD16_eabi.lib : autoinit.c.obj (.text:__TI_auto_init_nobinit_nopinit:__TI_auto_init_nobinit_nopinit)
                  000013cc    00000004     --HOLE-- [fill = 0]
                  000013d0    0000003a     sysctl.obj (.text:SysCtlPeripheralReady)
                  0000140a    00000006     --HOLE-- [fill = 0]
                  00001410    0000003a     blinky.obj (.text:toggle)
                  0000144a    00000006     --HOLE-- [fill = 0]
                  00001450    00000034     sysctl.obj (.text:SysCtlPeripheralEnable)
                  00001484    00000034     rtsv7M4_T_le_v4SPD16_eabi.lib : boot_cortex_m.c.obj (.text:_c_int00_noargs:_c_int00_noargs)
                  000014b8    0000002c     gpio.obj (.text:GPIODirModeSet)
                  000014e4    00000004     --HOLE-- [fill = 0]
                  000014e8    0000002c     lib_TIMERisrmanagement.obj (.text:TIMER1A_ISR_Handle)
                  00001514    00000004     --HOLE-- [fill = 0]
                  00001518    0000002c     lib_TIMERisrmanagement.obj (.text:TIMER1B_ISR_Handle)
                  00001544    00000004     --HOLE-- [fill = 0]
                  00001548    0000002c     lib_TIMERisrmanagement.obj (.text:TIMER2A_ISR_Handle)
                  00001574    00000004     --HOLE-- [fill = 0]
                  00001578    0000002c     lib_TIMERisrmanagement.obj (.text:TIMER2B_ISR_Handle)
                  000015a4    00000004     --HOLE-- [fill = 0]
                  000015a8    0000002c     lib_TIMERisrmanagement.obj (.text:TIMER3A_ISR_Handle)
                  000015d4    00000004     --HOLE-- [fill = 0]
                  000015d8    0000002c     lib_TIMERisrmanagement.obj (.text:TIMER3B_ISR_Handle)
                  00001604    00000004     --HOLE-- [fill = 0]
                  00001608    0000002c     lib_TIMERisrmanagement.obj (.text:TIMER4A_ISR_Handle)
                  00001634    00000004     --HOLE-- [fill = 0]
                  00001638    0000002c     lib_TIMERisrmanagement.obj (.text:TIMER4B_ISR_Handle)
                  00001664    00000004     --HOLE-- [fill = 0]
                  00001668    0000002c     lib_TIMERisrmanagement.obj (.text:TIMER5A_ISR_Handle)
                  00001694    00000004     --HOLE-- [fill = 0]
                  00001698    0000002c     lib_TIMERisrmanagement.obj (.text:TIMER5B_ISR_Handle)
                  000016c4    00000004     --HOLE-- [fill = 0]
                  000016c8    0000002c     lib_UARTisrmanagement.obj (.text:UART0_ISR_Handle)
                  000016f4    00000004     --HOLE-- [fill = 0]
                  000016f8    0000002c     lib_UARTisrmanagement.obj (.text:UART1_ISR_Handle)
                  00001724    00000004     --HOLE-- [fill = 0]
                  00001728    0000002c     lib_UARTisrmanagement.obj (.text:UART2_ISR_Handle)
                  00001754    00000004     --HOLE-- [fill = 0]
                  00001758    0000002c     lib_UARTisrmanagement.obj (.text:UART3_ISR_Handle)
                  00001784    00000004     --HOLE-- [fill = 0]
                  00001788    0000002c     lib_UARTisrmanagement.obj (.text:UART5_ISR_Handle)
                  000017b4    00000004     --HOLE-- [fill = 0]
                  000017b8    0000002c     lib_UARTisrmanagement.obj (.text:UART6_ISR_Handle)
                  000017e4    00000004     --HOLE-- [fill = 0]
                  000017e8    0000002c     lib_UARTisrmanagement.obj (.text:UART7_ISR_Handle)
                  00001814    00000004     --HOLE-- [fill = 0]
                  00001818    00000028     lib_TIMERisrmanagement.obj (.text:TIMER0A_ISR_Handle)
                  00001840    00000028     lib_TIMERisrmanagement.obj (.text:TIMER0B_ISR_Handle)
                  00001868    00000028     lib_UARTisrmanagement.obj (.text:UART4_ISR_Handle)
                  00001890    00000028     uart.obj (.text:UARTDisable)
                  000018b8    00000020     lib_gpio.obj (.text:LIB_GPIO_WritePin)
                  000018d8    0000001c     lib_clock.obj (.text:LIB_CLOCK_MainClockSet)
                  000018f4    00000004     --HOLE-- [fill = 0]
                  000018f8    0000001c     lib_clock.obj (.text:LIB_CLOCK_PeripheralClockEnable)
                  00001914    00000004     --HOLE-- [fill = 0]
                  00001918    0000001a     sysctl.obj (.text:SysCtlGPIOAHBEnable)
                  00001932    00000006     --HOLE-- [fill = 0]
                  00001938    00000016     gpio.obj (.text:GPIOPinTypeUART)
                  0000194e    00000002     --HOLE-- [fill = 0]
                  00001950    00000014     uart.obj (.text:UARTEnable)
                  00001964    00000004     --HOLE-- [fill = 0]
                  00001968    00000012     interrupt.obj (.text:IntMasterEnable)
                  0000197a    00000006     --HOLE-- [fill = 0]
                  00001980    00000012     lib_gpio.obj (.text:LIB_GPIO_TogglePin)
                  00001992    00000006     --HOLE-- [fill = 0]
                  00001998    00000012     lib_TIMERisrmanagement.obj (.text:LIB_ISR_TIMERRegister)
                  000019aa    00000006     --HOLE-- [fill = 0]
                  000019b0    00000012     timer.obj (.text:TimerLoadSet)
                  000019c2    00000006     --HOLE-- [fill = 0]
                  000019c8    00000012     uart.obj (.text:UARTCharGet)
                  000019da    00000006     --HOLE-- [fill = 0]
                  000019e0    00000012     uart.obj (.text:UARTCharPut)
                  000019f2    00000006     --HOLE-- [fill = 0]
                  000019f8    0000000e     gpio.obj (.text:GPIOIntStatus)
                  00001a06    00000002     --HOLE-- [fill = 0]
                  00001a08    0000000e     lib_UARTisrmanagement.obj (.text:LIB_ISR_UARTRegister)
                  00001a16    00000002     --HOLE-- [fill = 0]
                  00001a18    0000000e     timer.obj (.text:TimerEnable)
                  00001a26    0000000e     rtsv7M4_T_le_v4SPD16_eabi.lib : copy_decompress_none.c.obj (.text:decompress:none:__TI_decompress_none)
                  00001a34    00000004     --HOLE-- [fill = 0]
                  00001a38    0000000c     cpu.obj (.text:CPUcpsie)
                  00001a44    00000004     --HOLE-- [fill = 0]
                  00001a48    0000000a     timer.obj (.text:TimerIntStatus)
                  00001a52    00000006     --HOLE-- [fill = 0]
                  00001a58    0000000a     uart.obj (.text:UARTFIFODisable)
                  00001a62    00000006     --HOLE-- [fill = 0]
                  00001a68    0000000a     uart.obj (.text:UARTIntStatus)
                  00001a72    00000006     --HOLE-- [fill = 0]
                  00001a78    00000008     timer.obj (.text:TimerIntEnable)
                  00001a80    00000008     uart.obj (.text:UARTIntEnable)
                  00001a88    00000006     gpio.obj (.text:GPIOIntClear)
                  00001a8e    00000002     --HOLE-- [fill = 0]
                  00001a90    00000006     startup_ccs.obj (.text:ResetISR)
                  00001a96    00000002     --HOLE-- [fill = 0]
                  00001a98    00000004     timer.obj (.text:TimerIntClear)
                  00001a9c    00000004     --HOLE-- [fill = 0]
                  00001aa0    00000004     uart.obj (.text:UARTIntClear)
                  00001aa4    00000004     --HOLE-- [fill = 0]
                  00001aa8    00000002     startup_ccs.obj (.text:FaultISR)
                  00001aaa    00000006     --HOLE-- [fill = 0]
                  00001ab0    00000002     startup_ccs.obj (.text:IntDefaultHandler)
                  00001ab2    00000006     --HOLE-- [fill = 0]
                  00001ab8    00000002     startup_ccs.obj (.text:NmiSR)
                  00001aba    00000006     --HOLE-- [fill = 0]
                  00001ac0    00000002     lib_EXTIisrmanagement.obj (.text:__nop)

.const     0    00001ac4    00000130     
                  00001ac4    00000090     gpio.obj (.const:g_pui32GPIOBaseAddrs)
                  00001b54    0000006c     sysctl.obj (.const:g_pui32Xtals)
                  00001bc0    00000020     lib_uart.obj (.const:$P$T0$1)
                  00001be0    00000014     interrupt.obj (.const:g_pui32EnRegs)

.cinit     0    00001bf8    00000020     
                  00001bf8    0000000e     (.cinit..data.load) [load image, compression = lzss]
                  00001c06    00000002     --HOLE-- [fill = 0]
                  00001c08    00000008     (__TI_handler_table)
                  00001c10    00000008     (__TI_cinit_table)

.init_array 
*          0    00000000    00000000     UNINITIALIZED

.data      0    20000200    00000114     UNINITIALIZED
                  20000200    000000c0     lib_EXTIisrmanagement.obj (.data:ExtiIsrHandleTable)
                  200002c0    00000030     lib_TIMERisrmanagement.obj (.data:TimerIsrHandleTable)
                  200002f0    00000020     lib_UARTisrmanagement.obj (.data:UartIsrHandleTable)
                  20000310    00000004     lib_clock.obj (.data)

.stack     0    20000000    00000200     UNINITIALIZED
                  20000000    00000004     rtsv7M4_T_le_v4SPD16_eabi.lib : boot_cortex_m.c.obj (.stack)
                  20000004    000001fc     --HOLE--

.binit     0    00000000    00000000     

MODULE SUMMARY

       Module                       code   ro data   rw data
       ------                       ----   -------   -------
    .\
       startup_ccs.obj              12     620       0      
       blinky.obj                   168    0         0      
    +--+----------------------------+------+---------+---------+
       Total:                       180    620       0      
                                                            
    .\EK-TM4C123GXL_LIB\clock\
       lib_clock.obj                56     0         4      
    +--+----------------------------+------+---------+---------+
       Total:                       56     0         4      
                                                            
    .\EK-TM4C123GXL_LIB\gpio\
       lib_gpio.obj                 302    0         0      
    +--+----------------------------+------+---------+---------+
       Total:                       302    0         0      
                                                            
    .\EK-TM4C123GXL_LIB\isr_anagement\
       lib_EXTIisrmanagement.obj    974    0         192    
       lib_TIMERisrmanagement.obj   538    0         48     
       lib_UARTisrmanagement.obj    362    0         32     
    +--+----------------------------+------+---------+---------+
       Total:                       1874   0         272    
                                                            
    .\EK-TM4C123GXL_LIB\timer\
       lib_timer.obj                98     0         0      
    +--+----------------------------+------+---------+---------+
       Total:                       98     0         0      
                                                            
    .\EK-TM4C123GXL_LIB\uart\
       lib_uart.obj                 856    32        0      
    +--+----------------------------+------+---------+---------+
       Total:                       856    32        0      
                                                            
    .\driverlib\
       sysctl.obj                   902    108       0      
       gpio.obj                     762    144       0      
       uart.obj                     200    0         0      
       interrupt.obj                164    20        0      
       timer.obj                    166    0         0      
       cpu.obj                      12     0         0      
    +--+----------------------------+------+---------+---------+
       Total:                       2206   272       0      
                                                            
    C:\ti\ccs1220\ccs\tools\compiler\ti-cgt-arm_18.12.8.LTS\lib\rtsv7M4_T_le_v4SPD16_eabi.lib
       memcpy_t2.asm.obj            156    0         0      
       copy_decompress_lzss.c.obj   104    0         0      
       autoinit.c.obj               68     0         0      
       boot_cortex_m.c.obj          52     0         0      
       copy_decompress_none.c.obj   14     0         0      
       exit.c.obj                   4      0         0      
       pre_init.c.obj               4      0         0      
    +--+----------------------------+------+---------+---------+
       Total:                       402    0         0      
                                                            
       Stack:                       0      0         512    
       Linker Generated:            0      30        0      
    +--+----------------------------+------+---------+---------+
       Grand Total:                 5974   954       788    


LINKER GENERATED COPY TABLES

__TI_cinit_table @ 00001c10 records: 1, size/record: 8, table size: 8
	.data: load addr=00001bf8, load size=0000000e bytes, run addr=20000200, run size=00000114 bytes, compression=lzss


LINKER GENERATED HANDLER TABLE

__TI_handler_table @ 00001c08 records: 2, size/record: 4, table size: 8
	index: 0, handler: __TI_decompress_lzss
	index: 1, handler: __TI_decompress_none


GLOBAL SYMBOLS: SORTED ALPHABETICALLY BY Name 

address   name                           
-------   ----                           
00000b0d  C$$EXIT                        
20000310  CPU_F                          
00001a39  CPUcpsie                       
20000200  ExtiIsrHandleTable             
00000c11  GPIOA_ISR_Handle               
00000cb9  GPIOB_ISR_Handle               
00000d61  GPIOC_ISR_Handle               
00000e09  GPIOD_ISR_Handle               
000014b9  GPIODirModeSet                 
00000eb1  GPIOE_ISR_Handle               
00000f59  GPIOF_ISR_Handle               
00001a89  GPIOIntClear                   
000019f9  GPIOIntStatus                  
000005c9  GPIOPadConfigSet               
000012e1  GPIOPinConfigure               
00001939  GPIOPinTypeUART                
00001099  IntEnable                      
00001969  IntMasterEnable                
000018d9  LIB_CLOCK_MainClockSet         
000018f9  LIB_CLOCK_PeripheralClockEnable
00000b11  LIB_GPIO_Init                  
00001981  LIB_GPIO_TogglePin             
000018b9  LIB_GPIO_WritePin              
00001999  LIB_ISR_TIMERRegister          
00001a09  LIB_ISR_UARTRegister           
00001279  LIB_TIMER_Init                 
00000271  LIB_UART_Init                  
00001a91  ResetISR                       
00000811  SysCtlClockGet                 
000009a9  SysCtlClockSet                 
00000cb3  SysCtlDelay                    
00001919  SysCtlGPIOAHBEnable            
00001451  SysCtlPeripheralEnable         
000013d1  SysCtlPeripheralReady          
00001819  TIMER0A_ISR_Handle             
00001841  TIMER0B_ISR_Handle             
000014e9  TIMER1A_ISR_Handle             
00001519  TIMER1B_ISR_Handle             
00001549  TIMER2A_ISR_Handle             
00001579  TIMER2B_ISR_Handle             
000015a9  TIMER3A_ISR_Handle             
000015d9  TIMER3B_ISR_Handle             
00001609  TIMER4A_ISR_Handle             
00001639  TIMER4B_ISR_Handle             
00001669  TIMER5A_ISR_Handle             
00001699  TIMER5B_ISR_Handle             
00001131  TimerConfigure                 
00001a19  TimerEnable                    
00001a99  TimerIntClear                  
00001a79  TimerIntEnable                 
00001a49  TimerIntStatus                 
200002c0  TimerIsrHandleTable            
000019b1  TimerLoadSet                   
000016c9  UART0_ISR_Handle               
000016f9  UART1_ISR_Handle               
00001729  UART2_ISR_Handle               
00001759  UART3_ISR_Handle               
00001869  UART4_ISR_Handle               
00001789  UART5_ISR_Handle               
000017b9  UART6_ISR_Handle               
000017e9  UART7_ISR_Handle               
000019c9  UARTCharGet                    
000019e1  UARTCharPut                    
00001341  UARTConfigSetExpClk            
00001891  UARTDisable                    
00001951  UARTEnable                     
00001a59  UARTFIFODisable                
00001aa1  UARTIntClear                   
00001a81  UARTIntEnable                  
00001a69  UARTIntStatus                  
200002f0  UartIsrHandleTable             
20000200  __STACK_END                    
00000200  __STACK_SIZE                   
20000200  __STACK_TOP                    
00001c10  __TI_CINIT_Base                
00001c18  __TI_CINIT_Limit               
00001c08  __TI_Handler_Table_Base        
00001c10  __TI_Handler_Table_Limit       
00001389  __TI_auto_init_nobinit_nopinit 
0000120f  __TI_decompress_lzss           
00001a27  __TI_decompress_none           
ffffffff  __TI_pprof_out_hndl            
ffffffff  __TI_prof_data_size            
ffffffff  __TI_prof_data_start           
00000000  __TI_static_base__             
00000ffb  __aeabi_memcpy                 
00000ffb  __aeabi_memcpy4                
00000ffb  __aeabi_memcpy8                
ffffffff  __binit__                      
ffffffff  __c_args__                     
UNDEFED   __mpu_init                     
00001ac1  __nop                          
20000000  __stack                        
00001485  _c_int00_noargs                
UNDEFED   _system_post_cinit             
000009a5  _system_pre_init               
00000b0d  abort                          
ffffffff  binit                          
00000000  g_pfnVectors                   
000011a1  main                           
00000ffb  memcpy                         
00001411  toggle                         


GLOBAL SYMBOLS: SORTED BY Symbol Address 

address   name                           
-------   ----                           
00000000  __TI_static_base__             
00000000  g_pfnVectors                   
00000200  __STACK_SIZE                   
00000271  LIB_UART_Init                  
000005c9  GPIOPadConfigSet               
00000811  SysCtlClockGet                 
000009a5  _system_pre_init               
000009a9  SysCtlClockSet                 
00000b0d  C$$EXIT                        
00000b0d  abort                          
00000b11  LIB_GPIO_Init                  
00000c11  GPIOA_ISR_Handle               
00000cb3  SysCtlDelay                    
00000cb9  GPIOB_ISR_Handle               
00000d61  GPIOC_ISR_Handle               
00000e09  GPIOD_ISR_Handle               
00000eb1  GPIOE_ISR_Handle               
00000f59  GPIOF_ISR_Handle               
00000ffb  __aeabi_memcpy                 
00000ffb  __aeabi_memcpy4                
00000ffb  __aeabi_memcpy8                
00000ffb  memcpy                         
00001099  IntEnable                      
00001131  TimerConfigure                 
000011a1  main                           
0000120f  __TI_decompress_lzss           
00001279  LIB_TIMER_Init                 
000012e1  GPIOPinConfigure               
00001341  UARTConfigSetExpClk            
00001389  __TI_auto_init_nobinit_nopinit 
000013d1  SysCtlPeripheralReady          
00001411  toggle                         
00001451  SysCtlPeripheralEnable         
00001485  _c_int00_noargs                
000014b9  GPIODirModeSet                 
000014e9  TIMER1A_ISR_Handle             
00001519  TIMER1B_ISR_Handle             
00001549  TIMER2A_ISR_Handle             
00001579  TIMER2B_ISR_Handle             
000015a9  TIMER3A_ISR_Handle             
000015d9  TIMER3B_ISR_Handle             
00001609  TIMER4A_ISR_Handle             
00001639  TIMER4B_ISR_Handle             
00001669  TIMER5A_ISR_Handle             
00001699  TIMER5B_ISR_Handle             
000016c9  UART0_ISR_Handle               
000016f9  UART1_ISR_Handle               
00001729  UART2_ISR_Handle               
00001759  UART3_ISR_Handle               
00001789  UART5_ISR_Handle               
000017b9  UART6_ISR_Handle               
000017e9  UART7_ISR_Handle               
00001819  TIMER0A_ISR_Handle             
00001841  TIMER0B_ISR_Handle             
00001869  UART4_ISR_Handle               
00001891  UARTDisable                    
000018b9  LIB_GPIO_WritePin              
000018d9  LIB_CLOCK_MainClockSet         
000018f9  LIB_CLOCK_PeripheralClockEnable
00001919  SysCtlGPIOAHBEnable            
00001939  GPIOPinTypeUART                
00001951  UARTEnable                     
00001969  IntMasterEnable                
00001981  LIB_GPIO_TogglePin             
00001999  LIB_ISR_TIMERRegister          
000019b1  TimerLoadSet                   
000019c9  UARTCharGet                    
000019e1  UARTCharPut                    
000019f9  GPIOIntStatus                  
00001a09  LIB_ISR_UARTRegister           
00001a19  TimerEnable                    
00001a27  __TI_decompress_none           
00001a39  CPUcpsie                       
00001a49  TimerIntStatus                 
00001a59  UARTFIFODisable                
00001a69  UARTIntStatus                  
00001a79  TimerIntEnable                 
00001a81  UARTIntEnable                  
00001a89  GPIOIntClear                   
00001a91  ResetISR                       
00001a99  TimerIntClear                  
00001aa1  UARTIntClear                   
00001ac1  __nop                          
00001c08  __TI_Handler_Table_Base        
00001c10  __TI_CINIT_Base                
00001c10  __TI_Handler_Table_Limit       
00001c18  __TI_CINIT_Limit               
20000000  __stack                        
20000200  ExtiIsrHandleTable             
20000200  __STACK_END                    
20000200  __STACK_TOP                    
200002c0  TimerIsrHandleTable            
200002f0  UartIsrHandleTable             
20000310  CPU_F                          
ffffffff  __TI_pprof_out_hndl            
ffffffff  __TI_prof_data_size            
ffffffff  __TI_prof_data_start           
ffffffff  __binit__                      
ffffffff  __c_args__                     
ffffffff  binit                          
UNDEFED   __mpu_init                     
UNDEFED   _system_post_cinit             

[102 symbols]
