******************************************************************************
                  TI ARM Linker PC v18.12.8                    
******************************************************************************
>> Linked Thu Jul 13 16:27:18 2023

OUTPUT FILE NAME:   <EK-TM4C123GXL_LIB_TEST.out>
ENTRY POINT SYMBOL: "_c_int00_noargs"  address: 000015dd


MEMORY CONFIGURATION

         name            origin    length      used     unused   attr    fill
----------------------  --------  ---------  --------  --------  ----  --------
  FLASH                 00000000   00040000  00001df6  0003e20a  R  X
  SRAM                  20000000   00008000  0000053c  00007ac4  RW X


SEGMENT ALLOCATION MAP

run origin  load origin   length   init length attrs members
----------  ----------- ---------- ----------- ----- -------
00000000    00000000    00001e00   00001e00    r-x
  00000000    00000000    0000026c   0000026c    r-- .intvecs
  00000270    00000270    000019c2   000019c2    r-x .text
  00001c34    00001c34    00000190   00000190    r-- .const
  00001dc8    00001dc8    00000038   00000038    r-- .cinit
20000000    20000000    0000053c   00000000    rw-
  20000000    20000000    00000400   00000000    rw- .stack
  20000400    20000400    00000124   00000000    rw- .data
  20000524    20000524    00000018   00000000    rw- .bss


SECTION ALLOCATION MAP

 output                                  attributes/
section   page    origin      length       input sections
--------  ----  ----------  ----------   ----------------
.intvecs   0    00000000    0000026c     
                  00000000    0000026c     startup_ccs.obj (.intvecs)

.text      0    00000270    000019c2     
                  00000270    0000031e     uartstdio.obj (.text:UARTvprintf)
                  0000058e    00000002     rtsv7M4_T_le_v4SPD16_eabi.lib : div0.asm.obj (.text)
                  00000590    00000248     gpio.obj (.text:GPIOPadConfigSet)
                  000007d8    00000194     sysctl.obj (.text:SysCtlClockGet)
                  0000096c    00000004     rtsv7M4_T_le_v4SPD16_eabi.lib : pre_init.c.obj (.text:_system_pre_init)
                  00000970    00000164     sysctl.obj (.text:SysCtlClockSet)
                  00000ad4    00000004     rtsv7M4_T_le_v4SPD16_eabi.lib : exit.c.obj (.text:abort:abort)
                  00000ad8    000000ae     lib_uart.obj (.text:LIB_UART_PrintfInit)
                  00000b86    00000002     --HOLE-- [fill = 0]
                  00000b88    000000a2     lib_EXTIisrmanagement.obj (.text:GPIOB_ISR_Handle)
                  00000c2a    00000006     sysctl.obj (.text:SysCtlDelay)
                  00000c30    000000a2     lib_EXTIisrmanagement.obj (.text:GPIOC_ISR_Handle)
                  00000cd2    00000006     --HOLE-- [fill = 0]
                  00000cd8    000000a2     lib_EXTIisrmanagement.obj (.text:GPIOD_ISR_Handle)
                  00000d7a    00000006     --HOLE-- [fill = 0]
                  00000d80    000000a2     lib_EXTIisrmanagement.obj (.text:GPIOE_ISR_Handle)
                  00000e22    00000006     --HOLE-- [fill = 0]
                  00000e28    000000a2     lib_EXTIisrmanagement.obj (.text:GPIOF_ISR_Handle)
                  00000eca    00000006     --HOLE-- [fill = 0]
                  00000ed0    000000a2     lib_i2c.obj (.text:LIB_I2C_Init)
                  00000f72    0000009c     rtsv7M4_T_le_v4SPD16_eabi.lib : memcpy_t2.asm.obj (.text)
                  0000100e    00000002     --HOLE-- [fill = 0]
                  00001010    0000009a     lib_EXTIisrmanagement.obj (.text:GPIOA_ISR_Handle)
                  000010aa    00000006     --HOLE-- [fill = 0]
                  000010b0    00000092     interrupt.obj (.text:IntEnable)
                  00001142    00000006     --HOLE-- [fill = 0]
                  00001148    00000078     lib_timer.obj (.text:LIB_TIMER_InitCycle)
                  000011c0    00000070     timer.obj (.text:TimerConfigure)
                  00001230    0000006e     main.obj (.text:main)
                  0000129e    00000002     --HOLE-- [fill = 0]
                  000012a0    00000068     uartstdio.obj (.text:UARTStdioConfig)
                  00001308    00000068     rtsv7M4_T_le_v4SPD16_eabi.lib : copy_decompress_lzss.c.obj (.text:decompress:lzss:__TI_decompress_lzss)
                  00001370    0000005e     i2c.obj (.text:I2CMasterInitExpClk)
                  000013ce    00000002     --HOLE-- [fill = 0]
                  000013d0    0000005c     gpio.obj (.text:GPIOPinConfigure)
                  0000142c    00000004     --HOLE-- [fill = 0]
                  00001430    0000005a     uartstdio.obj (.text:UARTwrite)
                  0000148a    00000006     --HOLE-- [fill = 0]
                  00001490    00000052     sysctl.obj (.text:SysCtlPeripheralReset)
                  000014e2    00000002     --HOLE-- [fill = 0]
                  000014e4    00000044     rtsv7M4_T_le_v4SPD16_eabi.lib : autoinit.c.obj (.text:__TI_auto_init_nobinit_nopinit:__TI_auto_init_nobinit_nopinit)
                  00001528    00000040                                   : u_divt2.asm.obj (.text)
                  00001568    0000003a     sysctl.obj (.text:SysCtlPeripheralReady)
                  000015a2    00000006     --HOLE-- [fill = 0]
                  000015a8    00000034     sysctl.obj (.text:SysCtlPeripheralEnable)
                  000015dc    00000034     rtsv7M4_T_le_v4SPD16_eabi.lib : boot_cortex_m.c.obj (.text:_c_int00_noargs:_c_int00_noargs)
                  00001610    0000002c     gpio.obj (.text:GPIODirModeSet)
                  0000163c    00000004     --HOLE-- [fill = 0]
                  00001640    0000002c     lib_TIMERisrmanagement.obj (.text:TIMER1A_ISR_Handle)
                  0000166c    00000004     --HOLE-- [fill = 0]
                  00001670    0000002c     lib_TIMERisrmanagement.obj (.text:TIMER1B_ISR_Handle)
                  0000169c    00000004     --HOLE-- [fill = 0]
                  000016a0    0000002c     lib_TIMERisrmanagement.obj (.text:TIMER2A_ISR_Handle)
                  000016cc    00000004     --HOLE-- [fill = 0]
                  000016d0    0000002c     lib_TIMERisrmanagement.obj (.text:TIMER2B_ISR_Handle)
                  000016fc    00000004     --HOLE-- [fill = 0]
                  00001700    0000002c     lib_TIMERisrmanagement.obj (.text:TIMER3A_ISR_Handle)
                  0000172c    00000004     --HOLE-- [fill = 0]
                  00001730    0000002c     lib_TIMERisrmanagement.obj (.text:TIMER3B_ISR_Handle)
                  0000175c    00000004     --HOLE-- [fill = 0]
                  00001760    0000002c     lib_TIMERisrmanagement.obj (.text:TIMER4A_ISR_Handle)
                  0000178c    00000004     --HOLE-- [fill = 0]
                  00001790    0000002c     lib_TIMERisrmanagement.obj (.text:TIMER4B_ISR_Handle)
                  000017bc    00000004     --HOLE-- [fill = 0]
                  000017c0    0000002c     lib_TIMERisrmanagement.obj (.text:TIMER5A_ISR_Handle)
                  000017ec    00000004     --HOLE-- [fill = 0]
                  000017f0    0000002c     lib_TIMERisrmanagement.obj (.text:TIMER5B_ISR_Handle)
                  0000181c    00000004     --HOLE-- [fill = 0]
                  00001820    0000002c     lib_UARTisrmanagement.obj (.text:UART0_ISR_Handle)
                  0000184c    00000004     --HOLE-- [fill = 0]
                  00001850    0000002c     lib_UARTisrmanagement.obj (.text:UART1_ISR_Handle)
                  0000187c    00000004     --HOLE-- [fill = 0]
                  00001880    0000002c     lib_UARTisrmanagement.obj (.text:UART2_ISR_Handle)
                  000018ac    00000004     --HOLE-- [fill = 0]
                  000018b0    0000002c     lib_UARTisrmanagement.obj (.text:UART3_ISR_Handle)
                  000018dc    00000004     --HOLE-- [fill = 0]
                  000018e0    0000002c     lib_UARTisrmanagement.obj (.text:UART5_ISR_Handle)
                  0000190c    00000004     --HOLE-- [fill = 0]
                  00001910    0000002c     lib_UARTisrmanagement.obj (.text:UART6_ISR_Handle)
                  0000193c    00000004     --HOLE-- [fill = 0]
                  00001940    0000002c     lib_UARTisrmanagement.obj (.text:UART7_ISR_Handle)
                  0000196c    00000004     --HOLE-- [fill = 0]
                  00001970    00000028     lib_TIMERisrmanagement.obj (.text:TIMER0A_ISR_Handle)
                  00001998    00000028     lib_TIMERisrmanagement.obj (.text:TIMER0B_ISR_Handle)
                  000019c0    00000028     lib_UARTisrmanagement.obj (.text:UART4_ISR_Handle)
                  000019e8    0000001e     lib_QEIisrmanagement.obj (.text:QEI0_ISR_Handle)
                  00001a06    00000002     --HOLE-- [fill = 0]
                  00001a08    0000001e     lib_QEIisrmanagement.obj (.text:QEI1_ISR_Handle)
                  00001a26    00000002     --HOLE-- [fill = 0]
                  00001a28    0000001c     lib_clock.obj (.text:LIB_CLOCK_MainClockSet)
                  00001a44    0000001c     rtsv7M4_T_le_v4SPD16_eabi.lib : copy_zero_init.c.obj (.text:decompress:ZI:__TI_zero_init_nomemset:__TI_zero_init_nomemset)
                  00001a60    0000001c     main.obj (.text:motor_control)
                  00001a7c    00000004     --HOLE-- [fill = 0]
                  00001a80    0000001a     timer.obj (.text:TimerDisable)
                  00001a9a    00000006     --HOLE-- [fill = 0]
                  00001aa0    0000001a     uartstdio.obj (.text:UARTprintf)
                  00001aba    00000006     --HOLE-- [fill = 0]
                  00001ac0    00000016     gpio.obj (.text:GPIOPinTypeI2C)
                  00001ad6    00000002     --HOLE-- [fill = 0]
                  00001ad8    00000016     gpio.obj (.text:GPIOPinTypeI2CSCL)
                  00001aee    00000002     --HOLE-- [fill = 0]
                  00001af0    00000016     gpio.obj (.text:GPIOPinTypeUART)
                  00001b06    00000002     --HOLE-- [fill = 0]
                  00001b08    00000012     interrupt.obj (.text:IntMasterEnable)
                  00001b1a    00000006     --HOLE-- [fill = 0]
                  00001b20    00000012     lib_TIMERisrmanagement.obj (.text:LIB_ISR_TIMERRegister)
                  00001b32    00000006     --HOLE-- [fill = 0]
                  00001b38    00000012     lib_timer.obj (.text:LIB_TIMER_TimerEnable)
                  00001b4a    00000006     --HOLE-- [fill = 0]
                  00001b50    00000012     timer.obj (.text:TimerLoadSet)
                  00001b62    00000006     --HOLE-- [fill = 0]
                  00001b68    0000000e     gpio.obj (.text:GPIOIntStatus)
                  00001b76    00000002     --HOLE-- [fill = 0]
                  00001b78    0000000e     timer.obj (.text:TimerEnable)
                  00001b86    0000000e     rtsv7M4_T_le_v4SPD16_eabi.lib : copy_decompress_none.c.obj (.text:decompress:none:__TI_decompress_none)
                  00001b94    00000004     --HOLE-- [fill = 0]
                  00001b98    0000000c     cpu.obj (.text:CPUcpsie)
                  00001ba4    00000004     --HOLE-- [fill = 0]
                  00001ba8    0000000a     i2c.obj (.text:I2CMasterEnable)
                  00001bb2    00000006     --HOLE-- [fill = 0]
                  00001bb8    0000000a     timer.obj (.text:TimerIntStatus)
                  00001bc2    00000006     --HOLE-- [fill = 0]
                  00001bc8    0000000a     uart.obj (.text:UARTIntStatus)
                  00001bd2    00000006     --HOLE-- [fill = 0]
                  00001bd8    00000008     timer.obj (.text:TimerIntEnable)
                  00001be0    00000008     uart.obj (.text:UARTIntEnable)
                  00001be8    00000006     gpio.obj (.text:GPIOIntClear)
                  00001bee    00000002     --HOLE-- [fill = 0]
                  00001bf0    00000006     startup_ccs.obj (.text:ResetISR)
                  00001bf6    00000002     --HOLE-- [fill = 0]
                  00001bf8    00000006     uart.obj (.text:UARTClockSourceSet)
                  00001bfe    00000002     --HOLE-- [fill = 0]
                  00001c00    00000004     qei.obj (.text:QEIIntClear)
                  00001c04    00000004     --HOLE-- [fill = 0]
                  00001c08    00000004     timer.obj (.text:TimerIntClear)
                  00001c0c    00000004     --HOLE-- [fill = 0]
                  00001c10    00000004     uart.obj (.text:UARTIntClear)
                  00001c14    00000004     --HOLE-- [fill = 0]
                  00001c18    00000002     startup_ccs.obj (.text:FaultISR)
                  00001c1a    00000006     --HOLE-- [fill = 0]
                  00001c20    00000002     startup_ccs.obj (.text:IntDefaultHandler)
                  00001c22    00000006     --HOLE-- [fill = 0]
                  00001c28    00000002     startup_ccs.obj (.text:NmiSR)
                  00001c2a    00000006     --HOLE-- [fill = 0]
                  00001c30    00000002     lib_EXTIisrmanagement.obj (.text:__nop)

.const     0    00001c34    00000190     
                  00001c34    00000090     gpio.obj (.const:g_pui32GPIOBaseAddrs)
                  00001cc4    0000006c     sysctl.obj (.const:g_pui32Xtals)
                  00001d30    00000050     lib_i2c.obj (.const:$P$T0$1)
                  00001d80    00000018     lib_timer.obj (.const:$P$T0$1)
                  00001d98    00000014     interrupt.obj (.const:g_pui32EnRegs)
                  00001dac    0000000c     uartstdio.obj (.const:g_ui32UARTBase)
                  00001db8    0000000c     uartstdio.obj (.const:g_ui32UARTPeriph)

.cinit     0    00001dc8    00000038     
                  00001dc8    0000000e     (.cinit..data.load) [load image, compression = lzss]
                  00001dd6    00000002     --HOLE-- [fill = 0]
                  00001dd8    0000000c     (__TI_handler_table)
                  00001de4    00000004     --HOLE-- [fill = 0]
                  00001de8    00000008     (.cinit..bss.load) [load image, compression = zero_init]
                  00001df0    00000010     (__TI_cinit_table)

.init_array 
*          0    00000000    00000000     UNINITIALIZED

.data      0    20000400    00000124     UNINITIALIZED
                  20000400    000000c0     lib_EXTIisrmanagement.obj (.data:ExtiIsrHandleTable)
                  200004c0    00000030     lib_TIMERisrmanagement.obj (.data:TimerIsrHandleTable)
                  200004f0    00000020     lib_UARTisrmanagement.obj (.data:UartIsrHandleTable)
                  20000510    00000008     lib_QEIisrmanagement.obj (.data:QeiIsrHandleTable)
                  20000518    00000005     uartstdio.obj (.data)
                  2000051d    00000001     --HOLE--
                  2000051e    00000002     main.obj (.data)
                  20000520    00000004     lib_clock.obj (.data)

.bss       0    20000524    00000018     UNINITIALIZED
                  20000524    00000018     (.common:VL53L0x_Bottom)

.stack     0    20000000    00000400     UNINITIALIZED
                  20000000    00000004     rtsv7M4_T_le_v4SPD16_eabi.lib : boot_cortex_m.c.obj (.stack)
                  20000004    000003fc     --HOLE--

.binit     0    00000000    00000000     

MODULE SUMMARY

       Module                       code   ro data   rw data
       ------                       ----   -------   -------
    .\
       startup_ccs.obj              12     620       0      
       main.obj                     138    0         2      
    +--+----------------------------+------+---------+---------+
       Total:                       150    620       2      
                                                            
    .\EK-TM4C123GXL_LIB\clock\
       lib_clock.obj                28     0         4      
    +--+----------------------------+------+---------+---------+
       Total:                       28     0         4      
                                                            
    .\EK-TM4C123GXL_LIB\i2c\
       lib_i2c.obj                  162    80        0      
    +--+----------------------------+------+---------+---------+
       Total:                       162    80        0      
                                                            
    .\EK-TM4C123GXL_LIB\isr_anagement\
       lib_EXTIisrmanagement.obj    966    0         192    
       lib_TIMERisrmanagement.obj   538    0         48     
       lib_UARTisrmanagement.obj    348    0         32     
       lib_QEIisrmanagement.obj     60     0         8      
    +--+----------------------------+------+---------+---------+
       Total:                       1912   0         280    
                                                            
    .\EK-TM4C123GXL_LIB\timer\
       lib_timer.obj                138    24        0      
    +--+----------------------------+------+---------+---------+
       Total:                       138    24        0      
                                                            
    .\EK-TM4C123GXL_LIB\uart\
       lib_uart.obj                 174    0         0      
    +--+----------------------------+------+---------+---------+
       Total:                       174    0         0      
                                                            
    .\Peripheral_LIB\VL53L0x\
       vl53l0x.obj                  0      0         24     
    +--+----------------------------+------+---------+---------+
       Total:                       0      0         24     
                                                            
    .\driverlib\
       sysctl.obj                   958    108       0      
       gpio.obj                     806    144       0      
       timer.obj                    192    0         0      
       interrupt.obj                164    20        0      
       i2c.obj                      104    0         0      
       uart.obj                     28     0         0      
       cpu.obj                      12     0         0      
       qei.obj                      4      0         0      
    +--+----------------------------+------+---------+---------+
       Total:                       2268   272       0      
                                                            
    .\utils\
       uartstdio.obj                1018   24        5      
    +--+----------------------------+------+---------+---------+
       Total:                       1018   24        5      
                                                            
    C:\ti\ccs1220\ccs\tools\compiler\ti-cgt-arm_18.12.8.LTS\lib\rtsv7M4_T_le_v4SPD16_eabi.lib
       memcpy_t2.asm.obj            156    0         0      
       copy_decompress_lzss.c.obj   104    0         0      
       autoinit.c.obj               68     0         0      
       u_divt2.asm.obj              64     0         0      
       boot_cortex_m.c.obj          52     0         0      
       copy_zero_init.c.obj         28     0         0      
       copy_decompress_none.c.obj   14     0         0      
       exit.c.obj                   4      0         0      
       pre_init.c.obj               4      0         0      
       div0.asm.obj                 2      0         0      
    +--+----------------------------+------+---------+---------+
       Total:                       496    0         0      
                                                            
       Stack:                       0      0         1024   
       Linker Generated:            0      50        0      
    +--+----------------------------+------+---------+---------+
       Grand Total:                 6346   1070      1339   


LINKER GENERATED COPY TABLES

__TI_cinit_table @ 00001df0 records: 2, size/record: 8, table size: 16
	.data: load addr=00001dc8, load size=0000000e bytes, run addr=20000400, run size=00000124 bytes, compression=lzss
	.bss: load addr=00001de8, load size=00000008 bytes, run addr=20000524, run size=00000018 bytes, compression=zero_init


LINKER GENERATED HANDLER TABLE

__TI_handler_table @ 00001dd8 records: 3, size/record: 4, table size: 12
	index: 0, handler: __TI_decompress_lzss
	index: 1, handler: __TI_decompress_none
	index: 2, handler: __TI_zero_init


GLOBAL SYMBOLS: SORTED ALPHABETICALLY BY Name 

address   name                          
-------   ----                          
00000ad5  C$$EXIT                       
20000520  CPU_F                         
00001b99  CPUcpsie                      
20000400  ExtiIsrHandleTable            
00001011  GPIOA_ISR_Handle              
00000b89  GPIOB_ISR_Handle              
00000c31  GPIOC_ISR_Handle              
00000cd9  GPIOD_ISR_Handle              
00001611  GPIODirModeSet                
00000d81  GPIOE_ISR_Handle              
00000e29  GPIOF_ISR_Handle              
00001be9  GPIOIntClear                  
00001b69  GPIOIntStatus                 
00000591  GPIOPadConfigSet              
000013d1  GPIOPinConfigure              
00001ac1  GPIOPinTypeI2C                
00001ad9  GPIOPinTypeI2CSCL             
00001af1  GPIOPinTypeUART               
00001ba9  I2CMasterEnable               
00001371  I2CMasterInitExpClk           
000010b1  IntEnable                     
00001b09  IntMasterEnable               
00001a29  LIB_CLOCK_MainClockSet        
00000ed1  LIB_I2C_Init                  
00001b21  LIB_ISR_TIMERRegister         
00001149  LIB_TIMER_InitCycle           
00001b39  LIB_TIMER_TimerEnable         
00000ad9  LIB_UART_PrintfInit           
000019e9  QEI0_ISR_Handle               
00001a09  QEI1_ISR_Handle               
00001c01  QEIIntClear                   
20000510  QeiIsrHandleTable             
00001bf1  ResetISR                      
000007d9  SysCtlClockGet                
00000971  SysCtlClockSet                
00000c2b  SysCtlDelay                   
000015a9  SysCtlPeripheralEnable        
00001569  SysCtlPeripheralReady         
00001491  SysCtlPeripheralReset         
00001971  TIMER0A_ISR_Handle            
00001999  TIMER0B_ISR_Handle            
00001641  TIMER1A_ISR_Handle            
00001671  TIMER1B_ISR_Handle            
000016a1  TIMER2A_ISR_Handle            
000016d1  TIMER2B_ISR_Handle            
00001701  TIMER3A_ISR_Handle            
00001731  TIMER3B_ISR_Handle            
00001761  TIMER4A_ISR_Handle            
00001791  TIMER4B_ISR_Handle            
000017c1  TIMER5A_ISR_Handle            
000017f1  TIMER5B_ISR_Handle            
000011c1  TimerConfigure                
00001a81  TimerDisable                  
00001b79  TimerEnable                   
00001c09  TimerIntClear                 
00001bd9  TimerIntEnable                
00001bb9  TimerIntStatus                
200004c0  TimerIsrHandleTable           
00001b51  TimerLoadSet                  
00001821  UART0_ISR_Handle              
00001851  UART1_ISR_Handle              
00001881  UART2_ISR_Handle              
000018b1  UART3_ISR_Handle              
000019c1  UART4_ISR_Handle              
000018e1  UART5_ISR_Handle              
00001911  UART6_ISR_Handle              
00001941  UART7_ISR_Handle              
00001bf9  UARTClockSourceSet            
00001c11  UARTIntClear                  
00001be1  UARTIntEnable                 
00001bc9  UARTIntStatus                 
000012a1  UARTStdioConfig               
00001aa1  UARTprintf                    
00000271  UARTvprintf                   
00001431  UARTwrite                     
200004f0  UartIsrHandleTable            
20000524  VL53L0x_Bottom                
20000400  __STACK_END                   
00000400  __STACK_SIZE                  
20000200  __STACK_TOP                   
00001df0  __TI_CINIT_Base               
00001e00  __TI_CINIT_Limit              
00001dd8  __TI_Handler_Table_Base       
00001de4  __TI_Handler_Table_Limit      
000014e5  __TI_auto_init_nobinit_nopinit
00001309  __TI_decompress_lzss          
00001b87  __TI_decompress_none          
ffffffff  __TI_pprof_out_hndl           
ffffffff  __TI_prof_data_size           
ffffffff  __TI_prof_data_start          
00000000  __TI_static_base__            
00001a45  __TI_zero_init_nomemset       
0000058f  __aeabi_idiv0                 
0000058f  __aeabi_ldiv0                 
00000f73  __aeabi_memcpy                
00000f73  __aeabi_memcpy4               
00000f73  __aeabi_memcpy8               
00001529  __aeabi_uidiv                 
00001529  __aeabi_uidivmod              
ffffffff  __binit__                     
ffffffff  __c_args__                    
UNDEFED   __mpu_init                    
00001c31  __nop                         
20000000  __stack                       
000015dd  _c_int00_noargs               
UNDEFED   _system_post_cinit            
0000096d  _system_pre_init              
00000ad5  abort                         
ffffffff  binit                         
00000000  g_pfnVectors                  
2000051e  i                             
00001231  main                          
00000f73  memcpy                        
00001a61  motor_control                 


GLOBAL SYMBOLS: SORTED BY Symbol Address 

address   name                          
-------   ----                          
00000000  __TI_static_base__            
00000000  g_pfnVectors                  
00000271  UARTvprintf                   
00000400  __STACK_SIZE                  
0000058f  __aeabi_idiv0                 
0000058f  __aeabi_ldiv0                 
00000591  GPIOPadConfigSet              
000007d9  SysCtlClockGet                
0000096d  _system_pre_init              
00000971  SysCtlClockSet                
00000ad5  C$$EXIT                       
00000ad5  abort                         
00000ad9  LIB_UART_PrintfInit           
00000b89  GPIOB_ISR_Handle              
00000c2b  SysCtlDelay                   
00000c31  GPIOC_ISR_Handle              
00000cd9  GPIOD_ISR_Handle              
00000d81  GPIOE_ISR_Handle              
00000e29  GPIOF_ISR_Handle              
00000ed1  LIB_I2C_Init                  
00000f73  __aeabi_memcpy                
00000f73  __aeabi_memcpy4               
00000f73  __aeabi_memcpy8               
00000f73  memcpy                        
00001011  GPIOA_ISR_Handle              
000010b1  IntEnable                     
00001149  LIB_TIMER_InitCycle           
000011c1  TimerConfigure                
00001231  main                          
000012a1  UARTStdioConfig               
00001309  __TI_decompress_lzss          
00001371  I2CMasterInitExpClk           
000013d1  GPIOPinConfigure              
00001431  UARTwrite                     
00001491  SysCtlPeripheralReset         
000014e5  __TI_auto_init_nobinit_nopinit
00001529  __aeabi_uidiv                 
00001529  __aeabi_uidivmod              
00001569  SysCtlPeripheralReady         
000015a9  SysCtlPeripheralEnable        
000015dd  _c_int00_noargs               
00001611  GPIODirModeSet                
00001641  TIMER1A_ISR_Handle            
00001671  TIMER1B_ISR_Handle            
000016a1  TIMER2A_ISR_Handle            
000016d1  TIMER2B_ISR_Handle            
00001701  TIMER3A_ISR_Handle            
00001731  TIMER3B_ISR_Handle            
00001761  TIMER4A_ISR_Handle            
00001791  TIMER4B_ISR_Handle            
000017c1  TIMER5A_ISR_Handle            
000017f1  TIMER5B_ISR_Handle            
00001821  UART0_ISR_Handle              
00001851  UART1_ISR_Handle              
00001881  UART2_ISR_Handle              
000018b1  UART3_ISR_Handle              
000018e1  UART5_ISR_Handle              
00001911  UART6_ISR_Handle              
00001941  UART7_ISR_Handle              
00001971  TIMER0A_ISR_Handle            
00001999  TIMER0B_ISR_Handle            
000019c1  UART4_ISR_Handle              
000019e9  QEI0_ISR_Handle               
00001a09  QEI1_ISR_Handle               
00001a29  LIB_CLOCK_MainClockSet        
00001a45  __TI_zero_init_nomemset       
00001a61  motor_control                 
00001a81  TimerDisable                  
00001aa1  UARTprintf                    
00001ac1  GPIOPinTypeI2C                
00001ad9  GPIOPinTypeI2CSCL             
00001af1  GPIOPinTypeUART               
00001b09  IntMasterEnable               
00001b21  LIB_ISR_TIMERRegister         
00001b39  LIB_TIMER_TimerEnable         
00001b51  TimerLoadSet                  
00001b69  GPIOIntStatus                 
00001b79  TimerEnable                   
00001b87  __TI_decompress_none          
00001b99  CPUcpsie                      
00001ba9  I2CMasterEnable               
00001bb9  TimerIntStatus                
00001bc9  UARTIntStatus                 
00001bd9  TimerIntEnable                
00001be1  UARTIntEnable                 
00001be9  GPIOIntClear                  
00001bf1  ResetISR                      
00001bf9  UARTClockSourceSet            
00001c01  QEIIntClear                   
00001c09  TimerIntClear                 
00001c11  UARTIntClear                  
00001c31  __nop                         
00001dd8  __TI_Handler_Table_Base       
00001de4  __TI_Handler_Table_Limit      
00001df0  __TI_CINIT_Base               
00001e00  __TI_CINIT_Limit              
20000000  __stack                       
20000200  __STACK_TOP                   
20000400  ExtiIsrHandleTable            
20000400  __STACK_END                   
200004c0  TimerIsrHandleTable           
200004f0  UartIsrHandleTable            
20000510  QeiIsrHandleTable             
2000051e  i                             
20000520  CPU_F                         
20000524  VL53L0x_Bottom                
ffffffff  __TI_pprof_out_hndl           
ffffffff  __TI_prof_data_size           
ffffffff  __TI_prof_data_start          
ffffffff  __binit__                     
ffffffff  __c_args__                    
ffffffff  binit                         
UNDEFED   __mpu_init                    
UNDEFED   _system_post_cinit            

[114 symbols]
