******************************************************************************
                  TI ARM Linker PC v18.12.8                    
******************************************************************************
>> Linked Thu Jul 13 18:37:39 2023

OUTPUT FILE NAME:   <EK-TM4C123GXL_LIB_TEST.out>
ENTRY POINT SYMBOL: "_c_int00_noargs"  address: 0000191d


MEMORY CONFIGURATION

         name            origin    length      used     unused   attr    fill
----------------------  --------  ---------  --------  --------  ----  --------
  FLASH                 00000000   00040000  00002166  0003de9a  R  X
  SRAM                  20000000   00008000  0000052c  00007ad4  RW X


SEGMENT ALLOCATION MAP

run origin  load origin   length   init length attrs members
----------  ----------- ---------- ----------- ----- -------
00000000    00000000    00002170   00002170    r-x
  00000000    00000000    0000026c   0000026c    r-- .intvecs
  00000270    00000270    00001d2a   00001d2a    r-x .text
  00001f9c    00001f9c    00000198   00000198    r-- .const
  00002138    00002138    00000038   00000038    r-- .cinit
20000000    20000000    0000052c   00000000    rw-
  20000000    20000000    00000400   00000000    rw- .stack
  20000400    20000400    00000126   00000000    rw- .data
  20000526    20000526    00000006   00000000    rw- .bss


SECTION ALLOCATION MAP

 output                                  attributes/
section   page    origin      length       input sections
--------  ----  ----------  ----------   ----------------
.intvecs   0    00000000    0000026c     
                  00000000    0000026c     startup_ccs.obj (.intvecs)

.text      0    00000270    00001d2a     
                  00000270    00000358     lib_uart.obj (.text:LIB_UART_Init)
                  000005c8    0000031e     uartstdio.obj (.text:UARTvprintf)
                  000008e6    00000002     rtsv7M4_T_le_v4SPD16_eabi.lib : div0.asm.obj (.text)
                  000008e8    00000248     gpio.obj (.text:GPIOPadConfigSet)
                  00000b30    00000194     sysctl.obj (.text:SysCtlClockGet)
                  00000cc4    00000004     rtsv7M4_T_le_v4SPD16_eabi.lib : pre_init.c.obj (.text:_system_pre_init)
                  00000cc8    00000164     sysctl.obj (.text:SysCtlClockSet)
                  00000e2c    00000004     rtsv7M4_T_le_v4SPD16_eabi.lib : exit.c.obj (.text:abort:abort)
                  00000e30    000000ae     lib_uart.obj (.text:LIB_UART_PrintfInit)
                  00000ede    00000002     --HOLE-- [fill = 0]
                  00000ee0    000000a2     lib_EXTIisrmanagement.obj (.text:GPIOB_ISR_Handle)
                  00000f82    00000006     sysctl.obj (.text:SysCtlDelay)
                  00000f88    000000a2     lib_EXTIisrmanagement.obj (.text:GPIOC_ISR_Handle)
                  0000102a    00000006     --HOLE-- [fill = 0]
                  00001030    000000a2     lib_EXTIisrmanagement.obj (.text:GPIOD_ISR_Handle)
                  000010d2    00000006     --HOLE-- [fill = 0]
                  000010d8    000000a2     lib_EXTIisrmanagement.obj (.text:GPIOE_ISR_Handle)
                  0000117a    00000006     --HOLE-- [fill = 0]
                  00001180    000000a2     lib_EXTIisrmanagement.obj (.text:GPIOF_ISR_Handle)
                  00001222    00000006     --HOLE-- [fill = 0]
                  00001228    000000a2     lib_i2c.obj (.text:LIB_I2C_Init)
                  000012ca    0000009c     rtsv7M4_T_le_v4SPD16_eabi.lib : memcpy_t2.asm.obj (.text)
                  00001366    00000002     --HOLE-- [fill = 0]
                  00001368    0000009a     lib_EXTIisrmanagement.obj (.text:GPIOA_ISR_Handle)
                  00001402    00000006     --HOLE-- [fill = 0]
                  00001408    00000092     interrupt.obj (.text:IntEnable)
                  0000149a    00000006     --HOLE-- [fill = 0]
                  000014a0    00000076     cx20106a.obj (.text:Cx20106a_IntIsr)
                  00001516    00000002     --HOLE-- [fill = 0]
                  00001518    00000074     main.obj (.text:main)
                  0000158c    00000004     --HOLE-- [fill = 0]
                  00001590    00000068     uartstdio.obj (.text:UARTStdioConfig)
                  000015f8    00000068     rtsv7M4_T_le_v4SPD16_eabi.lib : copy_decompress_lzss.c.obj (.text:decompress:lzss:__TI_decompress_lzss)
                  00001660    0000005e     i2c.obj (.text:I2CMasterInitExpClk)
                  000016be    00000002     --HOLE-- [fill = 0]
                  000016c0    0000005c     gpio.obj (.text:GPIOPinConfigure)
                  0000171c    00000004     --HOLE-- [fill = 0]
                  00001720    0000005a     uartstdio.obj (.text:UARTwrite)
                  0000177a    00000006     --HOLE-- [fill = 0]
                  00001780    00000052     sysctl.obj (.text:SysCtlPeripheralReset)
                  000017d2    00000006     --HOLE-- [fill = 0]
                  000017d8    00000048     uart.obj (.text:UARTConfigSetExpClk)
                  00001820    00000044     rtsv7M4_T_le_v4SPD16_eabi.lib : autoinit.c.obj (.text:__TI_auto_init_nobinit_nopinit:__TI_auto_init_nobinit_nopinit)
                  00001864    00000040                                   : u_divt2.asm.obj (.text)
                  000018a4    00000004     --HOLE-- [fill = 0]
                  000018a8    0000003a     sysctl.obj (.text:SysCtlPeripheralReady)
                  000018e2    00000006     --HOLE-- [fill = 0]
                  000018e8    00000034     sysctl.obj (.text:SysCtlPeripheralEnable)
                  0000191c    00000034     rtsv7M4_T_le_v4SPD16_eabi.lib : boot_cortex_m.c.obj (.text:_c_int00_noargs:_c_int00_noargs)
                  00001950    0000002c     gpio.obj (.text:GPIODirModeSet)
                  0000197c    00000004     --HOLE-- [fill = 0]
                  00001980    0000002c     lib_TIMERisrmanagement.obj (.text:TIMER1A_ISR_Handle)
                  000019ac    00000004     --HOLE-- [fill = 0]
                  000019b0    0000002c     lib_TIMERisrmanagement.obj (.text:TIMER1B_ISR_Handle)
                  000019dc    00000004     --HOLE-- [fill = 0]
                  000019e0    0000002c     lib_TIMERisrmanagement.obj (.text:TIMER2A_ISR_Handle)
                  00001a0c    00000004     --HOLE-- [fill = 0]
                  00001a10    0000002c     lib_TIMERisrmanagement.obj (.text:TIMER2B_ISR_Handle)
                  00001a3c    00000004     --HOLE-- [fill = 0]
                  00001a40    0000002c     lib_TIMERisrmanagement.obj (.text:TIMER3A_ISR_Handle)
                  00001a6c    00000004     --HOLE-- [fill = 0]
                  00001a70    0000002c     lib_TIMERisrmanagement.obj (.text:TIMER3B_ISR_Handle)
                  00001a9c    00000004     --HOLE-- [fill = 0]
                  00001aa0    0000002c     lib_TIMERisrmanagement.obj (.text:TIMER4A_ISR_Handle)
                  00001acc    00000004     --HOLE-- [fill = 0]
                  00001ad0    0000002c     lib_TIMERisrmanagement.obj (.text:TIMER4B_ISR_Handle)
                  00001afc    00000004     --HOLE-- [fill = 0]
                  00001b00    0000002c     lib_TIMERisrmanagement.obj (.text:TIMER5A_ISR_Handle)
                  00001b2c    00000004     --HOLE-- [fill = 0]
                  00001b30    0000002c     lib_TIMERisrmanagement.obj (.text:TIMER5B_ISR_Handle)
                  00001b5c    00000004     --HOLE-- [fill = 0]
                  00001b60    0000002c     lib_UARTisrmanagement.obj (.text:UART0_ISR_Handle)
                  00001b8c    00000004     --HOLE-- [fill = 0]
                  00001b90    0000002c     lib_UARTisrmanagement.obj (.text:UART1_ISR_Handle)
                  00001bbc    00000004     --HOLE-- [fill = 0]
                  00001bc0    0000002c     lib_UARTisrmanagement.obj (.text:UART2_ISR_Handle)
                  00001bec    00000004     --HOLE-- [fill = 0]
                  00001bf0    0000002c     lib_UARTisrmanagement.obj (.text:UART3_ISR_Handle)
                  00001c1c    00000004     --HOLE-- [fill = 0]
                  00001c20    0000002c     lib_UARTisrmanagement.obj (.text:UART5_ISR_Handle)
                  00001c4c    00000004     --HOLE-- [fill = 0]
                  00001c50    0000002c     lib_UARTisrmanagement.obj (.text:UART6_ISR_Handle)
                  00001c7c    00000004     --HOLE-- [fill = 0]
                  00001c80    0000002c     lib_UARTisrmanagement.obj (.text:UART7_ISR_Handle)
                  00001cac    00000004     --HOLE-- [fill = 0]
                  00001cb0    00000028     lib_TIMERisrmanagement.obj (.text:TIMER0A_ISR_Handle)
                  00001cd8    00000028     lib_TIMERisrmanagement.obj (.text:TIMER0B_ISR_Handle)
                  00001d00    00000028     lib_UARTisrmanagement.obj (.text:UART4_ISR_Handle)
                  00001d28    00000028     uart.obj (.text:UARTDisable)
                  00001d50    00000026     cx20106a.obj (.text:Cx20106a_GetDistance)
                  00001d76    00000002     --HOLE-- [fill = 0]
                  00001d78    00000024     lib_uart.obj (.text:LIB_UART_GetBlockData)
                  00001d9c    00000004     --HOLE-- [fill = 0]
                  00001da0    0000001e     lib_QEIisrmanagement.obj (.text:QEI0_ISR_Handle)
                  00001dbe    00000002     --HOLE-- [fill = 0]
                  00001dc0    0000001e     lib_QEIisrmanagement.obj (.text:QEI1_ISR_Handle)
                  00001dde    00000002     --HOLE-- [fill = 0]
                  00001de0    0000001c     lib_clock.obj (.text:LIB_CLOCK_MainClockSet)
                  00001dfc    0000001c     rtsv7M4_T_le_v4SPD16_eabi.lib : copy_zero_init.c.obj (.text:decompress:ZI:__TI_zero_init_nomemset:__TI_zero_init_nomemset)
                  00001e18    0000001a     uartstdio.obj (.text:UARTprintf)
                  00001e32    00000006     --HOLE-- [fill = 0]
                  00001e38    00000016     gpio.obj (.text:GPIOPinTypeI2C)
                  00001e4e    00000002     --HOLE-- [fill = 0]
                  00001e50    00000016     gpio.obj (.text:GPIOPinTypeI2CSCL)
                  00001e66    00000002     --HOLE-- [fill = 0]
                  00001e68    00000016     gpio.obj (.text:GPIOPinTypeUART)
                  00001e7e    00000002     --HOLE-- [fill = 0]
                  00001e80    00000014     uart.obj (.text:UARTEnable)
                  00001e94    00000004     --HOLE-- [fill = 0]
                  00001e98    00000012     cx20106a.obj (.text:Cx20106a_Init)
                  00001eaa    00000006     --HOLE-- [fill = 0]
                  00001eb0    00000012     interrupt.obj (.text:IntMasterEnable)
                  00001ec2    00000006     --HOLE-- [fill = 0]
                  00001ec8    0000000e     gpio.obj (.text:GPIOIntStatus)
                  00001ed6    00000002     --HOLE-- [fill = 0]
                  00001ed8    0000000e     lib_UARTisrmanagement.obj (.text:LIB_ISR_UARTRegister)
                  00001ee6    0000000e     rtsv7M4_T_le_v4SPD16_eabi.lib : copy_decompress_none.c.obj (.text:decompress:none:__TI_decompress_none)
                  00001ef4    00000004     --HOLE-- [fill = 0]
                  00001ef8    0000000c     cpu.obj (.text:CPUcpsie)
                  00001f04    00000004     --HOLE-- [fill = 0]
                  00001f08    0000000a     i2c.obj (.text:I2CMasterEnable)
                  00001f12    00000006     --HOLE-- [fill = 0]
                  00001f18    0000000a     timer.obj (.text:TimerIntStatus)
                  00001f22    00000006     --HOLE-- [fill = 0]
                  00001f28    0000000a     uart.obj (.text:UARTFIFODisable)
                  00001f32    00000006     --HOLE-- [fill = 0]
                  00001f38    0000000a     uart.obj (.text:UARTIntStatus)
                  00001f42    00000006     --HOLE-- [fill = 0]
                  00001f48    00000008     uart.obj (.text:UARTIntEnable)
                  00001f50    00000006     gpio.obj (.text:GPIOIntClear)
                  00001f56    00000002     --HOLE-- [fill = 0]
                  00001f58    00000006     startup_ccs.obj (.text:ResetISR)
                  00001f5e    00000002     --HOLE-- [fill = 0]
                  00001f60    00000006     uart.obj (.text:UARTClockSourceSet)
                  00001f66    00000002     --HOLE-- [fill = 0]
                  00001f68    00000004     qei.obj (.text:QEIIntClear)
                  00001f6c    00000004     --HOLE-- [fill = 0]
                  00001f70    00000004     timer.obj (.text:TimerIntClear)
                  00001f74    00000004     --HOLE-- [fill = 0]
                  00001f78    00000004     uart.obj (.text:UARTIntClear)
                  00001f7c    00000004     --HOLE-- [fill = 0]
                  00001f80    00000002     startup_ccs.obj (.text:FaultISR)
                  00001f82    00000006     --HOLE-- [fill = 0]
                  00001f88    00000002     startup_ccs.obj (.text:IntDefaultHandler)
                  00001f8a    00000006     --HOLE-- [fill = 0]
                  00001f90    00000002     startup_ccs.obj (.text:NmiSR)
                  00001f92    00000006     --HOLE-- [fill = 0]
                  00001f98    00000002     lib_EXTIisrmanagement.obj (.text:__nop)

.const     0    00001f9c    00000198     
                  00001f9c    00000090     gpio.obj (.const:g_pui32GPIOBaseAddrs)
                  0000202c    0000006c     sysctl.obj (.const:g_pui32Xtals)
                  00002098    00000050     lib_i2c.obj (.const:$P$T0$1)
                  000020e8    00000020     lib_uart.obj (.const:$P$T0$1)
                  00002108    00000014     interrupt.obj (.const:g_pui32EnRegs)
                  0000211c    0000000c     uartstdio.obj (.const:g_ui32UARTBase)
                  00002128    0000000c     uartstdio.obj (.const:g_ui32UARTPeriph)

.cinit     0    00002138    00000038     
                  00002138    0000000e     (.cinit..data.load) [load image, compression = lzss]
                  00002146    00000002     --HOLE-- [fill = 0]
                  00002148    0000000c     (__TI_handler_table)
                  00002154    00000004     --HOLE-- [fill = 0]
                  00002158    00000008     (.cinit..bss.load) [load image, compression = zero_init]
                  00002160    00000010     (__TI_cinit_table)

.init_array 
*          0    00000000    00000000     UNINITIALIZED

.data      0    20000400    00000126     UNINITIALIZED
                  20000400    000000c0     lib_EXTIisrmanagement.obj (.data:ExtiIsrHandleTable)
                  200004c0    00000030     lib_TIMERisrmanagement.obj (.data:TimerIsrHandleTable)
                  200004f0    00000020     lib_UARTisrmanagement.obj (.data:UartIsrHandleTable)
                  20000510    00000008     lib_QEIisrmanagement.obj (.data:QeiIsrHandleTable)
                  20000518    00000005     uartstdio.obj (.data)
                  2000051d    00000002     cx20106a.obj (.data)
                  2000051f    00000001     --HOLE--
                  20000520    00000004     lib_clock.obj (.data)
                  20000524    00000002     main.obj (.data)

.bss       0    20000526    00000006     UNINITIALIZED
                  20000526    00000004     (.common:distence_buffer)
                  2000052a    00000002     (.common:distance)

.stack     0    20000000    00000400     UNINITIALIZED
                  20000000    00000004     rtsv7M4_T_le_v4SPD16_eabi.lib : boot_cortex_m.c.obj (.stack)
                  20000004    000003fc     --HOLE--

.binit     0    00000000    00000000     

MODULE SUMMARY

       Module                       code   ro data   rw data
       ------                       ----   -------   -------
    .\
       startup_ccs.obj              12     620       0      
       main.obj                     116    0         2      
    +--+----------------------------+------+---------+---------+
       Total:                       128    620       2      
                                                            
    .\EK-TM4C123GXL_LIB\clock\
       lib_clock.obj                28     0         4      
    +--+----------------------------+------+---------+---------+
       Total:                       28     0         4      
                                                            
    .\EK-TM4C123GXL_LIB\i2c\
       lib_i2c.obj                  162    80        0      
    +--+----------------------------+------+---------+---------+
       Total:                       162    80        0      
                                                            
    .\EK-TM4C123GXL_LIB\isr_anagement\
       lib_EXTIisrmanagement.obj    966    0         192    
       lib_TIMERisrmanagement.obj   520    0         48     
       lib_UARTisrmanagement.obj    362    0         32     
       lib_QEIisrmanagement.obj     60     0         8      
    +--+----------------------------+------+---------+---------+
       Total:                       1908   0         280    
                                                            
    .\EK-TM4C123GXL_LIB\uart\
       lib_uart.obj                 1066   32        0      
    +--+----------------------------+------+---------+---------+
       Total:                       1066   32        0      
                                                            
    .\Peripheral_LIB\CX20106A\
       cx20106a.obj                 174    0         8      
    +--+----------------------------+------+---------+---------+
       Total:                       174    0         8      
                                                            
    .\driverlib\
       sysctl.obj                   958    108       0      
       gpio.obj                     806    144       0      
       interrupt.obj                164    20        0      
       uart.obj                     170    0         0      
       i2c.obj                      104    0         0      
       timer.obj                    14     0         0      
       cpu.obj                      12     0         0      
       qei.obj                      4      0         0      
    +--+----------------------------+------+---------+---------+
       Total:                       2232   272       0      
                                                            
    .\utils\
       uartstdio.obj                1018   24        5      
    +--+----------------------------+------+---------+---------+
       Total:                       1018   24        5      
                                                            
    C:\ti\ccs1220\ccs\tools\compiler\ti-cgt-arm_18.12.8.LTS\lib\rtsv7M4_T_le_v4SPD16_eabi.lib
       memcpy_t2.asm.obj            156    0         0      
       copy_decompress_lzss.c.obj   104    0         0      
       autoinit.c.obj               68     0         0      
       u_divt2.asm.obj              64     0         0      
       boot_cortex_m.c.obj          52     0         0      
       copy_zero_init.c.obj         28     0         0      
       copy_decompress_none.c.obj   14     0         0      
       exit.c.obj                   4      0         0      
       pre_init.c.obj               4      0         0      
       div0.asm.obj                 2      0         0      
    +--+----------------------------+------+---------+---------+
       Total:                       496    0         0      
                                                            
       Stack:                       0      0         1024   
       Linker Generated:            0      50        0      
    +--+----------------------------+------+---------+---------+
       Grand Total:                 7212   1078      1323   


LINKER GENERATED COPY TABLES

__TI_cinit_table @ 00002160 records: 2, size/record: 8, table size: 16
	.data: load addr=00002138, load size=0000000e bytes, run addr=20000400, run size=00000126 bytes, compression=lzss
	.bss: load addr=00002158, load size=00000008 bytes, run addr=20000526, run size=00000006 bytes, compression=zero_init


LINKER GENERATED HANDLER TABLE

__TI_handler_table @ 00002148 records: 3, size/record: 4, table size: 12
	index: 0, handler: __TI_decompress_lzss
	index: 1, handler: __TI_decompress_none
	index: 2, handler: __TI_zero_init


GLOBAL SYMBOLS: SORTED ALPHABETICALLY BY Name 

address   name                          
-------   ----                          
00000e2d  C$$EXIT                       
20000520  CPU_F                         
00001ef9  CPUcpsie                      
00001d51  Cx20106a_GetDistance          
00001e99  Cx20106a_Init                 
000014a1  Cx20106a_IntIsr               
20000400  ExtiIsrHandleTable            
00001369  GPIOA_ISR_Handle              
00000ee1  GPIOB_ISR_Handle              
00000f89  GPIOC_ISR_Handle              
00001031  GPIOD_ISR_Handle              
00001951  GPIODirModeSet                
000010d9  GPIOE_ISR_Handle              
00001181  GPIOF_ISR_Handle              
00001f51  GPIOIntClear                  
00001ec9  GPIOIntStatus                 
000008e9  GPIOPadConfigSet              
000016c1  GPIOPinConfigure              
00001e39  GPIOPinTypeI2C                
00001e51  GPIOPinTypeI2CSCL             
00001e69  GPIOPinTypeUART               
00001f09  I2CMasterEnable               
00001661  I2CMasterInitExpClk           
00001409  IntEnable                     
00001eb1  IntMasterEnable               
00001de1  LIB_CLOCK_MainClockSet        
00001229  LIB_I2C_Init                  
00001ed9  LIB_ISR_UARTRegister          
00001d79  LIB_UART_GetBlockData         
00000271  LIB_UART_Init                 
00000e31  LIB_UART_PrintfInit           
00001ed9  LIB_UART_UartIsrSet           
00001da1  QEI0_ISR_Handle               
00001dc1  QEI1_ISR_Handle               
00001f69  QEIIntClear                   
20000510  QeiIsrHandleTable             
00001f59  ResetISR                      
00000b31  SysCtlClockGet                
00000cc9  SysCtlClockSet                
00000f83  SysCtlDelay                   
000018e9  SysCtlPeripheralEnable        
000018a9  SysCtlPeripheralReady         
00001781  SysCtlPeripheralReset         
00001cb1  TIMER0A_ISR_Handle            
00001cd9  TIMER0B_ISR_Handle            
00001981  TIMER1A_ISR_Handle            
000019b1  TIMER1B_ISR_Handle            
000019e1  TIMER2A_ISR_Handle            
00001a11  TIMER2B_ISR_Handle            
00001a41  TIMER3A_ISR_Handle            
00001a71  TIMER3B_ISR_Handle            
00001aa1  TIMER4A_ISR_Handle            
00001ad1  TIMER4B_ISR_Handle            
00001b01  TIMER5A_ISR_Handle            
00001b31  TIMER5B_ISR_Handle            
00001f71  TimerIntClear                 
00001f19  TimerIntStatus                
200004c0  TimerIsrHandleTable           
00001b61  UART0_ISR_Handle              
00001b91  UART1_ISR_Handle              
00001bc1  UART2_ISR_Handle              
00001bf1  UART3_ISR_Handle              
00001d01  UART4_ISR_Handle              
00001c21  UART5_ISR_Handle              
00001c51  UART6_ISR_Handle              
00001c81  UART7_ISR_Handle              
00001f61  UARTClockSourceSet            
000017d9  UARTConfigSetExpClk           
00001d29  UARTDisable                   
00001e81  UARTEnable                    
00001f29  UARTFIFODisable               
00001f79  UARTIntClear                  
00001f49  UARTIntEnable                 
00001f39  UARTIntStatus                 
00001591  UARTStdioConfig               
00001e19  UARTprintf                    
000005c9  UARTvprintf                   
00001721  UARTwrite                     
200004f0  UartIsrHandleTable            
20000400  __STACK_END                   
00000400  __STACK_SIZE                  
20000200  __STACK_TOP                   
00002160  __TI_CINIT_Base               
00002170  __TI_CINIT_Limit              
00002148  __TI_Handler_Table_Base       
00002154  __TI_Handler_Table_Limit      
00001821  __TI_auto_init_nobinit_nopinit
000015f9  __TI_decompress_lzss          
00001ee7  __TI_decompress_none          
ffffffff  __TI_pprof_out_hndl           
ffffffff  __TI_prof_data_size           
ffffffff  __TI_prof_data_start          
00000000  __TI_static_base__            
00001dfd  __TI_zero_init_nomemset       
000008e7  __aeabi_idiv0                 
000008e7  __aeabi_ldiv0                 
000012cb  __aeabi_memcpy                
000012cb  __aeabi_memcpy4               
000012cb  __aeabi_memcpy8               
00001865  __aeabi_uidiv                 
00001865  __aeabi_uidivmod              
ffffffff  __binit__                     
ffffffff  __c_args__                    
UNDEFED   __mpu_init                    
00001f99  __nop                         
20000000  __stack                       
0000191d  _c_int00_noargs               
UNDEFED   _system_post_cinit            
00000cc5  _system_pre_init              
00000e2d  abort                         
ffffffff  binit                         
2000052a  distance                      
2000051d  distance_ok                   
20000526  distence_buffer               
00000000  g_pfnVectors                  
20000524  i                             
00001519  main                          
000012cb  memcpy                        


GLOBAL SYMBOLS: SORTED BY Symbol Address 

address   name                          
-------   ----                          
00000000  __TI_static_base__            
00000000  g_pfnVectors                  
00000271  LIB_UART_Init                 
00000400  __STACK_SIZE                  
000005c9  UARTvprintf                   
000008e7  __aeabi_idiv0                 
000008e7  __aeabi_ldiv0                 
000008e9  GPIOPadConfigSet              
00000b31  SysCtlClockGet                
00000cc5  _system_pre_init              
00000cc9  SysCtlClockSet                
00000e2d  C$$EXIT                       
00000e2d  abort                         
00000e31  LIB_UART_PrintfInit           
00000ee1  GPIOB_ISR_Handle              
00000f83  SysCtlDelay                   
00000f89  GPIOC_ISR_Handle              
00001031  GPIOD_ISR_Handle              
000010d9  GPIOE_ISR_Handle              
00001181  GPIOF_ISR_Handle              
00001229  LIB_I2C_Init                  
000012cb  __aeabi_memcpy                
000012cb  __aeabi_memcpy4               
000012cb  __aeabi_memcpy8               
000012cb  memcpy                        
00001369  GPIOA_ISR_Handle              
00001409  IntEnable                     
000014a1  Cx20106a_IntIsr               
00001519  main                          
00001591  UARTStdioConfig               
000015f9  __TI_decompress_lzss          
00001661  I2CMasterInitExpClk           
000016c1  GPIOPinConfigure              
00001721  UARTwrite                     
00001781  SysCtlPeripheralReset         
000017d9  UARTConfigSetExpClk           
00001821  __TI_auto_init_nobinit_nopinit
00001865  __aeabi_uidiv                 
00001865  __aeabi_uidivmod              
000018a9  SysCtlPeripheralReady         
000018e9  SysCtlPeripheralEnable        
0000191d  _c_int00_noargs               
00001951  GPIODirModeSet                
00001981  TIMER1A_ISR_Handle            
000019b1  TIMER1B_ISR_Handle            
000019e1  TIMER2A_ISR_Handle            
00001a11  TIMER2B_ISR_Handle            
00001a41  TIMER3A_ISR_Handle            
00001a71  TIMER3B_ISR_Handle            
00001aa1  TIMER4A_ISR_Handle            
00001ad1  TIMER4B_ISR_Handle            
00001b01  TIMER5A_ISR_Handle            
00001b31  TIMER5B_ISR_Handle            
00001b61  UART0_ISR_Handle              
00001b91  UART1_ISR_Handle              
00001bc1  UART2_ISR_Handle              
00001bf1  UART3_ISR_Handle              
00001c21  UART5_ISR_Handle              
00001c51  UART6_ISR_Handle              
00001c81  UART7_ISR_Handle              
00001cb1  TIMER0A_ISR_Handle            
00001cd9  TIMER0B_ISR_Handle            
00001d01  UART4_ISR_Handle              
00001d29  UARTDisable                   
00001d51  Cx20106a_GetDistance          
00001d79  LIB_UART_GetBlockData         
00001da1  QEI0_ISR_Handle               
00001dc1  QEI1_ISR_Handle               
00001de1  LIB_CLOCK_MainClockSet        
00001dfd  __TI_zero_init_nomemset       
00001e19  UARTprintf                    
00001e39  GPIOPinTypeI2C                
00001e51  GPIOPinTypeI2CSCL             
00001e69  GPIOPinTypeUART               
00001e81  UARTEnable                    
00001e99  Cx20106a_Init                 
00001eb1  IntMasterEnable               
00001ec9  GPIOIntStatus                 
00001ed9  LIB_ISR_UARTRegister          
00001ed9  LIB_UART_UartIsrSet           
00001ee7  __TI_decompress_none          
00001ef9  CPUcpsie                      
00001f09  I2CMasterEnable               
00001f19  TimerIntStatus                
00001f29  UARTFIFODisable               
00001f39  UARTIntStatus                 
00001f49  UARTIntEnable                 
00001f51  GPIOIntClear                  
00001f59  ResetISR                      
00001f61  UARTClockSourceSet            
00001f69  QEIIntClear                   
00001f71  TimerIntClear                 
00001f79  UARTIntClear                  
00001f99  __nop                         
00002148  __TI_Handler_Table_Base       
00002154  __TI_Handler_Table_Limit      
00002160  __TI_CINIT_Base               
00002170  __TI_CINIT_Limit              
20000000  __stack                       
20000200  __STACK_TOP                   
20000400  ExtiIsrHandleTable            
20000400  __STACK_END                   
200004c0  TimerIsrHandleTable           
200004f0  UartIsrHandleTable            
20000510  QeiIsrHandleTable             
2000051d  distance_ok                   
20000520  CPU_F                         
20000524  i                             
20000526  distence_buffer               
2000052a  distance                      
ffffffff  __TI_pprof_out_hndl           
ffffffff  __TI_prof_data_size           
ffffffff  __TI_prof_data_start          
ffffffff  __binit__                     
ffffffff  __c_args__                    
ffffffff  binit                         
UNDEFED   __mpu_init                    
UNDEFED   _system_post_cinit            

[118 symbols]
