******************************************************************************
                  TI ARM Linker PC v18.12.8                    
******************************************************************************
>> Linked Thu Jul 13 17:49:11 2023

OUTPUT FILE NAME:   <EK-TM4C123GXL_LIB_TEST.out>
ENTRY POINT SYMBOL: "_c_int00_noargs"  address: 000012c5


MEMORY CONFIGURATION

         name            origin    length      used     unused   attr    fill
----------------------  --------  ---------  --------  --------  ----  --------
  FLASH                 00000000   00040000  00001b52  0003e4ae  R  X
  SRAM                  20000000   00008000  00000544  00007abc  RW X


SEGMENT ALLOCATION MAP

run origin  load origin   length   init length attrs members
----------  ----------- ---------- ----------- ----- -------
00000000    00000000    00001b5c   00001b5c    r-x
  00000000    00000000    0000026c   0000026c    r-- .intvecs
  00000270    00000270    00001692   00001692    r-x .text
  00001904    00001904    00000218   00000218    r-- .const
  00001b20    00001b20    0000003c   0000003c    r-- .cinit
20000000    20000000    00000544   00000000    rw-
  20000000    20000000    00000400   00000000    rw- .stack
  20000400    20000400    00000144   00000000    rw- .data


SECTION ALLOCATION MAP

 output                                  attributes/
section   page    origin      length       input sections
--------  ----  ----------  ----------   ----------------
.intvecs   0    00000000    0000026c     
                  00000000    0000026c     startup_ccs.obj (.intvecs)

.text      0    00000270    00001692     
                  00000270    00000248     gpio.obj (.text:GPIOPadConfigSet)
                  000004b8    00000194     sysctl.obj (.text:SysCtlClockGet)
                  0000064c    00000004     rtsv7M4_T_le_v4SPD16_eabi.lib : pre_init.c.obj (.text:_system_pre_init)
                  00000650    00000164     sysctl.obj (.text:SysCtlClockSet)
                  000007b4    00000004     rtsv7M4_T_le_v4SPD16_eabi.lib : exit.c.obj (.text:abort:abort)
                  000007b8    0000011a     lib_pwm.obj (.text:LIB_PWM_Init)
                  000008d2    00000006     sysctl.obj (.text:SysCtlDelay)
                  000008d8    000000ae     lib_uart.obj (.text:LIB_UART_PrintfInit)
                  00000986    00000002     --HOLE-- [fill = 0]
                  00000988    000000a2     lib_EXTIisrmanagement.obj (.text:GPIOB_ISR_Handle)
                  00000a2a    00000006     --HOLE-- [fill = 0]
                  00000a30    000000a2     lib_EXTIisrmanagement.obj (.text:GPIOC_ISR_Handle)
                  00000ad2    00000006     --HOLE-- [fill = 0]
                  00000ad8    000000a2     lib_EXTIisrmanagement.obj (.text:GPIOD_ISR_Handle)
                  00000b7a    00000006     --HOLE-- [fill = 0]
                  00000b80    000000a2     lib_EXTIisrmanagement.obj (.text:GPIOE_ISR_Handle)
                  00000c22    00000006     --HOLE-- [fill = 0]
                  00000c28    000000a2     lib_EXTIisrmanagement.obj (.text:GPIOF_ISR_Handle)
                  00000cca    00000006     --HOLE-- [fill = 0]
                  00000cd0    000000a2     lib_i2c.obj (.text:LIB_I2C_Init)
                  00000d72    0000009c     rtsv7M4_T_le_v4SPD16_eabi.lib : memcpy_t2.asm.obj (.text)
                  00000e0e    00000002     --HOLE-- [fill = 0]
                  00000e10    0000009a     lib_EXTIisrmanagement.obj (.text:GPIOA_ISR_Handle)
                  00000eaa    00000006     --HOLE-- [fill = 0]
                  00000eb0    00000092     interrupt.obj (.text:IntEnable)
                  00000f42    00000006     --HOLE-- [fill = 0]
                  00000f48    00000072     lib_pwm.obj (.text:LIB_PWM_SetPulseWidth)
                  00000fba    00000006     --HOLE-- [fill = 0]
                  00000fc0    00000068     uartstdio.obj (.text:UARTStdioConfig)
                  00001028    00000068     rtsv7M4_T_le_v4SPD16_eabi.lib : copy_decompress_lzss.c.obj (.text:decompress:lzss:__TI_decompress_lzss)
                  00001090    00000068     main.obj (.text:main)
                  000010f8    0000005e     i2c.obj (.text:I2CMasterInitExpClk)
                  00001156    00000002     --HOLE-- [fill = 0]
                  00001158    0000005c     gpio.obj (.text:GPIOPinConfigure)
                  000011b4    00000004     --HOLE-- [fill = 0]
                  000011b8    00000052     sysctl.obj (.text:SysCtlPeripheralReset)
                  0000120a    00000002     --HOLE-- [fill = 0]
                  0000120c    00000044     rtsv7M4_T_le_v4SPD16_eabi.lib : autoinit.c.obj (.text:__TI_auto_init_nobinit_nopinit:__TI_auto_init_nobinit_nopinit)
                  00001250    0000003a     sysctl.obj (.text:SysCtlPeripheralReady)
                  0000128a    00000006     --HOLE-- [fill = 0]
                  00001290    00000034     sysctl.obj (.text:SysCtlPeripheralEnable)
                  000012c4    00000034     rtsv7M4_T_le_v4SPD16_eabi.lib : boot_cortex_m.c.obj (.text:_c_int00_noargs:_c_int00_noargs)
                  000012f8    0000002e     pwm.obj (.text:PWMGenConfigure)
                  00001326    00000002     --HOLE-- [fill = 0]
                  00001328    0000002c     gpio.obj (.text:GPIODirModeSet)
                  00001354    00000004     --HOLE-- [fill = 0]
                  00001358    0000002c     lib_TIMERisrmanagement.obj (.text:TIMER1A_ISR_Handle)
                  00001384    00000004     --HOLE-- [fill = 0]
                  00001388    0000002c     lib_TIMERisrmanagement.obj (.text:TIMER1B_ISR_Handle)
                  000013b4    00000004     --HOLE-- [fill = 0]
                  000013b8    0000002c     lib_TIMERisrmanagement.obj (.text:TIMER2A_ISR_Handle)
                  000013e4    00000004     --HOLE-- [fill = 0]
                  000013e8    0000002c     lib_TIMERisrmanagement.obj (.text:TIMER2B_ISR_Handle)
                  00001414    00000004     --HOLE-- [fill = 0]
                  00001418    0000002c     lib_TIMERisrmanagement.obj (.text:TIMER3A_ISR_Handle)
                  00001444    00000004     --HOLE-- [fill = 0]
                  00001448    0000002c     lib_TIMERisrmanagement.obj (.text:TIMER3B_ISR_Handle)
                  00001474    00000004     --HOLE-- [fill = 0]
                  00001478    0000002c     lib_TIMERisrmanagement.obj (.text:TIMER4A_ISR_Handle)
                  000014a4    00000004     --HOLE-- [fill = 0]
                  000014a8    0000002c     lib_TIMERisrmanagement.obj (.text:TIMER4B_ISR_Handle)
                  000014d4    00000004     --HOLE-- [fill = 0]
                  000014d8    0000002c     lib_TIMERisrmanagement.obj (.text:TIMER5A_ISR_Handle)
                  00001504    00000004     --HOLE-- [fill = 0]
                  00001508    0000002c     lib_TIMERisrmanagement.obj (.text:TIMER5B_ISR_Handle)
                  00001534    00000004     --HOLE-- [fill = 0]
                  00001538    0000002c     lib_UARTisrmanagement.obj (.text:UART0_ISR_Handle)
                  00001564    00000004     --HOLE-- [fill = 0]
                  00001568    0000002c     lib_UARTisrmanagement.obj (.text:UART1_ISR_Handle)
                  00001594    00000004     --HOLE-- [fill = 0]
                  00001598    0000002c     lib_UARTisrmanagement.obj (.text:UART2_ISR_Handle)
                  000015c4    00000004     --HOLE-- [fill = 0]
                  000015c8    0000002c     lib_UARTisrmanagement.obj (.text:UART3_ISR_Handle)
                  000015f4    00000004     --HOLE-- [fill = 0]
                  000015f8    0000002c     lib_UARTisrmanagement.obj (.text:UART5_ISR_Handle)
                  00001624    00000004     --HOLE-- [fill = 0]
                  00001628    0000002c     lib_UARTisrmanagement.obj (.text:UART6_ISR_Handle)
                  00001654    00000004     --HOLE-- [fill = 0]
                  00001658    0000002c     lib_UARTisrmanagement.obj (.text:UART7_ISR_Handle)
                  00001684    00000004     --HOLE-- [fill = 0]
                  00001688    00000028     lib_TIMERisrmanagement.obj (.text:TIMER0A_ISR_Handle)
                  000016b0    00000028     lib_TIMERisrmanagement.obj (.text:TIMER0B_ISR_Handle)
                  000016d8    00000028     lib_UARTisrmanagement.obj (.text:UART4_ISR_Handle)
                  00001700    0000001e     pwm.obj (.text:PWMPulseWidthSet)
                  0000171e    00000002     --HOLE-- [fill = 0]
                  00001720    0000001e     lib_QEIisrmanagement.obj (.text:QEI0_ISR_Handle)
                  0000173e    00000002     --HOLE-- [fill = 0]
                  00001740    0000001e     lib_QEIisrmanagement.obj (.text:QEI1_ISR_Handle)
                  0000175e    00000002     --HOLE-- [fill = 0]
                  00001760    0000001c     lib_clock.obj (.text:LIB_CLOCK_MainClockSet)
                  0000177c    00000004     --HOLE-- [fill = 0]
                  00001780    00000016     gpio.obj (.text:GPIOPinTypeI2C)
                  00001796    00000002     --HOLE-- [fill = 0]
                  00001798    00000016     gpio.obj (.text:GPIOPinTypeI2CSCL)
                  000017ae    00000002     --HOLE-- [fill = 0]
                  000017b0    00000016     gpio.obj (.text:GPIOPinTypePWM)
                  000017c6    00000002     --HOLE-- [fill = 0]
                  000017c8    00000016     gpio.obj (.text:GPIOPinTypeUART)
                  000017de    00000002     --HOLE-- [fill = 0]
                  000017e0    00000016     pwm.obj (.text:PWMOutputState)
                  000017f6    00000002     --HOLE-- [fill = 0]
                  000017f8    00000014     sysctl.obj (.text:SysCtlPWMClockSet)
                  0000180c    00000004     --HOLE-- [fill = 0]
                  00001810    00000012     interrupt.obj (.text:IntMasterEnable)
                  00001822    00000006     --HOLE-- [fill = 0]
                  00001828    00000012     pwm.obj (.text:PWMGenPeriodSet)
                  0000183a    00000006     --HOLE-- [fill = 0]
                  00001840    0000000e     gpio.obj (.text:GPIOIntStatus)
                  0000184e    0000000e     rtsv7M4_T_le_v4SPD16_eabi.lib : copy_decompress_none.c.obj (.text:decompress:none:__TI_decompress_none)
                  0000185c    00000004     --HOLE-- [fill = 0]
                  00001860    0000000c     cpu.obj (.text:CPUcpsie)
                  0000186c    00000004     --HOLE-- [fill = 0]
                  00001870    0000000c     pwm.obj (.text:PWMGenEnable)
                  0000187c    00000004     --HOLE-- [fill = 0]
                  00001880    0000000a     i2c.obj (.text:I2CMasterEnable)
                  0000188a    00000006     --HOLE-- [fill = 0]
                  00001890    0000000a     timer.obj (.text:TimerIntStatus)
                  0000189a    00000006     --HOLE-- [fill = 0]
                  000018a0    0000000a     uart.obj (.text:UARTIntStatus)
                  000018aa    00000006     --HOLE-- [fill = 0]
                  000018b0    00000008     uart.obj (.text:UARTIntEnable)
                  000018b8    00000006     gpio.obj (.text:GPIOIntClear)
                  000018be    00000002     --HOLE-- [fill = 0]
                  000018c0    00000006     startup_ccs.obj (.text:ResetISR)
                  000018c6    00000002     --HOLE-- [fill = 0]
                  000018c8    00000006     uart.obj (.text:UARTClockSourceSet)
                  000018ce    00000002     --HOLE-- [fill = 0]
                  000018d0    00000004     qei.obj (.text:QEIIntClear)
                  000018d4    00000004     --HOLE-- [fill = 0]
                  000018d8    00000004     timer.obj (.text:TimerIntClear)
                  000018dc    00000004     --HOLE-- [fill = 0]
                  000018e0    00000004     uart.obj (.text:UARTIntClear)
                  000018e4    00000004     --HOLE-- [fill = 0]
                  000018e8    00000002     startup_ccs.obj (.text:FaultISR)
                  000018ea    00000006     --HOLE-- [fill = 0]
                  000018f0    00000002     startup_ccs.obj (.text:IntDefaultHandler)
                  000018f2    00000006     --HOLE-- [fill = 0]
                  000018f8    00000002     startup_ccs.obj (.text:NmiSR)
                  000018fa    00000006     --HOLE-- [fill = 0]
                  00001900    00000002     lib_EXTIisrmanagement.obj (.text:__nop)

.const     0    00001904    00000218     
                  00001904    00000090     gpio.obj (.const:g_pui32GPIOBaseAddrs)
                  00001994    0000006c     sysctl.obj (.const:g_pui32Xtals)
                  00001a00    00000050     lib_i2c.obj (.const:$P$T0$1)
                  00001a50    00000020     lib_pwm.obj (.const:$P$T0$1)
                  00001a70    00000020     lib_pwm.obj (.const:$P$T1$2)
                  00001a90    00000020     lib_pwm.obj (.const:$P$T2$3)
                  00001ab0    00000020     lib_pwm.obj (.const:$P$T3$4)
                  00001ad0    00000020     lib_pwm.obj (.const:PWM_OUT_TABLE)
                  00001af0    00000014     interrupt.obj (.const:g_pui32EnRegs)
                  00001b04    0000000c     uartstdio.obj (.const:g_ui32UARTBase)
                  00001b10    0000000c     uartstdio.obj (.const:g_ui32UARTPeriph)

.cinit     0    00001b20    0000003c     
                  00001b20    0000002c     (.cinit..data.load) [load image, compression = lzss]
                  00001b4c    00000008     (__TI_handler_table)
                  00001b54    00000008     (__TI_cinit_table)

.init_array 
*          0    00000000    00000000     UNINITIALIZED

.data      0    20000400    00000144     UNINITIALIZED
                  20000400    000000c0     lib_EXTIisrmanagement.obj (.data:ExtiIsrHandleTable)
                  200004c0    00000030     lib_TIMERisrmanagement.obj (.data:TimerIsrHandleTable)
                  200004f0    00000020     lib_pwm.obj (.data:PWM_OUT_BIT_TABLE)
                  20000510    00000020     lib_UARTisrmanagement.obj (.data:UartIsrHandleTable)
                  20000530    00000008     lib_QEIisrmanagement.obj (.data:QeiIsrHandleTable)
                  20000538    00000005     uartstdio.obj (.data)
                  2000053d    00000001     --HOLE--
                  2000053e    00000002     main.obj (.data)
                  20000540    00000004     lib_clock.obj (.data)

.stack     0    20000000    00000400     UNINITIALIZED
                  20000000    00000004     rtsv7M4_T_le_v4SPD16_eabi.lib : boot_cortex_m.c.obj (.stack)
                  20000004    000003fc     --HOLE--

.binit     0    00000000    00000000     

MODULE SUMMARY

       Module                       code   ro data   rw data
       ------                       ----   -------   -------
    .\
       startup_ccs.obj              12     620       0      
       main.obj                     104    0         2      
    +--+----------------------------+------+---------+---------+
       Total:                       116    620       2      
                                                            
    .\EK-TM4C123GXL_LIB\clock\
       lib_clock.obj                28     0         4      
    +--+----------------------------+------+---------+---------+
       Total:                       28     0         4      
                                                            
    .\EK-TM4C123GXL_LIB\i2c\
       lib_i2c.obj                  162    80        0      
    +--+----------------------------+------+---------+---------+
       Total:                       162    80        0      
                                                            
    .\EK-TM4C123GXL_LIB\isr_anagement\
       lib_EXTIisrmanagement.obj    966    0         192    
       lib_TIMERisrmanagement.obj   520    0         48     
       lib_UARTisrmanagement.obj    348    0         32     
       lib_QEIisrmanagement.obj     60     0         8      
    +--+----------------------------+------+---------+---------+
       Total:                       1894   0         280    
                                                            
    .\EK-TM4C123GXL_LIB\pwm\
       lib_pwm.obj                  396    160       32     
    +--+----------------------------+------+---------+---------+
       Total:                       396    160       32     
                                                            
    .\EK-TM4C123GXL_LIB\uart\
       lib_uart.obj                 174    0         0      
    +--+----------------------------+------+---------+---------+
       Total:                       174    0         0      
                                                            
    .\driverlib\
       sysctl.obj                   978    108       0      
       gpio.obj                     828    144       0      
       interrupt.obj                164    20        0      
       pwm.obj                      128    0         0      
       i2c.obj                      104    0         0      
       uart.obj                     28     0         0      
       timer.obj                    14     0         0      
       cpu.obj                      12     0         0      
       qei.obj                      4      0         0      
    +--+----------------------------+------+---------+---------+
       Total:                       2260   272       0      
                                                            
    .\utils\
       uartstdio.obj                104    24        5      
    +--+----------------------------+------+---------+---------+
       Total:                       104    24        5      
                                                            
    C:\ti\ccs1220\ccs\tools\compiler\ti-cgt-arm_18.12.8.LTS\lib\rtsv7M4_T_le_v4SPD16_eabi.lib
       memcpy_t2.asm.obj            156    0         0      
       copy_decompress_lzss.c.obj   104    0         0      
       autoinit.c.obj               68     0         0      
       boot_cortex_m.c.obj          52     0         0      
       copy_decompress_none.c.obj   14     0         0      
       exit.c.obj                   4      0         0      
       pre_init.c.obj               4      0         0      
    +--+----------------------------+------+---------+---------+
       Total:                       402    0         0      
                                                            
       Stack:                       0      0         1024   
       Linker Generated:            0      60        0      
    +--+----------------------------+------+---------+---------+
       Grand Total:                 5536   1216      1347   


LINKER GENERATED COPY TABLES

__TI_cinit_table @ 00001b54 records: 1, size/record: 8, table size: 8
	.data: load addr=00001b20, load size=0000002c bytes, run addr=20000400, run size=00000144 bytes, compression=lzss


LINKER GENERATED HANDLER TABLE

__TI_handler_table @ 00001b4c records: 2, size/record: 4, table size: 8
	index: 0, handler: __TI_decompress_lzss
	index: 1, handler: __TI_decompress_none


GLOBAL SYMBOLS: SORTED ALPHABETICALLY BY Name 

address   name                          
-------   ----                          
000007b5  C$$EXIT                       
20000540  CPU_F                         
00001861  CPUcpsie                      
20000400  ExtiIsrHandleTable            
00000e11  GPIOA_ISR_Handle              
00000989  GPIOB_ISR_Handle              
00000a31  GPIOC_ISR_Handle              
00000ad9  GPIOD_ISR_Handle              
00001329  GPIODirModeSet                
00000b81  GPIOE_ISR_Handle              
00000c29  GPIOF_ISR_Handle              
000018b9  GPIOIntClear                  
00001841  GPIOIntStatus                 
00000271  GPIOPadConfigSet              
00001159  GPIOPinConfigure              
00001781  GPIOPinTypeI2C                
00001799  GPIOPinTypeI2CSCL             
000017b1  GPIOPinTypePWM                
000017c9  GPIOPinTypeUART               
00001881  I2CMasterEnable               
000010f9  I2CMasterInitExpClk           
00000eb1  IntEnable                     
00001811  IntMasterEnable               
00001761  LIB_CLOCK_MainClockSet        
00000cd1  LIB_I2C_Init                  
000007b9  LIB_PWM_Init                  
00000f49  LIB_PWM_SetPulseWidth         
000008d9  LIB_UART_PrintfInit           
000012f9  PWMGenConfigure               
00001871  PWMGenEnable                  
00001829  PWMGenPeriodSet               
000017e1  PWMOutputState                
00001701  PWMPulseWidthSet              
200004f0  PWM_OUT_BIT_TABLE             
00001ad0  PWM_OUT_TABLE                 
00001721  QEI0_ISR_Handle               
00001741  QEI1_ISR_Handle               
000018d1  QEIIntClear                   
20000530  QeiIsrHandleTable             
000018c1  ResetISR                      
000004b9  SysCtlClockGet                
00000651  SysCtlClockSet                
000008d3  SysCtlDelay                   
000017f9  SysCtlPWMClockSet             
00001291  SysCtlPeripheralEnable        
00001251  SysCtlPeripheralReady         
000011b9  SysCtlPeripheralReset         
00001689  TIMER0A_ISR_Handle            
000016b1  TIMER0B_ISR_Handle            
00001359  TIMER1A_ISR_Handle            
00001389  TIMER1B_ISR_Handle            
000013b9  TIMER2A_ISR_Handle            
000013e9  TIMER2B_ISR_Handle            
00001419  TIMER3A_ISR_Handle            
00001449  TIMER3B_ISR_Handle            
00001479  TIMER4A_ISR_Handle            
000014a9  TIMER4B_ISR_Handle            
000014d9  TIMER5A_ISR_Handle            
00001509  TIMER5B_ISR_Handle            
000018d9  TimerIntClear                 
00001891  TimerIntStatus                
200004c0  TimerIsrHandleTable           
00001539  UART0_ISR_Handle              
00001569  UART1_ISR_Handle              
00001599  UART2_ISR_Handle              
000015c9  UART3_ISR_Handle              
000016d9  UART4_ISR_Handle              
000015f9  UART5_ISR_Handle              
00001629  UART6_ISR_Handle              
00001659  UART7_ISR_Handle              
000018c9  UARTClockSourceSet            
000018e1  UARTIntClear                  
000018b1  UARTIntEnable                 
000018a1  UARTIntStatus                 
00000fc1  UARTStdioConfig               
20000510  UartIsrHandleTable            
20000400  __STACK_END                   
00000400  __STACK_SIZE                  
20000200  __STACK_TOP                   
00001b54  __TI_CINIT_Base               
00001b5c  __TI_CINIT_Limit              
00001b4c  __TI_Handler_Table_Base       
00001b54  __TI_Handler_Table_Limit      
0000120d  __TI_auto_init_nobinit_nopinit
00001029  __TI_decompress_lzss          
0000184f  __TI_decompress_none          
ffffffff  __TI_pprof_out_hndl           
ffffffff  __TI_prof_data_size           
ffffffff  __TI_prof_data_start          
00000000  __TI_static_base__            
00000d73  __aeabi_memcpy                
00000d73  __aeabi_memcpy4               
00000d73  __aeabi_memcpy8               
ffffffff  __binit__                     
ffffffff  __c_args__                    
UNDEFED   __mpu_init                    
00001901  __nop                         
20000000  __stack                       
000012c5  _c_int00_noargs               
UNDEFED   _system_post_cinit            
0000064d  _system_pre_init              
000007b5  abort                         
ffffffff  binit                         
00000000  g_pfnVectors                  
2000053e  i                             
00001091  main                          
00000d73  memcpy                        


GLOBAL SYMBOLS: SORTED BY Symbol Address 

address   name                          
-------   ----                          
00000000  __TI_static_base__            
00000000  g_pfnVectors                  
00000271  GPIOPadConfigSet              
00000400  __STACK_SIZE                  
000004b9  SysCtlClockGet                
0000064d  _system_pre_init              
00000651  SysCtlClockSet                
000007b5  C$$EXIT                       
000007b5  abort                         
000007b9  LIB_PWM_Init                  
000008d3  SysCtlDelay                   
000008d9  LIB_UART_PrintfInit           
00000989  GPIOB_ISR_Handle              
00000a31  GPIOC_ISR_Handle              
00000ad9  GPIOD_ISR_Handle              
00000b81  GPIOE_ISR_Handle              
00000c29  GPIOF_ISR_Handle              
00000cd1  LIB_I2C_Init                  
00000d73  __aeabi_memcpy                
00000d73  __aeabi_memcpy4               
00000d73  __aeabi_memcpy8               
00000d73  memcpy                        
00000e11  GPIOA_ISR_Handle              
00000eb1  IntEnable                     
00000f49  LIB_PWM_SetPulseWidth         
00000fc1  UARTStdioConfig               
00001029  __TI_decompress_lzss          
00001091  main                          
000010f9  I2CMasterInitExpClk           
00001159  GPIOPinConfigure              
000011b9  SysCtlPeripheralReset         
0000120d  __TI_auto_init_nobinit_nopinit
00001251  SysCtlPeripheralReady         
00001291  SysCtlPeripheralEnable        
000012c5  _c_int00_noargs               
000012f9  PWMGenConfigure               
00001329  GPIODirModeSet                
00001359  TIMER1A_ISR_Handle            
00001389  TIMER1B_ISR_Handle            
000013b9  TIMER2A_ISR_Handle            
000013e9  TIMER2B_ISR_Handle            
00001419  TIMER3A_ISR_Handle            
00001449  TIMER3B_ISR_Handle            
00001479  TIMER4A_ISR_Handle            
000014a9  TIMER4B_ISR_Handle            
000014d9  TIMER5A_ISR_Handle            
00001509  TIMER5B_ISR_Handle            
00001539  UART0_ISR_Handle              
00001569  UART1_ISR_Handle              
00001599  UART2_ISR_Handle              
000015c9  UART3_ISR_Handle              
000015f9  UART5_ISR_Handle              
00001629  UART6_ISR_Handle              
00001659  UART7_ISR_Handle              
00001689  TIMER0A_ISR_Handle            
000016b1  TIMER0B_ISR_Handle            
000016d9  UART4_ISR_Handle              
00001701  PWMPulseWidthSet              
00001721  QEI0_ISR_Handle               
00001741  QEI1_ISR_Handle               
00001761  LIB_CLOCK_MainClockSet        
00001781  GPIOPinTypeI2C                
00001799  GPIOPinTypeI2CSCL             
000017b1  GPIOPinTypePWM                
000017c9  GPIOPinTypeUART               
000017e1  PWMOutputState                
000017f9  SysCtlPWMClockSet             
00001811  IntMasterEnable               
00001829  PWMGenPeriodSet               
00001841  GPIOIntStatus                 
0000184f  __TI_decompress_none          
00001861  CPUcpsie                      
00001871  PWMGenEnable                  
00001881  I2CMasterEnable               
00001891  TimerIntStatus                
000018a1  UARTIntStatus                 
000018b1  UARTIntEnable                 
000018b9  GPIOIntClear                  
000018c1  ResetISR                      
000018c9  UARTClockSourceSet            
000018d1  QEIIntClear                   
000018d9  TimerIntClear                 
000018e1  UARTIntClear                  
00001901  __nop                         
00001ad0  PWM_OUT_TABLE                 
00001b4c  __TI_Handler_Table_Base       
00001b54  __TI_CINIT_Base               
00001b54  __TI_Handler_Table_Limit      
00001b5c  __TI_CINIT_Limit              
20000000  __stack                       
20000200  __STACK_TOP                   
20000400  ExtiIsrHandleTable            
20000400  __STACK_END                   
200004c0  TimerIsrHandleTable           
200004f0  PWM_OUT_BIT_TABLE             
20000510  UartIsrHandleTable            
20000530  QeiIsrHandleTable             
2000053e  i                             
20000540  CPU_F                         
ffffffff  __TI_pprof_out_hndl           
ffffffff  __TI_prof_data_size           
ffffffff  __TI_prof_data_start          
ffffffff  __binit__                     
ffffffff  __c_args__                    
ffffffff  binit                         
UNDEFED   __mpu_init                    
UNDEFED   _system_post_cinit            

[107 symbols]
