******************************************************************************
                  TI ARM Linker PC v18.12.8                    
******************************************************************************
>> Linked Thu May 25 21:07:00 2023

OUTPUT FILE NAME:   <EK-TM4C123GXL_LIB_TEST.out>
ENTRY POINT SYMBOL: "_c_int00_noargs"  address: 000016c5


MEMORY CONFIGURATION

         name            origin    length      used     unused   attr    fill
----------------------  --------  ---------  --------  --------  ----  --------
  FLASH                 00000000   00040000  00001f36  0003e0ca  R  X
  SRAM                  20000000   00008000  00000324  00007cdc  RW X


SEGMENT ALLOCATION MAP

run origin  load origin   length   init length attrs members
----------  ----------- ---------- ----------- ----- -------
00000000    00000000    00001f40   00001f40    r-x
  00000000    00000000    0000026c   0000026c    r-- .intvecs
  00000270    00000270    00001b62   00001b62    r-x .text
  00001dd4    00001dd4    00000148   00000148    r-- .const
  00001f20    00001f20    00000020   00000020    r-- .cinit
20000000    20000000    00000324   00000000    rw-
  20000000    20000000    00000200   00000000    rw- .stack
  20000200    20000200    00000124   00000000    rw- .data


SECTION ALLOCATION MAP

 output                                  attributes/
section   page    origin      length       input sections
--------  ----  ----------  ----------   ----------------
.intvecs   0    00000000    0000026c     
                  00000000    0000026c     startup_ccs.obj (.intvecs)

.text      0    00000270    00001b62     
                  00000270    0000031e     uartstdio.obj (.text:UARTvprintf)
                  0000058e    00000002     rtsv7M4_T_le_v4SPD16_eabi.lib : div0.asm.obj (.text)
                  00000590    00000248     gpio.obj (.text:GPIOPadConfigSet)
                  000007d8    00000194     sysctl.obj (.text:SysCtlClockGet)
                  0000096c    00000004     rtsv7M4_T_le_v4SPD16_eabi.lib : pre_init.c.obj (.text:_system_pre_init)
                  00000970    00000164     sysctl.obj (.text:SysCtlClockSet)
                  00000ad4    00000004     rtsv7M4_T_le_v4SPD16_eabi.lib : exit.c.obj (.text:abort:abort)
                  00000ad8    0000012a     lib_qei.obj (.text:LIB_QEI_Init)
                  00000c02    00000006     sysctl.obj (.text:SysCtlDelay)
                  00000c08    000000b8     lib_gpio.obj (.text:LIB_GPIO_Init)
                  00000cc0    000000ae     lib_uart.obj (.text:LIB_UART_PrintfInit)
                  00000d6e    00000002     --HOLE-- [fill = 0]
                  00000d70    000000a2     lib_EXTIisrmanagement.obj (.text:GPIOB_ISR_Handle)
                  00000e12    00000006     --HOLE-- [fill = 0]
                  00000e18    000000a2     lib_EXTIisrmanagement.obj (.text:GPIOC_ISR_Handle)
                  00000eba    00000006     --HOLE-- [fill = 0]
                  00000ec0    000000a2     lib_EXTIisrmanagement.obj (.text:GPIOD_ISR_Handle)
                  00000f62    00000006     --HOLE-- [fill = 0]
                  00000f68    000000a2     lib_EXTIisrmanagement.obj (.text:GPIOE_ISR_Handle)
                  0000100a    00000006     --HOLE-- [fill = 0]
                  00001010    000000a2     lib_EXTIisrmanagement.obj (.text:GPIOF_ISR_Handle)
                  000010b2    0000009c     rtsv7M4_T_le_v4SPD16_eabi.lib : memcpy_t2.asm.obj (.text)
                  0000114e    00000002     --HOLE-- [fill = 0]
                  00001150    0000009a     lib_EXTIisrmanagement.obj (.text:GPIOA_ISR_Handle)
                  000011ea    00000006     --HOLE-- [fill = 0]
                  000011f0    00000092     interrupt.obj (.text:IntEnable)
                  00001282    00000006     --HOLE-- [fill = 0]
                  00001288    00000086     blinky.obj (.text:main)
                  0000130e    00000002     --HOLE-- [fill = 0]
                  00001310    00000080     lib_timer.obj (.text:LIB_TIMER_InitCycle)
                  00001390    00000070     timer.obj (.text:TimerConfigure)
                  00001400    00000068     uartstdio.obj (.text:UARTStdioConfig)
                  00001468    00000068     rtsv7M4_T_le_v4SPD16_eabi.lib : copy_decompress_lzss.c.obj (.text:decompress:lzss:__TI_decompress_lzss)
                  000014d0    0000005c     gpio.obj (.text:GPIOPinConfigure)
                  0000152c    00000004     --HOLE-- [fill = 0]
                  00001530    0000005a     uartstdio.obj (.text:UARTwrite)
                  0000158a    00000002     --HOLE-- [fill = 0]
                  0000158c    00000044     rtsv7M4_T_le_v4SPD16_eabi.lib : autoinit.c.obj (.text:__TI_auto_init_nobinit_nopinit:__TI_auto_init_nobinit_nopinit)
                  000015d0    00000040     blinky.obj (.text:motor_control)
                  00001610    00000040     rtsv7M4_T_le_v4SPD16_eabi.lib : u_divt2.asm.obj (.text)
                  00001650    0000003a     sysctl.obj (.text:SysCtlPeripheralReady)
                  0000168a    00000006     --HOLE-- [fill = 0]
                  00001690    00000034     sysctl.obj (.text:SysCtlPeripheralEnable)
                  000016c4    00000034     rtsv7M4_T_le_v4SPD16_eabi.lib : boot_cortex_m.c.obj (.text:_c_int00_noargs:_c_int00_noargs)
                  000016f8    0000002c     gpio.obj (.text:GPIODirModeSet)
                  00001724    00000004     --HOLE-- [fill = 0]
                  00001728    0000002c     lib_TIMERisrmanagement.obj (.text:TIMER1A_ISR_Handle)
                  00001754    00000004     --HOLE-- [fill = 0]
                  00001758    0000002c     lib_TIMERisrmanagement.obj (.text:TIMER1B_ISR_Handle)
                  00001784    00000004     --HOLE-- [fill = 0]
                  00001788    0000002c     lib_TIMERisrmanagement.obj (.text:TIMER2A_ISR_Handle)
                  000017b4    00000004     --HOLE-- [fill = 0]
                  000017b8    0000002c     lib_TIMERisrmanagement.obj (.text:TIMER2B_ISR_Handle)
                  000017e4    00000004     --HOLE-- [fill = 0]
                  000017e8    0000002c     lib_TIMERisrmanagement.obj (.text:TIMER3A_ISR_Handle)
                  00001814    00000004     --HOLE-- [fill = 0]
                  00001818    0000002c     lib_TIMERisrmanagement.obj (.text:TIMER3B_ISR_Handle)
                  00001844    00000004     --HOLE-- [fill = 0]
                  00001848    0000002c     lib_TIMERisrmanagement.obj (.text:TIMER4A_ISR_Handle)
                  00001874    00000004     --HOLE-- [fill = 0]
                  00001878    0000002c     lib_TIMERisrmanagement.obj (.text:TIMER4B_ISR_Handle)
                  000018a4    00000004     --HOLE-- [fill = 0]
                  000018a8    0000002c     lib_TIMERisrmanagement.obj (.text:TIMER5A_ISR_Handle)
                  000018d4    00000004     --HOLE-- [fill = 0]
                  000018d8    0000002c     lib_TIMERisrmanagement.obj (.text:TIMER5B_ISR_Handle)
                  00001904    00000004     --HOLE-- [fill = 0]
                  00001908    0000002c     lib_UARTisrmanagement.obj (.text:UART0_ISR_Handle)
                  00001934    00000004     --HOLE-- [fill = 0]
                  00001938    0000002c     lib_UARTisrmanagement.obj (.text:UART1_ISR_Handle)
                  00001964    00000004     --HOLE-- [fill = 0]
                  00001968    0000002c     lib_UARTisrmanagement.obj (.text:UART2_ISR_Handle)
                  00001994    00000004     --HOLE-- [fill = 0]
                  00001998    0000002c     lib_UARTisrmanagement.obj (.text:UART3_ISR_Handle)
                  000019c4    00000004     --HOLE-- [fill = 0]
                  000019c8    0000002c     lib_UARTisrmanagement.obj (.text:UART5_ISR_Handle)
                  000019f4    00000004     --HOLE-- [fill = 0]
                  000019f8    0000002c     lib_UARTisrmanagement.obj (.text:UART6_ISR_Handle)
                  00001a24    00000004     --HOLE-- [fill = 0]
                  00001a28    0000002c     lib_UARTisrmanagement.obj (.text:UART7_ISR_Handle)
                  00001a54    00000004     --HOLE-- [fill = 0]
                  00001a58    00000028     lib_TIMERisrmanagement.obj (.text:TIMER0A_ISR_Handle)
                  00001a80    00000028     lib_TIMERisrmanagement.obj (.text:TIMER0B_ISR_Handle)
                  00001aa8    00000028     lib_UARTisrmanagement.obj (.text:UART4_ISR_Handle)
                  00001ad0    00000020     lib_gpio.obj (.text:LIB_GPIO_WritePin)
                  00001af0    00000020     blinky.obj (.text:toggle)
                  00001b10    0000001e     lib_QEIisrmanagement.obj (.text:QEI0_ISR_Handle)
                  00001b2e    00000002     --HOLE-- [fill = 0]
                  00001b30    0000001e     lib_QEIisrmanagement.obj (.text:QEI1_ISR_Handle)
                  00001b4e    00000002     --HOLE-- [fill = 0]
                  00001b50    0000001c     lib_clock.obj (.text:LIB_CLOCK_MainClockSet)
                  00001b6c    00000004     --HOLE-- [fill = 0]
                  00001b70    0000001c     lib_clock.obj (.text:LIB_CLOCK_PeripheralClockEnable)
                  00001b8c    00000004     --HOLE-- [fill = 0]
                  00001b90    0000001a     timer.obj (.text:TimerDisable)
                  00001baa    00000006     --HOLE-- [fill = 0]
                  00001bb0    0000001a     uartstdio.obj (.text:UARTprintf)
                  00001bca    00000006     --HOLE-- [fill = 0]
                  00001bd0    00000018     lib_qei.obj (.text:LIB_QEI_GetDirect)
                  00001be8    00000016     gpio.obj (.text:GPIOPinTypeQEI)
                  00001bfe    00000002     --HOLE-- [fill = 0]
                  00001c00    00000016     gpio.obj (.text:GPIOPinTypeUART)
                  00001c16    00000002     --HOLE-- [fill = 0]
                  00001c18    00000012     interrupt.obj (.text:IntMasterEnable)
                  00001c2a    00000006     --HOLE-- [fill = 0]
                  00001c30    00000012     lib_gpio.obj (.text:LIB_GPIO_TogglePin)
                  00001c42    00000006     --HOLE-- [fill = 0]
                  00001c48    00000012     lib_TIMERisrmanagement.obj (.text:LIB_ISR_TIMERRegister)
                  00001c5a    00000006     --HOLE-- [fill = 0]
                  00001c60    00000012     lib_qei.obj (.text:LIB_QEI_GetPulse)
                  00001c72    00000006     --HOLE-- [fill = 0]
                  00001c78    00000012     lib_timer.obj (.text:LIB_TIMER_IntEnable)
                  00001c8a    00000006     --HOLE-- [fill = 0]
                  00001c90    00000012     timer.obj (.text:TimerLoadSet)
                  00001ca2    00000006     --HOLE-- [fill = 0]
                  00001ca8    00000010     qei.obj (.text:QEIVelocityConfigure)
                  00001cb8    0000000e     gpio.obj (.text:GPIOIntStatus)
                  00001cc6    00000002     --HOLE-- [fill = 0]
                  00001cc8    0000000e     lib_QEIisrmanagement.obj (.text:LIB_ISR_QEIRegister)
                  00001cd6    00000002     --HOLE-- [fill = 0]
                  00001cd8    0000000e     qei.obj (.text:QEIConfigure)
                  00001ce6    00000002     --HOLE-- [fill = 0]
                  00001ce8    0000000e     qei.obj (.text:QEIDirectionGet)
                  00001cf6    00000002     --HOLE-- [fill = 0]
                  00001cf8    0000000e     timer.obj (.text:TimerEnable)
                  00001d06    0000000e     rtsv7M4_T_le_v4SPD16_eabi.lib : copy_decompress_none.c.obj (.text:decompress:none:__TI_decompress_none)
                  00001d14    00000004     --HOLE-- [fill = 0]
                  00001d18    0000000c     cpu.obj (.text:CPUcpsie)
                  00001d24    00000004     --HOLE-- [fill = 0]
                  00001d28    0000000a     qei.obj (.text:QEIEnable)
                  00001d32    00000006     --HOLE-- [fill = 0]
                  00001d38    0000000a     qei.obj (.text:QEIVelocityEnable)
                  00001d42    00000006     --HOLE-- [fill = 0]
                  00001d48    0000000a     timer.obj (.text:TimerIntStatus)
                  00001d52    00000006     --HOLE-- [fill = 0]
                  00001d58    0000000a     uart.obj (.text:UARTIntStatus)
                  00001d62    00000006     --HOLE-- [fill = 0]
                  00001d68    00000008     qei.obj (.text:QEIIntEnable)
                  00001d70    00000008     timer.obj (.text:TimerIntEnable)
                  00001d78    00000008     uart.obj (.text:UARTIntEnable)
                  00001d80    00000006     gpio.obj (.text:GPIOIntClear)
                  00001d86    00000002     --HOLE-- [fill = 0]
                  00001d88    00000006     startup_ccs.obj (.text:ResetISR)
                  00001d8e    00000002     --HOLE-- [fill = 0]
                  00001d90    00000006     uart.obj (.text:UARTClockSourceSet)
                  00001d96    00000002     --HOLE-- [fill = 0]
                  00001d98    00000004     qei.obj (.text:QEIIntClear)
                  00001d9c    00000004     --HOLE-- [fill = 0]
                  00001da0    00000004     qei.obj (.text:QEIVelocityGet)
                  00001da4    00000004     --HOLE-- [fill = 0]
                  00001da8    00000004     timer.obj (.text:TimerIntClear)
                  00001dac    00000004     --HOLE-- [fill = 0]
                  00001db0    00000004     uart.obj (.text:UARTIntClear)
                  00001db4    00000004     --HOLE-- [fill = 0]
                  00001db8    00000002     startup_ccs.obj (.text:FaultISR)
                  00001dba    00000006     --HOLE-- [fill = 0]
                  00001dc0    00000002     startup_ccs.obj (.text:IntDefaultHandler)
                  00001dc2    00000006     --HOLE-- [fill = 0]
                  00001dc8    00000002     startup_ccs.obj (.text:NmiSR)
                  00001dca    00000006     --HOLE-- [fill = 0]
                  00001dd0    00000002     lib_EXTIisrmanagement.obj (.text:__nop)

.const     0    00001dd4    00000148     
                  00001dd4    00000090     gpio.obj (.const:g_pui32GPIOBaseAddrs)
                  00001e64    0000006c     sysctl.obj (.const:g_pui32Xtals)
                  00001ed0    00000018     lib_timer.obj (.const:$P$T0$1)
                  00001ee8    00000014     interrupt.obj (.const:g_pui32EnRegs)
                  00001efc    0000000c     uartstdio.obj (.const:g_ui32UARTBase)
                  00001f08    0000000c     uartstdio.obj (.const:g_ui32UARTPeriph)
                  00001f14    00000008     lib_qei.obj (.const:$P$T0$1)

.cinit     0    00001f20    00000020     
                  00001f20    0000000e     (.cinit..data.load) [load image, compression = lzss]
                  00001f2e    00000002     --HOLE-- [fill = 0]
                  00001f30    00000008     (__TI_handler_table)
                  00001f38    00000008     (__TI_cinit_table)

.init_array 
*          0    00000000    00000000     UNINITIALIZED

.data      0    20000200    00000124     UNINITIALIZED
                  20000200    000000c0     lib_EXTIisrmanagement.obj (.data:ExtiIsrHandleTable)
                  200002c0    00000030     lib_TIMERisrmanagement.obj (.data:TimerIsrHandleTable)
                  200002f0    00000020     lib_UARTisrmanagement.obj (.data:UartIsrHandleTable)
                  20000310    00000008     lib_QEIisrmanagement.obj (.data:QeiIsrHandleTable)
                  20000318    00000005     uartstdio.obj (.data)
                  2000031d    00000003     --HOLE--
                  20000320    00000004     lib_clock.obj (.data)

.stack     0    20000000    00000200     UNINITIALIZED
                  20000000    00000004     rtsv7M4_T_le_v4SPD16_eabi.lib : boot_cortex_m.c.obj (.stack)
                  20000004    000001fc     --HOLE--

.binit     0    00000000    00000000     

MODULE SUMMARY

       Module                       code   ro data   rw data
       ------                       ----   -------   -------
    .\
       startup_ccs.obj              12     620       0      
       blinky.obj                   230    0         0      
    +--+----------------------------+------+---------+---------+
       Total:                       242    620       0      
                                                            
    .\EK-TM4C123GXL_LIB\clock\
       lib_clock.obj                56     0         4      
    +--+----------------------------+------+---------+---------+
       Total:                       56     0         4      
                                                            
    .\EK-TM4C123GXL_LIB\gpio\
       lib_gpio.obj                 234    0         0      
    +--+----------------------------+------+---------+---------+
       Total:                       234    0         0      
                                                            
    .\EK-TM4C123GXL_LIB\isr_anagement\
       lib_EXTIisrmanagement.obj    966    0         192    
       lib_TIMERisrmanagement.obj   538    0         48     
       lib_UARTisrmanagement.obj    348    0         32     
       lib_QEIisrmanagement.obj     74     0         8      
    +--+----------------------------+------+---------+---------+
       Total:                       1926   0         280    
                                                            
    .\EK-TM4C123GXL_LIB\qei\
       lib_qei.obj                  340    8         0      
    +--+----------------------------+------+---------+---------+
       Total:                       340    8         0      
                                                            
    .\EK-TM4C123GXL_LIB\timer\
       lib_timer.obj                146    24        0      
    +--+----------------------------+------+---------+---------+
       Total:                       146    24        0      
                                                            
    .\EK-TM4C123GXL_LIB\uart\
       lib_uart.obj                 174    0         0      
    +--+----------------------------+------+---------+---------+
       Total:                       174    0         0      
                                                            
    .\driverlib\
       sysctl.obj                   876    108       0      
       gpio.obj                     784    144       0      
       timer.obj                    192    0         0      
       interrupt.obj                164    20        0      
       qei.obj                      80     0         0      
       uart.obj                     28     0         0      
       cpu.obj                      12     0         0      
    +--+----------------------------+------+---------+---------+
       Total:                       2136   272       0      
                                                            
    .\utils\
       uartstdio.obj                1018   24        5      
    +--+----------------------------+------+---------+---------+
       Total:                       1018   24        5      
                                                            
    C:\ti\ccs1220\ccs\tools\compiler\ti-cgt-arm_18.12.8.LTS\lib\rtsv7M4_T_le_v4SPD16_eabi.lib
       memcpy_t2.asm.obj            156    0         0      
       copy_decompress_lzss.c.obj   104    0         0      
       autoinit.c.obj               68     0         0      
       u_divt2.asm.obj              64     0         0      
       boot_cortex_m.c.obj          52     0         0      
       copy_decompress_none.c.obj   14     0         0      
       exit.c.obj                   4      0         0      
       pre_init.c.obj               4      0         0      
       div0.asm.obj                 2      0         0      
    +--+----------------------------+------+---------+---------+
       Total:                       468    0         0      
                                                            
       Stack:                       0      0         512    
       Linker Generated:            0      30        0      
    +--+----------------------------+------+---------+---------+
       Grand Total:                 6740   978       801    


LINKER GENERATED COPY TABLES

__TI_cinit_table @ 00001f38 records: 1, size/record: 8, table size: 8
	.data: load addr=00001f20, load size=0000000e bytes, run addr=20000200, run size=00000124 bytes, compression=lzss


LINKER GENERATED HANDLER TABLE

__TI_handler_table @ 00001f30 records: 2, size/record: 4, table size: 8
	index: 0, handler: __TI_decompress_lzss
	index: 1, handler: __TI_decompress_none


GLOBAL SYMBOLS: SORTED ALPHABETICALLY BY Name 

address   name                           
-------   ----                           
00000ad5  C$$EXIT                        
20000320  CPU_F                          
00001d19  CPUcpsie                       
20000200  ExtiIsrHandleTable             
00001151  GPIOA_ISR_Handle               
00000d71  GPIOB_ISR_Handle               
00000e19  GPIOC_ISR_Handle               
00000ec1  GPIOD_ISR_Handle               
000016f9  GPIODirModeSet                 
00000f69  GPIOE_ISR_Handle               
00001011  GPIOF_ISR_Handle               
00001d81  GPIOIntClear                   
00001cb9  GPIOIntStatus                  
00000591  GPIOPadConfigSet               
000014d1  GPIOPinConfigure               
00001be9  GPIOPinTypeQEI                 
00001c01  GPIOPinTypeUART                
000011f1  IntEnable                      
00001c19  IntMasterEnable                
00001b51  LIB_CLOCK_MainClockSet         
00001b71  LIB_CLOCK_PeripheralClockEnable
00000c09  LIB_GPIO_Init                  
00001c31  LIB_GPIO_TogglePin             
00001ad1  LIB_GPIO_WritePin              
00001cc9  LIB_ISR_QEIRegister            
00001c49  LIB_ISR_TIMERRegister          
00001bd1  LIB_QEI_GetDirect              
00001c61  LIB_QEI_GetPulse               
00000ad9  LIB_QEI_Init                   
00001311  LIB_TIMER_InitCycle            
00001c79  LIB_TIMER_IntEnable            
00000cc1  LIB_UART_PrintfInit            
00001b11  QEI0_ISR_Handle                
00001b31  QEI1_ISR_Handle                
00001cd9  QEIConfigure                   
00001ce9  QEIDirectionGet                
00001d29  QEIEnable                      
00001d99  QEIIntClear                    
00001d69  QEIIntEnable                   
00001ca9  QEIVelocityConfigure           
00001d39  QEIVelocityEnable              
00001da1  QEIVelocityGet                 
20000310  QeiIsrHandleTable              
00001d89  ResetISR                       
000007d9  SysCtlClockGet                 
00000971  SysCtlClockSet                 
00000c03  SysCtlDelay                    
00001691  SysCtlPeripheralEnable         
00001651  SysCtlPeripheralReady          
00001a59  TIMER0A_ISR_Handle             
00001a81  TIMER0B_ISR_Handle             
00001729  TIMER1A_ISR_Handle             
00001759  TIMER1B_ISR_Handle             
00001789  TIMER2A_ISR_Handle             
000017b9  TIMER2B_ISR_Handle             
000017e9  TIMER3A_ISR_Handle             
00001819  TIMER3B_ISR_Handle             
00001849  TIMER4A_ISR_Handle             
00001879  TIMER4B_ISR_Handle             
000018a9  TIMER5A_ISR_Handle             
000018d9  TIMER5B_ISR_Handle             
00001391  TimerConfigure                 
00001b91  TimerDisable                   
00001cf9  TimerEnable                    
00001da9  TimerIntClear                  
00001d71  TimerIntEnable                 
00001d49  TimerIntStatus                 
200002c0  TimerIsrHandleTable            
00001c91  TimerLoadSet                   
00001909  UART0_ISR_Handle               
00001939  UART1_ISR_Handle               
00001969  UART2_ISR_Handle               
00001999  UART3_ISR_Handle               
00001aa9  UART4_ISR_Handle               
000019c9  UART5_ISR_Handle               
000019f9  UART6_ISR_Handle               
00001a29  UART7_ISR_Handle               
00001d91  UARTClockSourceSet             
00001db1  UARTIntClear                   
00001d79  UARTIntEnable                  
00001d59  UARTIntStatus                  
00001401  UARTStdioConfig                
00001bb1  UARTprintf                     
00000271  UARTvprintf                    
00001531  UARTwrite                      
200002f0  UartIsrHandleTable             
20000200  __STACK_END                    
00000200  __STACK_SIZE                   
20000200  __STACK_TOP                    
00001f38  __TI_CINIT_Base                
00001f40  __TI_CINIT_Limit               
00001f30  __TI_Handler_Table_Base        
00001f38  __TI_Handler_Table_Limit       
0000158d  __TI_auto_init_nobinit_nopinit 
00001469  __TI_decompress_lzss           
00001d07  __TI_decompress_none           
ffffffff  __TI_pprof_out_hndl            
ffffffff  __TI_prof_data_size            
ffffffff  __TI_prof_data_start           
00000000  __TI_static_base__             
0000058f  __aeabi_idiv0                  
0000058f  __aeabi_ldiv0                  
000010b3  __aeabi_memcpy                 
000010b3  __aeabi_memcpy4                
000010b3  __aeabi_memcpy8                
00001611  __aeabi_uidiv                  
00001611  __aeabi_uidivmod               
ffffffff  __binit__                      
ffffffff  __c_args__                     
UNDEFED   __mpu_init                     
00001dd1  __nop                          
20000000  __stack                        
000016c5  _c_int00_noargs                
UNDEFED   _system_post_cinit             
0000096d  _system_pre_init               
00000ad5  abort                          
ffffffff  binit                          
00000000  g_pfnVectors                   
00001289  main                           
000010b3  memcpy                         
000015d1  motor_control                  
00001af1  toggle                         


GLOBAL SYMBOLS: SORTED BY Symbol Address 

address   name                           
-------   ----                           
00000000  __TI_static_base__             
00000000  g_pfnVectors                   
00000200  __STACK_SIZE                   
00000271  UARTvprintf                    
0000058f  __aeabi_idiv0                  
0000058f  __aeabi_ldiv0                  
00000591  GPIOPadConfigSet               
000007d9  SysCtlClockGet                 
0000096d  _system_pre_init               
00000971  SysCtlClockSet                 
00000ad5  C$$EXIT                        
00000ad5  abort                          
00000ad9  LIB_QEI_Init                   
00000c03  SysCtlDelay                    
00000c09  LIB_GPIO_Init                  
00000cc1  LIB_UART_PrintfInit            
00000d71  GPIOB_ISR_Handle               
00000e19  GPIOC_ISR_Handle               
00000ec1  GPIOD_ISR_Handle               
00000f69  GPIOE_ISR_Handle               
00001011  GPIOF_ISR_Handle               
000010b3  __aeabi_memcpy                 
000010b3  __aeabi_memcpy4                
000010b3  __aeabi_memcpy8                
000010b3  memcpy                         
00001151  GPIOA_ISR_Handle               
000011f1  IntEnable                      
00001289  main                           
00001311  LIB_TIMER_InitCycle            
00001391  TimerConfigure                 
00001401  UARTStdioConfig                
00001469  __TI_decompress_lzss           
000014d1  GPIOPinConfigure               
00001531  UARTwrite                      
0000158d  __TI_auto_init_nobinit_nopinit 
000015d1  motor_control                  
00001611  __aeabi_uidiv                  
00001611  __aeabi_uidivmod               
00001651  SysCtlPeripheralReady          
00001691  SysCtlPeripheralEnable         
000016c5  _c_int00_noargs                
000016f9  GPIODirModeSet                 
00001729  TIMER1A_ISR_Handle             
00001759  TIMER1B_ISR_Handle             
00001789  TIMER2A_ISR_Handle             
000017b9  TIMER2B_ISR_Handle             
000017e9  TIMER3A_ISR_Handle             
00001819  TIMER3B_ISR_Handle             
00001849  TIMER4A_ISR_Handle             
00001879  TIMER4B_ISR_Handle             
000018a9  TIMER5A_ISR_Handle             
000018d9  TIMER5B_ISR_Handle             
00001909  UART0_ISR_Handle               
00001939  UART1_ISR_Handle               
00001969  UART2_ISR_Handle               
00001999  UART3_ISR_Handle               
000019c9  UART5_ISR_Handle               
000019f9  UART6_ISR_Handle               
00001a29  UART7_ISR_Handle               
00001a59  TIMER0A_ISR_Handle             
00001a81  TIMER0B_ISR_Handle             
00001aa9  UART4_ISR_Handle               
00001ad1  LIB_GPIO_WritePin              
00001af1  toggle                         
00001b11  QEI0_ISR_Handle                
00001b31  QEI1_ISR_Handle                
00001b51  LIB_CLOCK_MainClockSet         
00001b71  LIB_CLOCK_PeripheralClockEnable
00001b91  TimerDisable                   
00001bb1  UARTprintf                     
00001bd1  LIB_QEI_GetDirect              
00001be9  GPIOPinTypeQEI                 
00001c01  GPIOPinTypeUART                
00001c19  IntMasterEnable                
00001c31  LIB_GPIO_TogglePin             
00001c49  LIB_ISR_TIMERRegister          
00001c61  LIB_QEI_GetPulse               
00001c79  LIB_TIMER_IntEnable            
00001c91  TimerLoadSet                   
00001ca9  QEIVelocityConfigure           
00001cb9  GPIOIntStatus                  
00001cc9  LIB_ISR_QEIRegister            
00001cd9  QEIConfigure                   
00001ce9  QEIDirectionGet                
00001cf9  TimerEnable                    
00001d07  __TI_decompress_none           
00001d19  CPUcpsie                       
00001d29  QEIEnable                      
00001d39  QEIVelocityEnable              
00001d49  TimerIntStatus                 
00001d59  UARTIntStatus                  
00001d69  QEIIntEnable                   
00001d71  TimerIntEnable                 
00001d79  UARTIntEnable                  
00001d81  GPIOIntClear                   
00001d89  ResetISR                       
00001d91  UARTClockSourceSet             
00001d99  QEIIntClear                    
00001da1  QEIVelocityGet                 
00001da9  TimerIntClear                  
00001db1  UARTIntClear                   
00001dd1  __nop                          
00001f30  __TI_Handler_Table_Base        
00001f38  __TI_CINIT_Base                
00001f38  __TI_Handler_Table_Limit       
00001f40  __TI_CINIT_Limit               
20000000  __stack                        
20000200  ExtiIsrHandleTable             
20000200  __STACK_END                    
20000200  __STACK_TOP                    
200002c0  TimerIsrHandleTable            
200002f0  UartIsrHandleTable             
20000310  QeiIsrHandleTable              
20000320  CPU_F                          
ffffffff  __TI_pprof_out_hndl            
ffffffff  __TI_prof_data_size            
ffffffff  __TI_prof_data_start           
ffffffff  __binit__                      
ffffffff  __c_args__                     
ffffffff  binit                          
UNDEFED   __mpu_init                     
UNDEFED   _system_post_cinit             

[122 symbols]
