******************************************************************************
                  TI ARM Linker PC v18.12.8                    
******************************************************************************
>> Linked Sat May 27 16:36:07 2023

OUTPUT FILE NAME:   <EK-TM4C123GXL_LIB_TEST.out>
ENTRY POINT SYMBOL: "_c_int00_noargs"  address: 00001835


MEMORY CONFIGURATION

         name            origin    length      used     unused   attr    fill
----------------------  --------  ---------  --------  --------  ----  --------
  FLASH                 00000000   00040000  00002226  0003ddda  R  X
  SRAM                  20000000   00008000  00000324  00007cdc  RW X


SEGMENT ALLOCATION MAP

run origin  load origin   length   init length attrs members
----------  ----------- ---------- ----------- ----- -------
00000000    00000000    00002230   00002230    r-x
  00000000    00000000    0000026c   0000026c    r-- .intvecs
  00000270    00000270    00001d92   00001d92    r-x .text
  00002004    00002004    00000208   00000208    r-- .const
  00002210    00002210    00000020   00000020    r-- .cinit
20000000    20000000    00000324   00000000    rw-
  20000000    20000000    00000200   00000000    rw- .stack
  20000200    20000200    00000124   00000000    rw- .data


SECTION ALLOCATION MAP

 output                                  attributes/
section   page    origin      length       input sections
--------  ----  ----------  ----------   ----------------
.intvecs   0    00000000    0000026c     
                  00000000    0000026c     startup_ccs.obj (.intvecs)

.text      0    00000270    00001d92     
                  00000270    0000031e     uartstdio.obj (.text:UARTvprintf)
                  0000058e    00000002     rtsv7M4_T_le_v4SPD16_eabi.lib : div0.asm.obj (.text)
                  00000590    00000248     gpio.obj (.text:GPIOPadConfigSet)
                  000007d8    00000194     sysctl.obj (.text:SysCtlClockGet)
                  0000096c    00000004     rtsv7M4_T_le_v4SPD16_eabi.lib : pre_init.c.obj (.text:_system_pre_init)
                  00000970    00000164     sysctl.obj (.text:SysCtlClockSet)
                  00000ad4    00000004     rtsv7M4_T_le_v4SPD16_eabi.lib : exit.c.obj (.text:abort:abort)
                  00000ad8    0000015a     lib_pwm.obj (.text:LIB_PWM_Init)
                  00000c32    00000006     sysctl.obj (.text:SysCtlDelay)
                  00000c38    0000012a     lib_qei.obj (.text:LIB_QEI_Init)
                  00000d62    00000006     --HOLE-- [fill = 0]
                  00000d68    000000b8     lib_gpio.obj (.text:LIB_GPIO_Init)
                  00000e20    000000ae     lib_uart.obj (.text:LIB_UART_PrintfInit)
                  00000ece    00000002     --HOLE-- [fill = 0]
                  00000ed0    000000a2     lib_EXTIisrmanagement.obj (.text:GPIOB_ISR_Handle)
                  00000f72    00000006     --HOLE-- [fill = 0]
                  00000f78    000000a2     lib_EXTIisrmanagement.obj (.text:GPIOC_ISR_Handle)
                  0000101a    00000006     --HOLE-- [fill = 0]
                  00001020    000000a2     lib_EXTIisrmanagement.obj (.text:GPIOD_ISR_Handle)
                  000010c2    00000006     --HOLE-- [fill = 0]
                  000010c8    000000a2     lib_EXTIisrmanagement.obj (.text:GPIOE_ISR_Handle)
                  0000116a    00000006     --HOLE-- [fill = 0]
                  00001170    000000a2     lib_EXTIisrmanagement.obj (.text:GPIOF_ISR_Handle)
                  00001212    0000009c     rtsv7M4_T_le_v4SPD16_eabi.lib : memcpy_t2.asm.obj (.text)
                  000012ae    00000002     --HOLE-- [fill = 0]
                  000012b0    0000009a     lib_EXTIisrmanagement.obj (.text:GPIOA_ISR_Handle)
                  0000134a    00000006     --HOLE-- [fill = 0]
                  00001350    00000096     blinky.obj (.text:main)
                  000013e6    00000002     --HOLE-- [fill = 0]
                  000013e8    00000092     interrupt.obj (.text:IntEnable)
                  0000147a    00000006     --HOLE-- [fill = 0]
                  00001480    00000080     lib_timer.obj (.text:LIB_TIMER_InitCycle)
                  00001500    00000070     timer.obj (.text:TimerConfigure)
                  00001570    00000068     uartstdio.obj (.text:UARTStdioConfig)
                  000015d8    00000068     rtsv7M4_T_le_v4SPD16_eabi.lib : copy_decompress_lzss.c.obj (.text:decompress:lzss:__TI_decompress_lzss)
                  00001640    0000005c     gpio.obj (.text:GPIOPinConfigure)
                  0000169c    00000004     --HOLE-- [fill = 0]
                  000016a0    0000005a     uartstdio.obj (.text:UARTwrite)
                  000016fa    00000002     --HOLE-- [fill = 0]
                  000016fc    00000044     rtsv7M4_T_le_v4SPD16_eabi.lib : autoinit.c.obj (.text:__TI_auto_init_nobinit_nopinit:__TI_auto_init_nobinit_nopinit)
                  00001740    00000040     blinky.obj (.text:motor_control)
                  00001780    00000040     rtsv7M4_T_le_v4SPD16_eabi.lib : u_divt2.asm.obj (.text)
                  000017c0    0000003a     sysctl.obj (.text:SysCtlPeripheralReady)
                  000017fa    00000006     --HOLE-- [fill = 0]
                  00001800    00000034     sysctl.obj (.text:SysCtlPeripheralEnable)
                  00001834    00000034     rtsv7M4_T_le_v4SPD16_eabi.lib : boot_cortex_m.c.obj (.text:_c_int00_noargs:_c_int00_noargs)
                  00001868    0000002e     pwm.obj (.text:PWMGenConfigure)
                  00001896    00000002     --HOLE-- [fill = 0]
                  00001898    0000002c     gpio.obj (.text:GPIODirModeSet)
                  000018c4    00000004     --HOLE-- [fill = 0]
                  000018c8    0000002c     lib_TIMERisrmanagement.obj (.text:TIMER1A_ISR_Handle)
                  000018f4    00000004     --HOLE-- [fill = 0]
                  000018f8    0000002c     lib_TIMERisrmanagement.obj (.text:TIMER1B_ISR_Handle)
                  00001924    00000004     --HOLE-- [fill = 0]
                  00001928    0000002c     lib_TIMERisrmanagement.obj (.text:TIMER2A_ISR_Handle)
                  00001954    00000004     --HOLE-- [fill = 0]
                  00001958    0000002c     lib_TIMERisrmanagement.obj (.text:TIMER2B_ISR_Handle)
                  00001984    00000004     --HOLE-- [fill = 0]
                  00001988    0000002c     lib_TIMERisrmanagement.obj (.text:TIMER3A_ISR_Handle)
                  000019b4    00000004     --HOLE-- [fill = 0]
                  000019b8    0000002c     lib_TIMERisrmanagement.obj (.text:TIMER3B_ISR_Handle)
                  000019e4    00000004     --HOLE-- [fill = 0]
                  000019e8    0000002c     lib_TIMERisrmanagement.obj (.text:TIMER4A_ISR_Handle)
                  00001a14    00000004     --HOLE-- [fill = 0]
                  00001a18    0000002c     lib_TIMERisrmanagement.obj (.text:TIMER4B_ISR_Handle)
                  00001a44    00000004     --HOLE-- [fill = 0]
                  00001a48    0000002c     lib_TIMERisrmanagement.obj (.text:TIMER5A_ISR_Handle)
                  00001a74    00000004     --HOLE-- [fill = 0]
                  00001a78    0000002c     lib_TIMERisrmanagement.obj (.text:TIMER5B_ISR_Handle)
                  00001aa4    00000004     --HOLE-- [fill = 0]
                  00001aa8    0000002c     lib_UARTisrmanagement.obj (.text:UART0_ISR_Handle)
                  00001ad4    00000004     --HOLE-- [fill = 0]
                  00001ad8    0000002c     lib_UARTisrmanagement.obj (.text:UART1_ISR_Handle)
                  00001b04    00000004     --HOLE-- [fill = 0]
                  00001b08    0000002c     lib_UARTisrmanagement.obj (.text:UART2_ISR_Handle)
                  00001b34    00000004     --HOLE-- [fill = 0]
                  00001b38    0000002c     lib_UARTisrmanagement.obj (.text:UART3_ISR_Handle)
                  00001b64    00000004     --HOLE-- [fill = 0]
                  00001b68    0000002c     lib_UARTisrmanagement.obj (.text:UART5_ISR_Handle)
                  00001b94    00000004     --HOLE-- [fill = 0]
                  00001b98    0000002c     lib_UARTisrmanagement.obj (.text:UART6_ISR_Handle)
                  00001bc4    00000004     --HOLE-- [fill = 0]
                  00001bc8    0000002c     lib_UARTisrmanagement.obj (.text:UART7_ISR_Handle)
                  00001bf4    00000004     --HOLE-- [fill = 0]
                  00001bf8    00000028     lib_TIMERisrmanagement.obj (.text:TIMER0A_ISR_Handle)
                  00001c20    00000028     lib_TIMERisrmanagement.obj (.text:TIMER0B_ISR_Handle)
                  00001c48    00000028     lib_UARTisrmanagement.obj (.text:UART4_ISR_Handle)
                  00001c70    00000020     lib_gpio.obj (.text:LIB_GPIO_WritePin)
                  00001c90    00000020     blinky.obj (.text:toggle)
                  00001cb0    0000001e     pwm.obj (.text:PWMPulseWidthSet)
                  00001cce    00000002     --HOLE-- [fill = 0]
                  00001cd0    0000001e     lib_QEIisrmanagement.obj (.text:QEI0_ISR_Handle)
                  00001cee    00000002     --HOLE-- [fill = 0]
                  00001cf0    0000001e     lib_QEIisrmanagement.obj (.text:QEI1_ISR_Handle)
                  00001d0e    00000002     --HOLE-- [fill = 0]
                  00001d10    0000001c     lib_clock.obj (.text:LIB_CLOCK_MainClockSet)
                  00001d2c    00000004     --HOLE-- [fill = 0]
                  00001d30    0000001c     lib_clock.obj (.text:LIB_CLOCK_PeripheralClockEnable)
                  00001d4c    00000004     --HOLE-- [fill = 0]
                  00001d50    0000001a     timer.obj (.text:TimerDisable)
                  00001d6a    00000006     --HOLE-- [fill = 0]
                  00001d70    0000001a     uartstdio.obj (.text:UARTprintf)
                  00001d8a    00000006     --HOLE-- [fill = 0]
                  00001d90    00000018     lib_qei.obj (.text:LIB_QEI_GetDirect)
                  00001da8    00000016     gpio.obj (.text:GPIOPinTypePWM)
                  00001dbe    00000002     --HOLE-- [fill = 0]
                  00001dc0    00000016     gpio.obj (.text:GPIOPinTypeQEI)
                  00001dd6    00000002     --HOLE-- [fill = 0]
                  00001dd8    00000016     gpio.obj (.text:GPIOPinTypeUART)
                  00001dee    00000002     --HOLE-- [fill = 0]
                  00001df0    00000016     pwm.obj (.text:PWMOutputState)
                  00001e06    00000002     --HOLE-- [fill = 0]
                  00001e08    00000014     sysctl.obj (.text:SysCtlPWMClockSet)
                  00001e1c    00000004     --HOLE-- [fill = 0]
                  00001e20    00000012     interrupt.obj (.text:IntMasterEnable)
                  00001e32    00000006     --HOLE-- [fill = 0]
                  00001e38    00000012     lib_gpio.obj (.text:LIB_GPIO_TogglePin)
                  00001e4a    00000006     --HOLE-- [fill = 0]
                  00001e50    00000012     lib_TIMERisrmanagement.obj (.text:LIB_ISR_TIMERRegister)
                  00001e62    00000006     --HOLE-- [fill = 0]
                  00001e68    00000012     lib_qei.obj (.text:LIB_QEI_GetPulse)
                  00001e7a    00000006     --HOLE-- [fill = 0]
                  00001e80    00000012     lib_timer.obj (.text:LIB_TIMER_IntEnable)
                  00001e92    00000006     --HOLE-- [fill = 0]
                  00001e98    00000012     pwm.obj (.text:PWMGenPeriodSet)
                  00001eaa    00000006     --HOLE-- [fill = 0]
                  00001eb0    00000012     timer.obj (.text:TimerLoadSet)
                  00001ec2    00000006     --HOLE-- [fill = 0]
                  00001ec8    00000010     qei.obj (.text:QEIVelocityConfigure)
                  00001ed8    0000000e     gpio.obj (.text:GPIOIntStatus)
                  00001ee6    00000002     --HOLE-- [fill = 0]
                  00001ee8    0000000e     lib_QEIisrmanagement.obj (.text:LIB_ISR_QEIRegister)
                  00001ef6    00000002     --HOLE-- [fill = 0]
                  00001ef8    0000000e     qei.obj (.text:QEIConfigure)
                  00001f06    00000002     --HOLE-- [fill = 0]
                  00001f08    0000000e     qei.obj (.text:QEIDirectionGet)
                  00001f16    00000002     --HOLE-- [fill = 0]
                  00001f18    0000000e     timer.obj (.text:TimerEnable)
                  00001f26    0000000e     rtsv7M4_T_le_v4SPD16_eabi.lib : copy_decompress_none.c.obj (.text:decompress:none:__TI_decompress_none)
                  00001f34    00000004     --HOLE-- [fill = 0]
                  00001f38    0000000c     cpu.obj (.text:CPUcpsie)
                  00001f44    00000004     --HOLE-- [fill = 0]
                  00001f48    0000000c     pwm.obj (.text:PWMGenEnable)
                  00001f54    00000004     --HOLE-- [fill = 0]
                  00001f58    0000000a     qei.obj (.text:QEIEnable)
                  00001f62    00000006     --HOLE-- [fill = 0]
                  00001f68    0000000a     qei.obj (.text:QEIVelocityEnable)
                  00001f72    00000006     --HOLE-- [fill = 0]
                  00001f78    0000000a     timer.obj (.text:TimerIntStatus)
                  00001f82    00000006     --HOLE-- [fill = 0]
                  00001f88    0000000a     uart.obj (.text:UARTIntStatus)
                  00001f92    00000006     --HOLE-- [fill = 0]
                  00001f98    00000008     qei.obj (.text:QEIIntEnable)
                  00001fa0    00000008     timer.obj (.text:TimerIntEnable)
                  00001fa8    00000008     uart.obj (.text:UARTIntEnable)
                  00001fb0    00000006     gpio.obj (.text:GPIOIntClear)
                  00001fb6    00000002     --HOLE-- [fill = 0]
                  00001fb8    00000006     startup_ccs.obj (.text:ResetISR)
                  00001fbe    00000002     --HOLE-- [fill = 0]
                  00001fc0    00000006     uart.obj (.text:UARTClockSourceSet)
                  00001fc6    00000002     --HOLE-- [fill = 0]
                  00001fc8    00000004     qei.obj (.text:QEIIntClear)
                  00001fcc    00000004     --HOLE-- [fill = 0]
                  00001fd0    00000004     qei.obj (.text:QEIVelocityGet)
                  00001fd4    00000004     --HOLE-- [fill = 0]
                  00001fd8    00000004     timer.obj (.text:TimerIntClear)
                  00001fdc    00000004     --HOLE-- [fill = 0]
                  00001fe0    00000004     uart.obj (.text:UARTIntClear)
                  00001fe4    00000004     --HOLE-- [fill = 0]
                  00001fe8    00000002     startup_ccs.obj (.text:FaultISR)
                  00001fea    00000006     --HOLE-- [fill = 0]
                  00001ff0    00000002     startup_ccs.obj (.text:IntDefaultHandler)
                  00001ff2    00000006     --HOLE-- [fill = 0]
                  00001ff8    00000002     startup_ccs.obj (.text:NmiSR)
                  00001ffa    00000006     --HOLE-- [fill = 0]
                  00002000    00000002     lib_EXTIisrmanagement.obj (.text:__nop)

.const     0    00002004    00000208     
                  00002004    00000090     gpio.obj (.const:g_pui32GPIOBaseAddrs)
                  00002094    0000006c     sysctl.obj (.const:g_pui32Xtals)
                  00002100    00000020     lib_pwm.obj (.const:$P$T0$1)
                  00002120    00000020     lib_pwm.obj (.const:$P$T1$2)
                  00002140    00000020     lib_pwm.obj (.const:$P$T2$3)
                  00002160    00000020     lib_pwm.obj (.const:$P$T3$4)
                  00002180    00000020     lib_pwm.obj (.const:$P$T4$5)
                  000021a0    00000020     lib_pwm.obj (.const:$P$T5$6)
                  000021c0    00000018     lib_timer.obj (.const:$P$T0$1)
                  000021d8    00000014     interrupt.obj (.const:g_pui32EnRegs)
                  000021ec    0000000c     uartstdio.obj (.const:g_ui32UARTBase)
                  000021f8    0000000c     uartstdio.obj (.const:g_ui32UARTPeriph)
                  00002204    00000008     lib_qei.obj (.const:$P$T0$1)

.cinit     0    00002210    00000020     
                  00002210    0000000e     (.cinit..data.load) [load image, compression = lzss]
                  0000221e    00000002     --HOLE-- [fill = 0]
                  00002220    00000008     (__TI_handler_table)
                  00002228    00000008     (__TI_cinit_table)

.init_array 
*          0    00000000    00000000     UNINITIALIZED

.data      0    20000200    00000124     UNINITIALIZED
                  20000200    000000c0     lib_EXTIisrmanagement.obj (.data:ExtiIsrHandleTable)
                  200002c0    00000030     lib_TIMERisrmanagement.obj (.data:TimerIsrHandleTable)
                  200002f0    00000020     lib_UARTisrmanagement.obj (.data:UartIsrHandleTable)
                  20000310    00000008     lib_QEIisrmanagement.obj (.data:QeiIsrHandleTable)
                  20000318    00000005     uartstdio.obj (.data)
                  2000031d    00000003     --HOLE--
                  20000320    00000004     lib_clock.obj (.data)

.stack     0    20000000    00000200     UNINITIALIZED
                  20000000    00000004     rtsv7M4_T_le_v4SPD16_eabi.lib : boot_cortex_m.c.obj (.stack)
                  20000004    000001fc     --HOLE--

.binit     0    00000000    00000000     

MODULE SUMMARY

       Module                       code   ro data   rw data
       ------                       ----   -------   -------
    .\
       startup_ccs.obj              12     620       0      
       blinky.obj                   246    0         0      
    +--+----------------------------+------+---------+---------+
       Total:                       258    620       0      
                                                            
    .\EK-TM4C123GXL_LIB\clock\
       lib_clock.obj                56     0         4      
    +--+----------------------------+------+---------+---------+
       Total:                       56     0         4      
                                                            
    .\EK-TM4C123GXL_LIB\gpio\
       lib_gpio.obj                 234    0         0      
    +--+----------------------------+------+---------+---------+
       Total:                       234    0         0      
                                                            
    .\EK-TM4C123GXL_LIB\isr_anagement\
       lib_EXTIisrmanagement.obj    966    0         192    
       lib_TIMERisrmanagement.obj   538    0         48     
       lib_UARTisrmanagement.obj    348    0         32     
       lib_QEIisrmanagement.obj     74     0         8      
    +--+----------------------------+------+---------+---------+
       Total:                       1926   0         280    
                                                            
    .\EK-TM4C123GXL_LIB\pwm\
       lib_pwm.obj                  346    192       0      
    +--+----------------------------+------+---------+---------+
       Total:                       346    192       0      
                                                            
    .\EK-TM4C123GXL_LIB\qei\
       lib_qei.obj                  340    8         0      
    +--+----------------------------+------+---------+---------+
       Total:                       340    8         0      
                                                            
    .\EK-TM4C123GXL_LIB\timer\
       lib_timer.obj                146    24        0      
    +--+----------------------------+------+---------+---------+
       Total:                       146    24        0      
                                                            
    .\EK-TM4C123GXL_LIB\uart\
       lib_uart.obj                 174    0         0      
    +--+----------------------------+------+---------+---------+
       Total:                       174    0         0      
                                                            
    .\driverlib\
       sysctl.obj                   896    108       0      
       gpio.obj                     806    144       0      
       timer.obj                    192    0         0      
       interrupt.obj                164    20        0      
       pwm.obj                      128    0         0      
       qei.obj                      80     0         0      
       uart.obj                     28     0         0      
       cpu.obj                      12     0         0      
    +--+----------------------------+------+---------+---------+
       Total:                       2306   272       0      
                                                            
    .\utils\
       uartstdio.obj                1018   24        5      
    +--+----------------------------+------+---------+---------+
       Total:                       1018   24        5      
                                                            
    C:\ti\ccs1220\ccs\tools\compiler\ti-cgt-arm_18.12.8.LTS\lib\rtsv7M4_T_le_v4SPD16_eabi.lib
       memcpy_t2.asm.obj            156    0         0      
       copy_decompress_lzss.c.obj   104    0         0      
       autoinit.c.obj               68     0         0      
       u_divt2.asm.obj              64     0         0      
       boot_cortex_m.c.obj          52     0         0      
       copy_decompress_none.c.obj   14     0         0      
       exit.c.obj                   4      0         0      
       pre_init.c.obj               4      0         0      
       div0.asm.obj                 2      0         0      
    +--+----------------------------+------+---------+---------+
       Total:                       468    0         0      
                                                            
       Stack:                       0      0         512    
       Linker Generated:            0      30        0      
    +--+----------------------------+------+---------+---------+
       Grand Total:                 7272   1170      801    


LINKER GENERATED COPY TABLES

__TI_cinit_table @ 00002228 records: 1, size/record: 8, table size: 8
	.data: load addr=00002210, load size=0000000e bytes, run addr=20000200, run size=00000124 bytes, compression=lzss


LINKER GENERATED HANDLER TABLE

__TI_handler_table @ 00002220 records: 2, size/record: 4, table size: 8
	index: 0, handler: __TI_decompress_lzss
	index: 1, handler: __TI_decompress_none


GLOBAL SYMBOLS: SORTED ALPHABETICALLY BY Name 

address   name                           
-------   ----                           
00000ad5  C$$EXIT                        
20000320  CPU_F                          
00001f39  CPUcpsie                       
20000200  ExtiIsrHandleTable             
000012b1  GPIOA_ISR_Handle               
00000ed1  GPIOB_ISR_Handle               
00000f79  GPIOC_ISR_Handle               
00001021  GPIOD_ISR_Handle               
00001899  GPIODirModeSet                 
000010c9  GPIOE_ISR_Handle               
00001171  GPIOF_ISR_Handle               
00001fb1  GPIOIntClear                   
00001ed9  GPIOIntStatus                  
00000591  GPIOPadConfigSet               
00001641  GPIOPinConfigure               
00001da9  GPIOPinTypePWM                 
00001dc1  GPIOPinTypeQEI                 
00001dd9  GPIOPinTypeUART                
000013e9  IntEnable                      
00001e21  IntMasterEnable                
00001d11  LIB_CLOCK_MainClockSet         
00001d31  LIB_CLOCK_PeripheralClockEnable
00000d69  LIB_GPIO_Init                  
00001e39  LIB_GPIO_TogglePin             
00001c71  LIB_GPIO_WritePin              
00001ee9  LIB_ISR_QEIRegister            
00001e51  LIB_ISR_TIMERRegister          
00000ad9  LIB_PWM_Init                   
00001d91  LIB_QEI_GetDirect              
00001e69  LIB_QEI_GetPulse               
00000c39  LIB_QEI_Init                   
00001481  LIB_TIMER_InitCycle            
00001e81  LIB_TIMER_IntEnable            
00000e21  LIB_UART_PrintfInit            
00001869  PWMGenConfigure                
00001f49  PWMGenEnable                   
00001e99  PWMGenPeriodSet                
00001df1  PWMOutputState                 
00001cb1  PWMPulseWidthSet               
00001cd1  QEI0_ISR_Handle                
00001cf1  QEI1_ISR_Handle                
00001ef9  QEIConfigure                   
00001f09  QEIDirectionGet                
00001f59  QEIEnable                      
00001fc9  QEIIntClear                    
00001f99  QEIIntEnable                   
00001ec9  QEIVelocityConfigure           
00001f69  QEIVelocityEnable              
00001fd1  QEIVelocityGet                 
20000310  QeiIsrHandleTable              
00001fb9  ResetISR                       
000007d9  SysCtlClockGet                 
00000971  SysCtlClockSet                 
00000c33  SysCtlDelay                    
00001e09  SysCtlPWMClockSet              
00001801  SysCtlPeripheralEnable         
000017c1  SysCtlPeripheralReady          
00001bf9  TIMER0A_ISR_Handle             
00001c21  TIMER0B_ISR_Handle             
000018c9  TIMER1A_ISR_Handle             
000018f9  TIMER1B_ISR_Handle             
00001929  TIMER2A_ISR_Handle             
00001959  TIMER2B_ISR_Handle             
00001989  TIMER3A_ISR_Handle             
000019b9  TIMER3B_ISR_Handle             
000019e9  TIMER4A_ISR_Handle             
00001a19  TIMER4B_ISR_Handle             
00001a49  TIMER5A_ISR_Handle             
00001a79  TIMER5B_ISR_Handle             
00001501  TimerConfigure                 
00001d51  TimerDisable                   
00001f19  TimerEnable                    
00001fd9  TimerIntClear                  
00001fa1  TimerIntEnable                 
00001f79  TimerIntStatus                 
200002c0  TimerIsrHandleTable            
00001eb1  TimerLoadSet                   
00001aa9  UART0_ISR_Handle               
00001ad9  UART1_ISR_Handle               
00001b09  UART2_ISR_Handle               
00001b39  UART3_ISR_Handle               
00001c49  UART4_ISR_Handle               
00001b69  UART5_ISR_Handle               
00001b99  UART6_ISR_Handle               
00001bc9  UART7_ISR_Handle               
00001fc1  UARTClockSourceSet             
00001fe1  UARTIntClear                   
00001fa9  UARTIntEnable                  
00001f89  UARTIntStatus                  
00001571  UARTStdioConfig                
00001d71  UARTprintf                     
00000271  UARTvprintf                    
000016a1  UARTwrite                      
200002f0  UartIsrHandleTable             
20000200  __STACK_END                    
00000200  __STACK_SIZE                   
20000200  __STACK_TOP                    
00002228  __TI_CINIT_Base                
00002230  __TI_CINIT_Limit               
00002220  __TI_Handler_Table_Base        
00002228  __TI_Handler_Table_Limit       
000016fd  __TI_auto_init_nobinit_nopinit 
000015d9  __TI_decompress_lzss           
00001f27  __TI_decompress_none           
ffffffff  __TI_pprof_out_hndl            
ffffffff  __TI_prof_data_size            
ffffffff  __TI_prof_data_start           
00000000  __TI_static_base__             
0000058f  __aeabi_idiv0                  
0000058f  __aeabi_ldiv0                  
00001213  __aeabi_memcpy                 
00001213  __aeabi_memcpy4                
00001213  __aeabi_memcpy8                
00001781  __aeabi_uidiv                  
00001781  __aeabi_uidivmod               
ffffffff  __binit__                      
ffffffff  __c_args__                     
UNDEFED   __mpu_init                     
00002001  __nop                          
20000000  __stack                        
00001835  _c_int00_noargs                
UNDEFED   _system_post_cinit             
0000096d  _system_pre_init               
00000ad5  abort                          
ffffffff  binit                          
00000000  g_pfnVectors                   
00001351  main                           
00001213  memcpy                         
00001741  motor_control                  
00001c91  toggle                         


GLOBAL SYMBOLS: SORTED BY Symbol Address 

address   name                           
-------   ----                           
00000000  __TI_static_base__             
00000000  g_pfnVectors                   
00000200  __STACK_SIZE                   
00000271  UARTvprintf                    
0000058f  __aeabi_idiv0                  
0000058f  __aeabi_ldiv0                  
00000591  GPIOPadConfigSet               
000007d9  SysCtlClockGet                 
0000096d  _system_pre_init               
00000971  SysCtlClockSet                 
00000ad5  C$$EXIT                        
00000ad5  abort                          
00000ad9  LIB_PWM_Init                   
00000c33  SysCtlDelay                    
00000c39  LIB_QEI_Init                   
00000d69  LIB_GPIO_Init                  
00000e21  LIB_UART_PrintfInit            
00000ed1  GPIOB_ISR_Handle               
00000f79  GPIOC_ISR_Handle               
00001021  GPIOD_ISR_Handle               
000010c9  GPIOE_ISR_Handle               
00001171  GPIOF_ISR_Handle               
00001213  __aeabi_memcpy                 
00001213  __aeabi_memcpy4                
00001213  __aeabi_memcpy8                
00001213  memcpy                         
000012b1  GPIOA_ISR_Handle               
00001351  main                           
000013e9  IntEnable                      
00001481  LIB_TIMER_InitCycle            
00001501  TimerConfigure                 
00001571  UARTStdioConfig                
000015d9  __TI_decompress_lzss           
00001641  GPIOPinConfigure               
000016a1  UARTwrite                      
000016fd  __TI_auto_init_nobinit_nopinit 
00001741  motor_control                  
00001781  __aeabi_uidiv                  
00001781  __aeabi_uidivmod               
000017c1  SysCtlPeripheralReady          
00001801  SysCtlPeripheralEnable         
00001835  _c_int00_noargs                
00001869  PWMGenConfigure                
00001899  GPIODirModeSet                 
000018c9  TIMER1A_ISR_Handle             
000018f9  TIMER1B_ISR_Handle             
00001929  TIMER2A_ISR_Handle             
00001959  TIMER2B_ISR_Handle             
00001989  TIMER3A_ISR_Handle             
000019b9  TIMER3B_ISR_Handle             
000019e9  TIMER4A_ISR_Handle             
00001a19  TIMER4B_ISR_Handle             
00001a49  TIMER5A_ISR_Handle             
00001a79  TIMER5B_ISR_Handle             
00001aa9  UART0_ISR_Handle               
00001ad9  UART1_ISR_Handle               
00001b09  UART2_ISR_Handle               
00001b39  UART3_ISR_Handle               
00001b69  UART5_ISR_Handle               
00001b99  UART6_ISR_Handle               
00001bc9  UART7_ISR_Handle               
00001bf9  TIMER0A_ISR_Handle             
00001c21  TIMER0B_ISR_Handle             
00001c49  UART4_ISR_Handle               
00001c71  LIB_GPIO_WritePin              
00001c91  toggle                         
00001cb1  PWMPulseWidthSet               
00001cd1  QEI0_ISR_Handle                
00001cf1  QEI1_ISR_Handle                
00001d11  LIB_CLOCK_MainClockSet         
00001d31  LIB_CLOCK_PeripheralClockEnable
00001d51  TimerDisable                   
00001d71  UARTprintf                     
00001d91  LIB_QEI_GetDirect              
00001da9  GPIOPinTypePWM                 
00001dc1  GPIOPinTypeQEI                 
00001dd9  GPIOPinTypeUART                
00001df1  PWMOutputState                 
00001e09  SysCtlPWMClockSet              
00001e21  IntMasterEnable                
00001e39  LIB_GPIO_TogglePin             
00001e51  LIB_ISR_TIMERRegister          
00001e69  LIB_QEI_GetPulse               
00001e81  LIB_TIMER_IntEnable            
00001e99  PWMGenPeriodSet                
00001eb1  TimerLoadSet                   
00001ec9  QEIVelocityConfigure           
00001ed9  GPIOIntStatus                  
00001ee9  LIB_ISR_QEIRegister            
00001ef9  QEIConfigure                   
00001f09  QEIDirectionGet                
00001f19  TimerEnable                    
00001f27  __TI_decompress_none           
00001f39  CPUcpsie                       
00001f49  PWMGenEnable                   
00001f59  QEIEnable                      
00001f69  QEIVelocityEnable              
00001f79  TimerIntStatus                 
00001f89  UARTIntStatus                  
00001f99  QEIIntEnable                   
00001fa1  TimerIntEnable                 
00001fa9  UARTIntEnable                  
00001fb1  GPIOIntClear                   
00001fb9  ResetISR                       
00001fc1  UARTClockSourceSet             
00001fc9  QEIIntClear                    
00001fd1  QEIVelocityGet                 
00001fd9  TimerIntClear                  
00001fe1  UARTIntClear                   
00002001  __nop                          
00002220  __TI_Handler_Table_Base        
00002228  __TI_CINIT_Base                
00002228  __TI_Handler_Table_Limit       
00002230  __TI_CINIT_Limit               
20000000  __stack                        
20000200  ExtiIsrHandleTable             
20000200  __STACK_END                    
20000200  __STACK_TOP                    
200002c0  TimerIsrHandleTable            
200002f0  UartIsrHandleTable             
20000310  QeiIsrHandleTable              
20000320  CPU_F                          
ffffffff  __TI_pprof_out_hndl            
ffffffff  __TI_prof_data_size            
ffffffff  __TI_prof_data_start           
ffffffff  __binit__                      
ffffffff  __c_args__                     
ffffffff  binit                          
UNDEFED   __mpu_init                     
UNDEFED   _system_post_cinit             

[130 symbols]
