******************************************************************************
                  TI ARM Linker PC v18.12.8                    
******************************************************************************
>> Linked Sat Jul  8 21:02:13 2023

OUTPUT FILE NAME:   <EK-TM4C123GXL_LIB_TEST.out>
ENTRY POINT SYMBOL: "_c_int00_noargs"  address: 00001875


MEMORY CONFIGURATION

         name            origin    length      used     unused   attr    fill
----------------------  --------  ---------  --------  --------  ----  --------
  FLASH                 00000000   00040000  000022a6  0003dd5a  R  X
  SRAM                  20000000   00008000  00000524  00007adc  RW X


SEGMENT ALLOCATION MAP

run origin  load origin   length   init length attrs members
----------  ----------- ---------- ----------- ----- -------
00000000    00000000    000022b0   000022b0    r-x
  00000000    00000000    0000026c   0000026c    r-- .intvecs
  00000270    00000270    00001c7a   00001c7a    r-x .text
  00001eec    00001eec    000003a0   000003a0    r-- .const
  00002290    00002290    00000020   00000020    r-- .cinit
20000000    20000000    00000524   00000000    rw-
  20000000    20000000    00000400   00000000    rw- .stack
  20000400    20000400    00000124   00000000    rw- .data


SECTION ALLOCATION MAP

 output                                  attributes/
section   page    origin      length       input sections
--------  ----  ----------  ----------   ----------------
.intvecs   0    00000000    0000026c     
                  00000000    0000026c     startup_ccs.obj (.intvecs)

.text      0    00000270    00001c7a     
                  00000270    0000031e     uartstdio.obj (.text:UARTvprintf)
                  0000058e    00000002     rtsv7M4_T_le_v4SPD16_eabi.lib : div0.asm.obj (.text)
                  00000590    00000248     gpio.obj (.text:GPIOPadConfigSet)
                  000007d8    00000194     sysctl.obj (.text:SysCtlClockGet)
                  0000096c    00000004     rtsv7M4_T_le_v4SPD16_eabi.lib : pre_init.c.obj (.text:_system_pre_init)
                  00000970    00000164     sysctl.obj (.text:SysCtlClockSet)
                  00000ad4    00000004     rtsv7M4_T_le_v4SPD16_eabi.lib : exit.c.obj (.text:abort:abort)
                  00000ad8    000000b0     oled.obj (.text:Oled_Init)
                  00000b88    000000ae     lib_uart.obj (.text:LIB_UART_PrintfInit)
                  00000c36    00000002     --HOLE-- [fill = 0]
                  00000c38    000000a2     lib_EXTIisrmanagement.obj (.text:GPIOB_ISR_Handle)
                  00000cda    00000006     sysctl.obj (.text:SysCtlDelay)
                  00000ce0    000000a2     lib_EXTIisrmanagement.obj (.text:GPIOC_ISR_Handle)
                  00000d82    00000006     --HOLE-- [fill = 0]
                  00000d88    000000a2     lib_EXTIisrmanagement.obj (.text:GPIOD_ISR_Handle)
                  00000e2a    00000006     --HOLE-- [fill = 0]
                  00000e30    000000a2     lib_EXTIisrmanagement.obj (.text:GPIOE_ISR_Handle)
                  00000ed2    00000006     --HOLE-- [fill = 0]
                  00000ed8    000000a2     lib_EXTIisrmanagement.obj (.text:GPIOF_ISR_Handle)
                  00000f7a    00000006     --HOLE-- [fill = 0]
                  00000f80    000000a2     lib_i2c.obj (.text:LIB_I2C_Init)
                  00001022    00000006     --HOLE-- [fill = 0]
                  00001028    0000009e     lib_i2c.obj (.text:LIB_I2C_Transmit)
                  000010c6    0000009c     rtsv7M4_T_le_v4SPD16_eabi.lib : memcpy_t2.asm.obj (.text)
                  00001162    00000006     --HOLE-- [fill = 0]
                  00001168    0000009a     lib_EXTIisrmanagement.obj (.text:GPIOA_ISR_Handle)
                  00001202    00000006     --HOLE-- [fill = 0]
                  00001208    00000092     interrupt.obj (.text:IntEnable)
                  0000129a    00000006     --HOLE-- [fill = 0]
                  000012a0    00000072     oled.obj (.text:Oled_ShowNumberBase)
                  00001312    00000006     --HOLE-- [fill = 0]
                  00001318    00000072     oled.obj (.text:Oled_ShowString)
                  0000138a    00000006     --HOLE-- [fill = 0]
                  00001390    0000006e     blinky.obj (.text:main)
                  000013fe    00000002     --HOLE-- [fill = 0]
                  00001400    00000068     uartstdio.obj (.text:UARTStdioConfig)
                  00001468    00000068     rtsv7M4_T_le_v4SPD16_eabi.lib : copy_decompress_lzss.c.obj (.text:decompress:lzss:__TI_decompress_lzss)
                  000014d0    0000005e     i2c.obj (.text:I2CMasterInitExpClk)
                  0000152e    00000002     --HOLE-- [fill = 0]
                  00001530    0000005e     lib_i2c.obj (.text:LIB_I2C_Send)
                  0000158e    00000002     --HOLE-- [fill = 0]
                  00001590    0000005c     gpio.obj (.text:GPIOPinConfigure)
                  000015ec    00000004     --HOLE-- [fill = 0]
                  000015f0    0000005a     uartstdio.obj (.text:UARTwrite)
                  0000164a    00000006     --HOLE-- [fill = 0]
                  00001650    00000052     sysctl.obj (.text:SysCtlPeripheralReset)
                  000016a2    00000006     --HOLE-- [fill = 0]
                  000016a8    00000050     oled.obj (.text:Oled_ShowParam)
                  000016f8    00000044     oled.obj (.text:Oled_Pow)
                  0000173c    00000044     rtsv7M4_T_le_v4SPD16_eabi.lib : autoinit.c.obj (.text:__TI_auto_init_nobinit_nopinit:__TI_auto_init_nobinit_nopinit)
                  00001780    00000040                                   : u_divt2.asm.obj (.text)
                  000017c0    0000003c     oled.obj (.text:Oled_Fill)
                  000017fc    00000004     --HOLE-- [fill = 0]
                  00001800    0000003a     sysctl.obj (.text:SysCtlPeripheralReady)
                  0000183a    00000006     --HOLE-- [fill = 0]
                  00001840    00000034     sysctl.obj (.text:SysCtlPeripheralEnable)
                  00001874    00000034     rtsv7M4_T_le_v4SPD16_eabi.lib : boot_cortex_m.c.obj (.text:_c_int00_noargs:_c_int00_noargs)
                  000018a8    00000032     oled.obj (.text:Oled_ShowNumber)
                  000018da    00000006     --HOLE-- [fill = 0]
                  000018e0    0000002c     gpio.obj (.text:GPIODirModeSet)
                  0000190c    00000004     --HOLE-- [fill = 0]
                  00001910    0000002c     lib_TIMERisrmanagement.obj (.text:TIMER1A_ISR_Handle)
                  0000193c    00000004     --HOLE-- [fill = 0]
                  00001940    0000002c     lib_TIMERisrmanagement.obj (.text:TIMER1B_ISR_Handle)
                  0000196c    00000004     --HOLE-- [fill = 0]
                  00001970    0000002c     lib_TIMERisrmanagement.obj (.text:TIMER2A_ISR_Handle)
                  0000199c    00000004     --HOLE-- [fill = 0]
                  000019a0    0000002c     lib_TIMERisrmanagement.obj (.text:TIMER2B_ISR_Handle)
                  000019cc    00000004     --HOLE-- [fill = 0]
                  000019d0    0000002c     lib_TIMERisrmanagement.obj (.text:TIMER3A_ISR_Handle)
                  000019fc    00000004     --HOLE-- [fill = 0]
                  00001a00    0000002c     lib_TIMERisrmanagement.obj (.text:TIMER3B_ISR_Handle)
                  00001a2c    00000004     --HOLE-- [fill = 0]
                  00001a30    0000002c     lib_TIMERisrmanagement.obj (.text:TIMER4A_ISR_Handle)
                  00001a5c    00000004     --HOLE-- [fill = 0]
                  00001a60    0000002c     lib_TIMERisrmanagement.obj (.text:TIMER4B_ISR_Handle)
                  00001a8c    00000004     --HOLE-- [fill = 0]
                  00001a90    0000002c     lib_TIMERisrmanagement.obj (.text:TIMER5A_ISR_Handle)
                  00001abc    00000004     --HOLE-- [fill = 0]
                  00001ac0    0000002c     lib_TIMERisrmanagement.obj (.text:TIMER5B_ISR_Handle)
                  00001aec    00000004     --HOLE-- [fill = 0]
                  00001af0    0000002c     lib_UARTisrmanagement.obj (.text:UART0_ISR_Handle)
                  00001b1c    00000004     --HOLE-- [fill = 0]
                  00001b20    0000002c     lib_UARTisrmanagement.obj (.text:UART1_ISR_Handle)
                  00001b4c    00000004     --HOLE-- [fill = 0]
                  00001b50    0000002c     lib_UARTisrmanagement.obj (.text:UART2_ISR_Handle)
                  00001b7c    00000004     --HOLE-- [fill = 0]
                  00001b80    0000002c     lib_UARTisrmanagement.obj (.text:UART3_ISR_Handle)
                  00001bac    00000004     --HOLE-- [fill = 0]
                  00001bb0    0000002c     lib_UARTisrmanagement.obj (.text:UART5_ISR_Handle)
                  00001bdc    00000004     --HOLE-- [fill = 0]
                  00001be0    0000002c     lib_UARTisrmanagement.obj (.text:UART6_ISR_Handle)
                  00001c0c    00000004     --HOLE-- [fill = 0]
                  00001c10    0000002c     lib_UARTisrmanagement.obj (.text:UART7_ISR_Handle)
                  00001c3c    00000004     --HOLE-- [fill = 0]
                  00001c40    00000028     oled.obj (.text:Oled_ShowChar)
                  00001c68    00000028     lib_TIMERisrmanagement.obj (.text:TIMER0A_ISR_Handle)
                  00001c90    00000028     lib_TIMERisrmanagement.obj (.text:TIMER0B_ISR_Handle)
                  00001cb8    00000028     lib_UARTisrmanagement.obj (.text:UART4_ISR_Handle)
                  00001ce0    00000024     oled.obj (.text:Oled_SetPos)
                  00001d04    00000004     --HOLE-- [fill = 0]
                  00001d08    0000001e     lib_QEIisrmanagement.obj (.text:QEI0_ISR_Handle)
                  00001d26    00000002     --HOLE-- [fill = 0]
                  00001d28    0000001e     lib_QEIisrmanagement.obj (.text:QEI1_ISR_Handle)
                  00001d46    00000002     --HOLE-- [fill = 0]
                  00001d48    0000001c     lib_clock.obj (.text:LIB_CLOCK_MainClockSet)
                  00001d64    00000004     --HOLE-- [fill = 0]
                  00001d68    0000001a     uartstdio.obj (.text:UARTprintf)
                  00001d82    00000006     --HOLE-- [fill = 0]
                  00001d88    00000016     gpio.obj (.text:GPIOPinTypeI2C)
                  00001d9e    00000002     --HOLE-- [fill = 0]
                  00001da0    00000016     gpio.obj (.text:GPIOPinTypeI2CSCL)
                  00001db6    00000002     --HOLE-- [fill = 0]
                  00001db8    00000016     gpio.obj (.text:GPIOPinTypeUART)
                  00001dce    00000002     --HOLE-- [fill = 0]
                  00001dd0    00000012     interrupt.obj (.text:IntMasterEnable)
                  00001de2    00000006     --HOLE-- [fill = 0]
                  00001de8    00000012     oled.obj (.text:Oled_Datas)
                  00001dfa    00000006     --HOLE-- [fill = 0]
                  00001e00    0000000e     gpio.obj (.text:GPIOIntStatus)
                  00001e0e    0000000e     rtsv7M4_T_le_v4SPD16_eabi.lib : copy_decompress_none.c.obj (.text:decompress:none:__TI_decompress_none)
                  00001e1c    00000004     --HOLE-- [fill = 0]
                  00001e20    0000000c     cpu.obj (.text:CPUcpsie)
                  00001e2c    00000004     --HOLE-- [fill = 0]
                  00001e30    0000000c     oled.obj (.text:Oled_Cmd)
                  00001e3c    00000004     --HOLE-- [fill = 0]
                  00001e40    0000000a     i2c.obj (.text:I2CMasterEnable)
                  00001e4a    00000006     --HOLE-- [fill = 0]
                  00001e50    0000000a     timer.obj (.text:TimerIntStatus)
                  00001e5a    00000006     --HOLE-- [fill = 0]
                  00001e60    0000000a     uart.obj (.text:UARTIntStatus)
                  00001e6a    00000006     --HOLE-- [fill = 0]
                  00001e70    00000008     i2c.obj (.text:I2CMasterBusy)
                  00001e78    00000008     i2c.obj (.text:I2CMasterSlaveAddrSet)
                  00001e80    00000008     uart.obj (.text:UARTIntEnable)
                  00001e88    00000006     gpio.obj (.text:GPIOIntClear)
                  00001e8e    00000002     --HOLE-- [fill = 0]
                  00001e90    00000006     oled.obj (.text:Oled_Clear)
                  00001e96    00000002     --HOLE-- [fill = 0]
                  00001e98    00000006     startup_ccs.obj (.text:ResetISR)
                  00001e9e    00000002     --HOLE-- [fill = 0]
                  00001ea0    00000006     uart.obj (.text:UARTClockSourceSet)
                  00001ea6    00000002     --HOLE-- [fill = 0]
                  00001ea8    00000004     i2c.obj (.text:I2CMasterControl)
                  00001eac    00000004     --HOLE-- [fill = 0]
                  00001eb0    00000004     i2c.obj (.text:I2CMasterDataPut)
                  00001eb4    00000004     --HOLE-- [fill = 0]
                  00001eb8    00000004     qei.obj (.text:QEIIntClear)
                  00001ebc    00000004     --HOLE-- [fill = 0]
                  00001ec0    00000004     timer.obj (.text:TimerIntClear)
                  00001ec4    00000004     --HOLE-- [fill = 0]
                  00001ec8    00000004     uart.obj (.text:UARTIntClear)
                  00001ecc    00000004     --HOLE-- [fill = 0]
                  00001ed0    00000002     startup_ccs.obj (.text:FaultISR)
                  00001ed2    00000006     --HOLE-- [fill = 0]
                  00001ed8    00000002     startup_ccs.obj (.text:IntDefaultHandler)
                  00001eda    00000006     --HOLE-- [fill = 0]
                  00001ee0    00000002     startup_ccs.obj (.text:NmiSR)
                  00001ee2    00000006     --HOLE-- [fill = 0]
                  00001ee8    00000002     lib_EXTIisrmanagement.obj (.text:__nop)

.const     0    00001eec    000003a0     
                  00001eec    00000228     front.obj (.const:F6x8)
                  00002114    00000090     gpio.obj (.const:g_pui32GPIOBaseAddrs)
                  000021a4    0000006c     sysctl.obj (.const:g_pui32Xtals)
                  00002210    00000050     lib_i2c.obj (.const:$P$T0$1)
                  00002260    00000014     interrupt.obj (.const:g_pui32EnRegs)
                  00002274    0000000c     uartstdio.obj (.const:g_ui32UARTBase)
                  00002280    0000000c     uartstdio.obj (.const:g_ui32UARTPeriph)

.cinit     0    00002290    00000020     
                  00002290    0000000e     (.cinit..data.load) [load image, compression = lzss]
                  0000229e    00000002     --HOLE-- [fill = 0]
                  000022a0    00000008     (__TI_handler_table)
                  000022a8    00000008     (__TI_cinit_table)

.init_array 
*          0    00000000    00000000     UNINITIALIZED

.data      0    20000400    00000124     UNINITIALIZED
                  20000400    000000c0     lib_EXTIisrmanagement.obj (.data:ExtiIsrHandleTable)
                  200004c0    00000030     lib_TIMERisrmanagement.obj (.data:TimerIsrHandleTable)
                  200004f0    00000020     lib_UARTisrmanagement.obj (.data:UartIsrHandleTable)
                  20000510    00000008     lib_QEIisrmanagement.obj (.data:QeiIsrHandleTable)
                  20000518    00000005     uartstdio.obj (.data)
                  2000051d    00000003     --HOLE--
                  20000520    00000004     lib_clock.obj (.data)

.stack     0    20000000    00000400     UNINITIALIZED
                  20000000    00000004     rtsv7M4_T_le_v4SPD16_eabi.lib : boot_cortex_m.c.obj (.stack)
                  20000004    000003fc     --HOLE--

.binit     0    00000000    00000000     

MODULE SUMMARY

       Module                       code   ro data   rw data
       ------                       ----   -------   -------
    .\
       startup_ccs.obj              12     620       0      
       blinky.obj                   110    0         0      
    +--+----------------------------+------+---------+---------+
       Total:                       122    620       0      
                                                            
    .\EK-TM4C123GXL_LIB\clock\
       lib_clock.obj                28     0         4      
    +--+----------------------------+------+---------+---------+
       Total:                       28     0         4      
                                                            
    .\EK-TM4C123GXL_LIB\i2c\
       lib_i2c.obj                  414    80        0      
    +--+----------------------------+------+---------+---------+
       Total:                       414    80        0      
                                                            
    .\EK-TM4C123GXL_LIB\isr_anagement\
       lib_EXTIisrmanagement.obj    966    0         192    
       lib_TIMERisrmanagement.obj   520    0         48     
       lib_UARTisrmanagement.obj    348    0         32     
       lib_QEIisrmanagement.obj     60     0         8      
    +--+----------------------------+------+---------+---------+
       Total:                       1894   0         280    
                                                            
    .\EK-TM4C123GXL_LIB\uart\
       lib_uart.obj                 174    0         0      
    +--+----------------------------+------+---------+---------+
       Total:                       174    0         0      
                                                            
    .\Peripheral_LIB\OLED\
       oled.obj                     774    0         0      
       front.obj                    0      552       0      
    +--+----------------------------+------+---------+---------+
       Total:                       774    552       0      
                                                            
    .\driverlib\
       sysctl.obj                   958    108       0      
       gpio.obj                     806    144       0      
       interrupt.obj                164    20        0      
       i2c.obj                      128    0         0      
       uart.obj                     28     0         0      
       timer.obj                    14     0         0      
       cpu.obj                      12     0         0      
       qei.obj                      4      0         0      
    +--+----------------------------+------+---------+---------+
       Total:                       2114   272       0      
                                                            
    .\utils\
       uartstdio.obj                1018   24        5      
    +--+----------------------------+------+---------+---------+
       Total:                       1018   24        5      
                                                            
    C:\ti\ccs1220\ccs\tools\compiler\ti-cgt-arm_18.12.8.LTS\lib\rtsv7M4_T_le_v4SPD16_eabi.lib
       memcpy_t2.asm.obj            156    0         0      
       copy_decompress_lzss.c.obj   104    0         0      
       autoinit.c.obj               68     0         0      
       u_divt2.asm.obj              64     0         0      
       boot_cortex_m.c.obj          52     0         0      
       copy_decompress_none.c.obj   14     0         0      
       exit.c.obj                   4      0         0      
       pre_init.c.obj               4      0         0      
       div0.asm.obj                 2      0         0      
    +--+----------------------------+------+---------+---------+
       Total:                       468    0         0      
                                                            
       Stack:                       0      0         1024   
       Linker Generated:            0      30        0      
    +--+----------------------------+------+---------+---------+
       Grand Total:                 7006   1578      1313   


LINKER GENERATED COPY TABLES

__TI_cinit_table @ 000022a8 records: 1, size/record: 8, table size: 8
	.data: load addr=00002290, load size=0000000e bytes, run addr=20000400, run size=00000124 bytes, compression=lzss


LINKER GENERATED HANDLER TABLE

__TI_handler_table @ 000022a0 records: 2, size/record: 4, table size: 8
	index: 0, handler: __TI_decompress_lzss
	index: 1, handler: __TI_decompress_none


GLOBAL SYMBOLS: SORTED ALPHABETICALLY BY Name 

address   name                          
-------   ----                          
00000ad5  C$$EXIT                       
20000520  CPU_F                         
00001e21  CPUcpsie                      
20000400  ExtiIsrHandleTable            
00001eec  F6x8                          
00001169  GPIOA_ISR_Handle              
00000c39  GPIOB_ISR_Handle              
00000ce1  GPIOC_ISR_Handle              
00000d89  GPIOD_ISR_Handle              
000018e1  GPIODirModeSet                
00000e31  GPIOE_ISR_Handle              
00000ed9  GPIOF_ISR_Handle              
00001e89  GPIOIntClear                  
00001e01  GPIOIntStatus                 
00000591  GPIOPadConfigSet              
00001591  GPIOPinConfigure              
00001d89  GPIOPinTypeI2C                
00001da1  GPIOPinTypeI2CSCL             
00001db9  GPIOPinTypeUART               
00001e71  I2CMasterBusy                 
00001ea9  I2CMasterControl              
00001eb1  I2CMasterDataPut              
00001e41  I2CMasterEnable               
000014d1  I2CMasterInitExpClk           
00001e79  I2CMasterSlaveAddrSet         
00001209  IntEnable                     
00001dd1  IntMasterEnable               
00001d49  LIB_CLOCK_MainClockSet        
00000f81  LIB_I2C_Init                  
00001531  LIB_I2C_Send                  
00001029  LIB_I2C_Transmit              
00000b89  LIB_UART_PrintfInit           
00001e91  Oled_Clear                    
00001e31  Oled_Cmd                      
00001de9  Oled_Datas                    
000017c1  Oled_Fill                     
00000ad9  Oled_Init                     
000016f9  Oled_Pow                      
00001ce1  Oled_SetPos                   
00001c41  Oled_ShowChar                 
000018a9  Oled_ShowNumber               
000012a1  Oled_ShowNumberBase           
000016a9  Oled_ShowParam                
00001319  Oled_ShowString               
00001e91  Oled_Test                     
00001d09  QEI0_ISR_Handle               
00001d29  QEI1_ISR_Handle               
00001eb9  QEIIntClear                   
20000510  QeiIsrHandleTable             
00001e99  ResetISR                      
000007d9  SysCtlClockGet                
00000971  SysCtlClockSet                
00000cdb  SysCtlDelay                   
00001841  SysCtlPeripheralEnable        
00001801  SysCtlPeripheralReady         
00001651  SysCtlPeripheralReset         
00001c69  TIMER0A_ISR_Handle            
00001c91  TIMER0B_ISR_Handle            
00001911  TIMER1A_ISR_Handle            
00001941  TIMER1B_ISR_Handle            
00001971  TIMER2A_ISR_Handle            
000019a1  TIMER2B_ISR_Handle            
000019d1  TIMER3A_ISR_Handle            
00001a01  TIMER3B_ISR_Handle            
00001a31  TIMER4A_ISR_Handle            
00001a61  TIMER4B_ISR_Handle            
00001a91  TIMER5A_ISR_Handle            
00001ac1  TIMER5B_ISR_Handle            
00001ec1  TimerIntClear                 
00001e51  TimerIntStatus                
200004c0  TimerIsrHandleTable           
00001af1  UART0_ISR_Handle              
00001b21  UART1_ISR_Handle              
00001b51  UART2_ISR_Handle              
00001b81  UART3_ISR_Handle              
00001cb9  UART4_ISR_Handle              
00001bb1  UART5_ISR_Handle              
00001be1  UART6_ISR_Handle              
00001c11  UART7_ISR_Handle              
00001ea1  UARTClockSourceSet            
00001ec9  UARTIntClear                  
00001e81  UARTIntEnable                 
00001e61  UARTIntStatus                 
00001401  UARTStdioConfig               
00001d69  UARTprintf                    
00000271  UARTvprintf                   
000015f1  UARTwrite                     
200004f0  UartIsrHandleTable            
20000400  __STACK_END                   
00000400  __STACK_SIZE                  
20000200  __STACK_TOP                   
000022a8  __TI_CINIT_Base               
000022b0  __TI_CINIT_Limit              
000022a0  __TI_Handler_Table_Base       
000022a8  __TI_Handler_Table_Limit      
0000173d  __TI_auto_init_nobinit_nopinit
00001469  __TI_decompress_lzss          
00001e0f  __TI_decompress_none          
ffffffff  __TI_pprof_out_hndl           
ffffffff  __TI_prof_data_size           
ffffffff  __TI_prof_data_start          
00000000  __TI_static_base__            
0000058f  __aeabi_idiv0                 
0000058f  __aeabi_ldiv0                 
000010c7  __aeabi_memcpy                
000010c7  __aeabi_memcpy4               
000010c7  __aeabi_memcpy8               
00001781  __aeabi_uidiv                 
00001781  __aeabi_uidivmod              
ffffffff  __binit__                     
ffffffff  __c_args__                    
UNDEFED   __mpu_init                    
00001ee9  __nop                         
20000000  __stack                       
00001875  _c_int00_noargs               
UNDEFED   _system_post_cinit            
0000096d  _system_pre_init              
00000ad5  abort                         
ffffffff  binit                         
00000000  g_pfnVectors                  
00001391  main                          
000010c7  memcpy                        


GLOBAL SYMBOLS: SORTED BY Symbol Address 

address   name                          
-------   ----                          
00000000  __TI_static_base__            
00000000  g_pfnVectors                  
00000271  UARTvprintf                   
00000400  __STACK_SIZE                  
0000058f  __aeabi_idiv0                 
0000058f  __aeabi_ldiv0                 
00000591  GPIOPadConfigSet              
000007d9  SysCtlClockGet                
0000096d  _system_pre_init              
00000971  SysCtlClockSet                
00000ad5  C$$EXIT                       
00000ad5  abort                         
00000ad9  Oled_Init                     
00000b89  LIB_UART_PrintfInit           
00000c39  GPIOB_ISR_Handle              
00000cdb  SysCtlDelay                   
00000ce1  GPIOC_ISR_Handle              
00000d89  GPIOD_ISR_Handle              
00000e31  GPIOE_ISR_Handle              
00000ed9  GPIOF_ISR_Handle              
00000f81  LIB_I2C_Init                  
00001029  LIB_I2C_Transmit              
000010c7  __aeabi_memcpy                
000010c7  __aeabi_memcpy4               
000010c7  __aeabi_memcpy8               
000010c7  memcpy                        
00001169  GPIOA_ISR_Handle              
00001209  IntEnable                     
000012a1  Oled_ShowNumberBase           
00001319  Oled_ShowString               
00001391  main                          
00001401  UARTStdioConfig               
00001469  __TI_decompress_lzss          
000014d1  I2CMasterInitExpClk           
00001531  LIB_I2C_Send                  
00001591  GPIOPinConfigure              
000015f1  UARTwrite                     
00001651  SysCtlPeripheralReset         
000016a9  Oled_ShowParam                
000016f9  Oled_Pow                      
0000173d  __TI_auto_init_nobinit_nopinit
00001781  __aeabi_uidiv                 
00001781  __aeabi_uidivmod              
000017c1  Oled_Fill                     
00001801  SysCtlPeripheralReady         
00001841  SysCtlPeripheralEnable        
00001875  _c_int00_noargs               
000018a9  Oled_ShowNumber               
000018e1  GPIODirModeSet                
00001911  TIMER1A_ISR_Handle            
00001941  TIMER1B_ISR_Handle            
00001971  TIMER2A_ISR_Handle            
000019a1  TIMER2B_ISR_Handle            
000019d1  TIMER3A_ISR_Handle            
00001a01  TIMER3B_ISR_Handle            
00001a31  TIMER4A_ISR_Handle            
00001a61  TIMER4B_ISR_Handle            
00001a91  TIMER5A_ISR_Handle            
00001ac1  TIMER5B_ISR_Handle            
00001af1  UART0_ISR_Handle              
00001b21  UART1_ISR_Handle              
00001b51  UART2_ISR_Handle              
00001b81  UART3_ISR_Handle              
00001bb1  UART5_ISR_Handle              
00001be1  UART6_ISR_Handle              
00001c11  UART7_ISR_Handle              
00001c41  Oled_ShowChar                 
00001c69  TIMER0A_ISR_Handle            
00001c91  TIMER0B_ISR_Handle            
00001cb9  UART4_ISR_Handle              
00001ce1  Oled_SetPos                   
00001d09  QEI0_ISR_Handle               
00001d29  QEI1_ISR_Handle               
00001d49  LIB_CLOCK_MainClockSet        
00001d69  UARTprintf                    
00001d89  GPIOPinTypeI2C                
00001da1  GPIOPinTypeI2CSCL             
00001db9  GPIOPinTypeUART               
00001dd1  IntMasterEnable               
00001de9  Oled_Datas                    
00001e01  GPIOIntStatus                 
00001e0f  __TI_decompress_none          
00001e21  CPUcpsie                      
00001e31  Oled_Cmd                      
00001e41  I2CMasterEnable               
00001e51  TimerIntStatus                
00001e61  UARTIntStatus                 
00001e71  I2CMasterBusy                 
00001e79  I2CMasterSlaveAddrSet         
00001e81  UARTIntEnable                 
00001e89  GPIOIntClear                  
00001e91  Oled_Clear                    
00001e91  Oled_Test                     
00001e99  ResetISR                      
00001ea1  UARTClockSourceSet            
00001ea9  I2CMasterControl              
00001eb1  I2CMasterDataPut              
00001eb9  QEIIntClear                   
00001ec1  TimerIntClear                 
00001ec9  UARTIntClear                  
00001ee9  __nop                         
00001eec  F6x8                          
000022a0  __TI_Handler_Table_Base       
000022a8  __TI_CINIT_Base               
000022a8  __TI_Handler_Table_Limit      
000022b0  __TI_CINIT_Limit              
20000000  __stack                       
20000200  __STACK_TOP                   
20000400  ExtiIsrHandleTable            
20000400  __STACK_END                   
200004c0  TimerIsrHandleTable           
200004f0  UartIsrHandleTable            
20000510  QeiIsrHandleTable             
20000520  CPU_F                         
ffffffff  __TI_pprof_out_hndl           
ffffffff  __TI_prof_data_size           
ffffffff  __TI_prof_data_start          
ffffffff  __binit__                     
ffffffff  __c_args__                    
ffffffff  binit                         
UNDEFED   __mpu_init                    
UNDEFED   _system_post_cinit            

[122 symbols]
