******************************************************************************
                  TI ARM Linker PC v18.12.8                    
******************************************************************************
>> Linked Sat May 20 22:16:41 2023

OUTPUT FILE NAME:   <EK-TM4C123GXL_LIB_TEST.out>
ENTRY POINT SYMBOL: "_c_int00_noargs"  address: 00001035


MEMORY CONFIGURATION

         name            origin    length      used     unused   attr    fill
----------------------  --------  ---------  --------  --------  ----  --------
  FLASH                 00000000   00040000  000014be  0003eb42  R  X
  SRAM                  20000000   00008000  000002f4  00007d0c  RW X


SEGMENT ALLOCATION MAP

run origin  load origin   length   init length attrs members
----------  ----------- ---------- ----------- ----- -------
00000000    00000000    000014c8   000014c8    r-x
  00000000    00000000    0000026c   0000026c    r-- .intvecs
  00000270    00000270    000011b2   000011b2    r-x .text
  00001424    00001424    00000080   00000080    r-- .const
  000014a8    000014a8    00000020   00000020    r-- .cinit
20000000    20000000    000002f4   00000000    rw-
  20000000    20000000    00000200   00000000    rw- .stack
  20000200    20000200    000000f4   00000000    rw- .data


SECTION ALLOCATION MAP

 output                                  attributes/
section   page    origin      length       input sections
--------  ----  ----------  ----------   ----------------
.intvecs   0    00000000    0000026c     
                  00000000    0000026c     startup_ccs.obj (.intvecs)

.text      0    00000270    000011b2     
                  00000270    00000248     gpio.obj (.text:GPIOPadConfigSet)
                  000004b8    00000194     sysctl.obj (.text:SysCtlClockGet)
                  0000064c    00000004     rtsv7M4_T_le_v4SPD16_eabi.lib : pre_init.c.obj (.text:_system_pre_init)
                  00000650    00000164     sysctl.obj (.text:SysCtlClockSet)
                  000007b4    00000004     rtsv7M4_T_le_v4SPD16_eabi.lib : exit.c.obj (.text:abort:abort)
                  000007b8    000000fc     lib_gpio.obj (.text:LIB_GPIO_Init)
                  000008b4    00000004     --HOLE-- [fill = 0]
                  000008b8    000000a2     lib_EXTIisrmanagement.obj (.text:GPIOA_ISR_Handle)
                  0000095a    00000006     sysctl.obj (.text:SysCtlDelay)
                  00000960    000000a2     lib_EXTIisrmanagement.obj (.text:GPIOB_ISR_Handle)
                  00000a02    00000006     --HOLE-- [fill = 0]
                  00000a08    000000a2     lib_EXTIisrmanagement.obj (.text:GPIOC_ISR_Handle)
                  00000aaa    00000006     --HOLE-- [fill = 0]
                  00000ab0    000000a2     lib_EXTIisrmanagement.obj (.text:GPIOD_ISR_Handle)
                  00000b52    00000006     --HOLE-- [fill = 0]
                  00000b58    000000a2     lib_EXTIisrmanagement.obj (.text:GPIOE_ISR_Handle)
                  00000bfa    00000006     --HOLE-- [fill = 0]
                  00000c00    000000a2     lib_EXTIisrmanagement.obj (.text:GPIOF_ISR_Handle)
                  00000ca2    0000009c     rtsv7M4_T_le_v4SPD16_eabi.lib : memcpy_t2.asm.obj (.text)
                  00000d3e    00000002     --HOLE-- [fill = 0]
                  00000d40    00000092     interrupt.obj (.text:IntEnable)
                  00000dd2    00000006     --HOLE-- [fill = 0]
                  00000dd8    00000070     timer.obj (.text:TimerConfigure)
                  00000e48    0000006e     lib_timer.obj (.text:LIB_TIMER_Init)
                  00000eb6    00000068     rtsv7M4_T_le_v4SPD16_eabi.lib : copy_decompress_lzss.c.obj (.text:decompress:lzss:__TI_decompress_lzss)
                  00000f1e    00000002     --HOLE-- [fill = 0]
                  00000f20    00000056     blinky.obj (.text:main)
                  00000f76    00000002     --HOLE-- [fill = 0]
                  00000f78    00000044     rtsv7M4_T_le_v4SPD16_eabi.lib : autoinit.c.obj (.text:__TI_auto_init_nobinit_nopinit:__TI_auto_init_nobinit_nopinit)
                  00000fbc    00000004     --HOLE-- [fill = 0]
                  00000fc0    0000003a     sysctl.obj (.text:SysCtlPeripheralReady)
                  00000ffa    00000006     --HOLE-- [fill = 0]
                  00001000    00000034     sysctl.obj (.text:SysCtlPeripheralEnable)
                  00001034    00000034     rtsv7M4_T_le_v4SPD16_eabi.lib : boot_cortex_m.c.obj (.text:_c_int00_noargs:_c_int00_noargs)
                  00001068    0000002c     lib_TIMERisrmanagement.obj (.text:TIMER1A_ISR_Handle)
                  00001094    00000004     --HOLE-- [fill = 0]
                  00001098    0000002c     lib_TIMERisrmanagement.obj (.text:TIMER1B_ISR_Handle)
                  000010c4    00000004     --HOLE-- [fill = 0]
                  000010c8    0000002c     lib_TIMERisrmanagement.obj (.text:TIMER2A_ISR_Handle)
                  000010f4    00000004     --HOLE-- [fill = 0]
                  000010f8    0000002c     lib_TIMERisrmanagement.obj (.text:TIMER2B_ISR_Handle)
                  00001124    00000004     --HOLE-- [fill = 0]
                  00001128    0000002c     lib_TIMERisrmanagement.obj (.text:TIMER3A_ISR_Handle)
                  00001154    00000004     --HOLE-- [fill = 0]
                  00001158    0000002c     lib_TIMERisrmanagement.obj (.text:TIMER3B_ISR_Handle)
                  00001184    00000004     --HOLE-- [fill = 0]
                  00001188    0000002c     lib_TIMERisrmanagement.obj (.text:TIMER4A_ISR_Handle)
                  000011b4    00000004     --HOLE-- [fill = 0]
                  000011b8    0000002c     lib_TIMERisrmanagement.obj (.text:TIMER4B_ISR_Handle)
                  000011e4    00000004     --HOLE-- [fill = 0]
                  000011e8    0000002c     lib_TIMERisrmanagement.obj (.text:TIMER5A_ISR_Handle)
                  00001214    00000004     --HOLE-- [fill = 0]
                  00001218    0000002c     lib_TIMERisrmanagement.obj (.text:TIMER5B_ISR_Handle)
                  00001244    00000004     --HOLE-- [fill = 0]
                  00001248    00000028     lib_TIMERisrmanagement.obj (.text:TIMER0A_ISR_Handle)
                  00001270    00000028     lib_TIMERisrmanagement.obj (.text:TIMER0B_ISR_Handle)
                  00001298    00000020     lib_gpio.obj (.text:LIB_GPIO_WritePin)
                  000012b8    00000020     blinky.obj (.text:toggle)
                  000012d8    0000001c     lib_clock.obj (.text:LIB_CLOCK_MainClockSet)
                  000012f4    00000004     --HOLE-- [fill = 0]
                  000012f8    0000001c     lib_clock.obj (.text:LIB_CLOCK_PeripheralClockEnable)
                  00001314    00000004     --HOLE-- [fill = 0]
                  00001318    0000001a     sysctl.obj (.text:SysCtlGPIOAHBEnable)
                  00001332    00000006     --HOLE-- [fill = 0]
                  00001338    00000012     interrupt.obj (.text:IntMasterEnable)
                  0000134a    00000006     --HOLE-- [fill = 0]
                  00001350    00000012     lib_gpio.obj (.text:LIB_GPIO_TogglePin)
                  00001362    00000006     --HOLE-- [fill = 0]
                  00001368    00000012     lib_TIMERisrmanagement.obj (.text:LIB_ISR_TIMERRegister)
                  0000137a    00000006     --HOLE-- [fill = 0]
                  00001380    00000012     timer.obj (.text:TimerLoadSet)
                  00001392    00000006     --HOLE-- [fill = 0]
                  00001398    0000000e     gpio.obj (.text:GPIOIntStatus)
                  000013a6    00000002     --HOLE-- [fill = 0]
                  000013a8    0000000e     timer.obj (.text:TimerEnable)
                  000013b6    0000000e     rtsv7M4_T_le_v4SPD16_eabi.lib : copy_decompress_none.c.obj (.text:decompress:none:__TI_decompress_none)
                  000013c4    00000004     --HOLE-- [fill = 0]
                  000013c8    0000000c     cpu.obj (.text:CPUcpsie)
                  000013d4    00000004     --HOLE-- [fill = 0]
                  000013d8    0000000a     timer.obj (.text:TimerIntStatus)
                  000013e2    00000006     --HOLE-- [fill = 0]
                  000013e8    00000008     timer.obj (.text:TimerIntEnable)
                  000013f0    00000006     gpio.obj (.text:GPIOIntClear)
                  000013f6    00000002     --HOLE-- [fill = 0]
                  000013f8    00000006     startup_ccs.obj (.text:ResetISR)
                  000013fe    00000002     --HOLE-- [fill = 0]
                  00001400    00000004     timer.obj (.text:TimerIntClear)
                  00001404    00000004     --HOLE-- [fill = 0]
                  00001408    00000002     startup_ccs.obj (.text:FaultISR)
                  0000140a    00000006     --HOLE-- [fill = 0]
                  00001410    00000002     startup_ccs.obj (.text:IntDefaultHandler)
                  00001412    00000006     --HOLE-- [fill = 0]
                  00001418    00000002     startup_ccs.obj (.text:NmiSR)
                  0000141a    00000006     --HOLE-- [fill = 0]
                  00001420    00000002     lib_EXTIisrmanagement.obj (.text:__nop)

.const     0    00001424    00000080     
                  00001424    0000006c     sysctl.obj (.const:g_pui32Xtals)
                  00001490    00000014     interrupt.obj (.const:g_pui32EnRegs)

.cinit     0    000014a8    00000020     
                  000014a8    0000000e     (.cinit..data.load) [load image, compression = lzss]
                  000014b6    00000002     --HOLE-- [fill = 0]
                  000014b8    00000008     (__TI_handler_table)
                  000014c0    00000008     (__TI_cinit_table)

.init_array 
*          0    00000000    00000000     UNINITIALIZED

.data      0    20000200    000000f4     UNINITIALIZED
                  20000200    000000c0     lib_EXTIisrmanagement.obj (.data:ExtiIsrHandleTable)
                  200002c0    00000030     lib_TIMERisrmanagement.obj (.data:TimerIsrHandleTable)
                  200002f0    00000004     lib_clock.obj (.data)

.stack     0    20000000    00000200     UNINITIALIZED
                  20000000    00000004     rtsv7M4_T_le_v4SPD16_eabi.lib : boot_cortex_m.c.obj (.stack)
                  20000004    000001fc     --HOLE--

.binit     0    00000000    00000000     

MODULE SUMMARY

       Module                       code   ro data   rw data
       ------                       ----   -------   -------
    .\
       startup_ccs.obj              12     620       0      
       blinky.obj                   118    0         0      
    +--+----------------------------+------+---------+---------+
       Total:                       130    620       0      
                                                            
    .\EK-TM4C123GXL_LIB\clock\
       lib_clock.obj                56     0         4      
    +--+----------------------------+------+---------+---------+
       Total:                       56     0         4      
                                                            
    .\EK-TM4C123GXL_LIB\gpio\
       lib_gpio.obj                 302    0         0      
    +--+----------------------------+------+---------+---------+
       Total:                       302    0         0      
                                                            
    .\EK-TM4C123GXL_LIB\isr_anagement\
       lib_EXTIisrmanagement.obj    974    0         192    
       lib_TIMERisrmanagement.obj   538    0         48     
    +--+----------------------------+------+---------+---------+
       Total:                       1512   0         240    
                                                            
    .\EK-TM4C123GXL_LIB\timer\
       lib_timer.obj                110    0         0      
    +--+----------------------------+------+---------+---------+
       Total:                       110    0         0      
                                                            
    .\driverlib\
       sysctl.obj                   902    108       0      
       gpio.obj                     604    0         0      
       interrupt.obj                164    20        0      
       timer.obj                    166    0         0      
       cpu.obj                      12     0         0      
    +--+----------------------------+------+---------+---------+
       Total:                       1848   128       0      
                                                            
    C:\ti\ccs1220\ccs\tools\compiler\ti-cgt-arm_18.12.8.LTS\lib\rtsv7M4_T_le_v4SPD16_eabi.lib
       memcpy_t2.asm.obj            156    0         0      
       copy_decompress_lzss.c.obj   104    0         0      
       autoinit.c.obj               68     0         0      
       boot_cortex_m.c.obj          52     0         0      
       copy_decompress_none.c.obj   14     0         0      
       exit.c.obj                   4      0         0      
       pre_init.c.obj               4      0         0      
    +--+----------------------------+------+---------+---------+
       Total:                       402    0         0      
                                                            
       Stack:                       0      0         512    
       Linker Generated:            0      30        0      
    +--+----------------------------+------+---------+---------+
       Grand Total:                 4360   778       756    


LINKER GENERATED COPY TABLES

__TI_cinit_table @ 000014c0 records: 1, size/record: 8, table size: 8
	.data: load addr=000014a8, load size=0000000e bytes, run addr=20000200, run size=000000f4 bytes, compression=lzss


LINKER GENERATED HANDLER TABLE

__TI_handler_table @ 000014b8 records: 2, size/record: 4, table size: 8
	index: 0, handler: __TI_decompress_lzss
	index: 1, handler: __TI_decompress_none


GLOBAL SYMBOLS: SORTED ALPHABETICALLY BY Name 

address   name                           
-------   ----                           
000007b5  C$$EXIT                        
200002f0  CPU_F                          
000013c9  CPUcpsie                       
20000200  ExtiIsrHandleTable             
000008b9  GPIOA_ISR_Handle               
00000961  GPIOB_ISR_Handle               
00000a09  GPIOC_ISR_Handle               
00000ab1  GPIOD_ISR_Handle               
00000b59  GPIOE_ISR_Handle               
00000c01  GPIOF_ISR_Handle               
000013f1  GPIOIntClear                   
00001399  GPIOIntStatus                  
00000271  GPIOPadConfigSet               
00000d41  IntEnable                      
00001339  IntMasterEnable                
000012d9  LIB_CLOCK_MainClockSet         
000012f9  LIB_CLOCK_PeripheralClockEnable
000007b9  LIB_GPIO_Init                  
00001351  LIB_GPIO_TogglePin             
00001299  LIB_GPIO_WritePin              
00001369  LIB_ISR_TIMERRegister          
00000e49  LIB_TIMER_Init                 
000013f9  ResetISR                       
000004b9  SysCtlClockGet                 
00000651  SysCtlClockSet                 
0000095b  SysCtlDelay                    
00001319  SysCtlGPIOAHBEnable            
00001001  SysCtlPeripheralEnable         
00000fc1  SysCtlPeripheralReady          
00001249  TIMER0A_ISR_Handle             
00001271  TIMER0B_ISR_Handle             
00001069  TIMER1A_ISR_Handle             
00001099  TIMER1B_ISR_Handle             
000010c9  TIMER2A_ISR_Handle             
000010f9  TIMER2B_ISR_Handle             
00001129  TIMER3A_ISR_Handle             
00001159  TIMER3B_ISR_Handle             
00001189  TIMER4A_ISR_Handle             
000011b9  TIMER4B_ISR_Handle             
000011e9  TIMER5A_ISR_Handle             
00001219  TIMER5B_ISR_Handle             
00000dd9  TimerConfigure                 
000013a9  TimerEnable                    
00001401  TimerIntClear                  
000013e9  TimerIntEnable                 
000013d9  TimerIntStatus                 
200002c0  TimerIsrHandleTable            
00001381  TimerLoadSet                   
20000200  __STACK_END                    
00000200  __STACK_SIZE                   
20000200  __STACK_TOP                    
000014c0  __TI_CINIT_Base                
000014c8  __TI_CINIT_Limit               
000014b8  __TI_Handler_Table_Base        
000014c0  __TI_Handler_Table_Limit       
00000f79  __TI_auto_init_nobinit_nopinit 
00000eb7  __TI_decompress_lzss           
000013b7  __TI_decompress_none           
ffffffff  __TI_pprof_out_hndl            
ffffffff  __TI_prof_data_size            
ffffffff  __TI_prof_data_start           
00000000  __TI_static_base__             
00000ca3  __aeabi_memcpy                 
00000ca3  __aeabi_memcpy4                
00000ca3  __aeabi_memcpy8                
ffffffff  __binit__                      
ffffffff  __c_args__                     
UNDEFED   __mpu_init                     
00001421  __nop                          
20000000  __stack                        
00001035  _c_int00_noargs                
UNDEFED   _system_post_cinit             
0000064d  _system_pre_init               
000007b5  abort                          
ffffffff  binit                          
00000000  g_pfnVectors                   
00000f21  main                           
00000ca3  memcpy                         
000012b9  toggle                         


GLOBAL SYMBOLS: SORTED BY Symbol Address 

address   name                           
-------   ----                           
00000000  __TI_static_base__             
00000000  g_pfnVectors                   
00000200  __STACK_SIZE                   
00000271  GPIOPadConfigSet               
000004b9  SysCtlClockGet                 
0000064d  _system_pre_init               
00000651  SysCtlClockSet                 
000007b5  C$$EXIT                        
000007b5  abort                          
000007b9  LIB_GPIO_Init                  
000008b9  GPIOA_ISR_Handle               
0000095b  SysCtlDelay                    
00000961  GPIOB_ISR_Handle               
00000a09  GPIOC_ISR_Handle               
00000ab1  GPIOD_ISR_Handle               
00000b59  GPIOE_ISR_Handle               
00000c01  GPIOF_ISR_Handle               
00000ca3  __aeabi_memcpy                 
00000ca3  __aeabi_memcpy4                
00000ca3  __aeabi_memcpy8                
00000ca3  memcpy                         
00000d41  IntEnable                      
00000dd9  TimerConfigure                 
00000e49  LIB_TIMER_Init                 
00000eb7  __TI_decompress_lzss           
00000f21  main                           
00000f79  __TI_auto_init_nobinit_nopinit 
00000fc1  SysCtlPeripheralReady          
00001001  SysCtlPeripheralEnable         
00001035  _c_int00_noargs                
00001069  TIMER1A_ISR_Handle             
00001099  TIMER1B_ISR_Handle             
000010c9  TIMER2A_ISR_Handle             
000010f9  TIMER2B_ISR_Handle             
00001129  TIMER3A_ISR_Handle             
00001159  TIMER3B_ISR_Handle             
00001189  TIMER4A_ISR_Handle             
000011b9  TIMER4B_ISR_Handle             
000011e9  TIMER5A_ISR_Handle             
00001219  TIMER5B_ISR_Handle             
00001249  TIMER0A_ISR_Handle             
00001271  TIMER0B_ISR_Handle             
00001299  LIB_GPIO_WritePin              
000012b9  toggle                         
000012d9  LIB_CLOCK_MainClockSet         
000012f9  LIB_CLOCK_PeripheralClockEnable
00001319  SysCtlGPIOAHBEnable            
00001339  IntMasterEnable                
00001351  LIB_GPIO_TogglePin             
00001369  LIB_ISR_TIMERRegister          
00001381  TimerLoadSet                   
00001399  GPIOIntStatus                  
000013a9  TimerEnable                    
000013b7  __TI_decompress_none           
000013c9  CPUcpsie                       
000013d9  TimerIntStatus                 
000013e9  TimerIntEnable                 
000013f1  GPIOIntClear                   
000013f9  ResetISR                       
00001401  TimerIntClear                  
00001421  __nop                          
000014b8  __TI_Handler_Table_Base        
000014c0  __TI_CINIT_Base                
000014c0  __TI_Handler_Table_Limit       
000014c8  __TI_CINIT_Limit               
20000000  __stack                        
20000200  ExtiIsrHandleTable             
20000200  __STACK_END                    
20000200  __STACK_TOP                    
200002c0  TimerIsrHandleTable            
200002f0  CPU_F                          
ffffffff  __TI_pprof_out_hndl            
ffffffff  __TI_prof_data_size            
ffffffff  __TI_prof_data_start           
ffffffff  __binit__                      
ffffffff  __c_args__                     
ffffffff  binit                          
UNDEFED   __mpu_init                     
UNDEFED   _system_post_cinit             

[79 symbols]
