******************************************************************************
                  TI ARM Linker PC v18.12.8                    
******************************************************************************
>> Linked Wed May 24 21:39:14 2023

OUTPUT FILE NAME:   <EK-TM4C123GXL_LIB_TEST.out>
ENTRY POINT SYMBOL: "_c_int00_noargs"  address: 00001665


MEMORY CONFIGURATION

         name            origin    length      used     unused   attr    fill
----------------------  --------  ---------  --------  --------  ----  --------
  FLASH                 00000000   00040000  00001e2e  0003e1d2  R  X
  SRAM                  20000000   00008000  0000031c  00007ce4  RW X


SEGMENT ALLOCATION MAP

run origin  load origin   length   init length attrs members
----------  ----------- ---------- ----------- ----- -------
00000000    00000000    00001e38   00001e38    r-x
  00000000    00000000    0000026c   0000026c    r-- .intvecs
  00000270    00000270    00001a62   00001a62    r-x .text
  00001cd4    00001cd4    00000140   00000140    r-- .const
  00001e18    00001e18    00000020   00000020    r-- .cinit
20000000    20000000    0000031c   00000000    rw-
  20000000    20000000    00000200   00000000    rw- .stack
  20000200    20000200    0000011c   00000000    rw- .data


SECTION ALLOCATION MAP

 output                                  attributes/
section   page    origin      length       input sections
--------  ----  ----------  ----------   ----------------
.intvecs   0    00000000    0000026c     
                  00000000    0000026c     startup_ccs.obj (.intvecs)

.text      0    00000270    00001a62     
                  00000270    0000031e     uartstdio.obj (.text:UARTvprintf)
                  0000058e    00000002     rtsv7M4_T_le_v4SPD16_eabi.lib : div0.asm.obj (.text)
                  00000590    00000248     gpio.obj (.text:GPIOPadConfigSet)
                  000007d8    00000194     sysctl.obj (.text:SysCtlClockGet)
                  0000096c    00000004     rtsv7M4_T_le_v4SPD16_eabi.lib : pre_init.c.obj (.text:_system_pre_init)
                  00000970    00000164     sysctl.obj (.text:SysCtlClockSet)
                  00000ad4    00000004     rtsv7M4_T_le_v4SPD16_eabi.lib : exit.c.obj (.text:abort:abort)
                  00000ad8    000000b8     lib_gpio.obj (.text:LIB_GPIO_Init)
                  00000b90    000000ae     lib_uart.obj (.text:LIB_UART_PrintfInit)
                  00000c3e    00000002     --HOLE-- [fill = 0]
                  00000c40    000000a2     lib_EXTIisrmanagement.obj (.text:GPIOB_ISR_Handle)
                  00000ce2    00000006     sysctl.obj (.text:SysCtlDelay)
                  00000ce8    000000a2     lib_EXTIisrmanagement.obj (.text:GPIOC_ISR_Handle)
                  00000d8a    00000006     --HOLE-- [fill = 0]
                  00000d90    000000a2     lib_EXTIisrmanagement.obj (.text:GPIOD_ISR_Handle)
                  00000e32    00000006     --HOLE-- [fill = 0]
                  00000e38    000000a2     lib_EXTIisrmanagement.obj (.text:GPIOE_ISR_Handle)
                  00000eda    00000006     --HOLE-- [fill = 0]
                  00000ee0    000000a2     lib_EXTIisrmanagement.obj (.text:GPIOF_ISR_Handle)
                  00000f82    00000006     --HOLE-- [fill = 0]
                  00000f88    0000009c     lib_qei.obj (.text:LIB_QEI_Init)
                  00001024    0000009c     rtsv7M4_T_le_v4SPD16_eabi.lib : memcpy_t2.asm.obj (.text)
                  000010c0    0000009a     lib_EXTIisrmanagement.obj (.text:GPIOA_ISR_Handle)
                  0000115a    00000006     --HOLE-- [fill = 0]
                  00001160    00000092     interrupt.obj (.text:IntEnable)
                  000011f2    00000006     --HOLE-- [fill = 0]
                  000011f8    0000008a     blinky.obj (.text:QEI1_Isr_Handler)
                  00001282    00000006     --HOLE-- [fill = 0]
                  00001288    00000076     blinky.obj (.text:main)
                  000012fe    00000002     --HOLE-- [fill = 0]
                  00001300    00000070     lib_timer.obj (.text:LIB_TIMER_InitCycle)
                  00001370    00000070     timer.obj (.text:TimerConfigure)
                  000013e0    00000068     uartstdio.obj (.text:UARTStdioConfig)
                  00001448    00000068     rtsv7M4_T_le_v4SPD16_eabi.lib : copy_decompress_lzss.c.obj (.text:decompress:lzss:__TI_decompress_lzss)
                  000014b0    0000005c     gpio.obj (.text:GPIOPinConfigure)
                  0000150c    00000004     --HOLE-- [fill = 0]
                  00001510    0000005a     uartstdio.obj (.text:UARTwrite)
                  0000156a    00000002     --HOLE-- [fill = 0]
                  0000156c    00000044     rtsv7M4_T_le_v4SPD16_eabi.lib : autoinit.c.obj (.text:__TI_auto_init_nobinit_nopinit:__TI_auto_init_nobinit_nopinit)
                  000015b0    00000040                                   : u_divt2.asm.obj (.text)
                  000015f0    0000003a     sysctl.obj (.text:SysCtlPeripheralReady)
                  0000162a    00000006     --HOLE-- [fill = 0]
                  00001630    00000034     sysctl.obj (.text:SysCtlPeripheralEnable)
                  00001664    00000034     rtsv7M4_T_le_v4SPD16_eabi.lib : boot_cortex_m.c.obj (.text:_c_int00_noargs:_c_int00_noargs)
                  00001698    0000002c     gpio.obj (.text:GPIODirModeSet)
                  000016c4    00000004     --HOLE-- [fill = 0]
                  000016c8    0000002c     lib_TIMERisrmanagement.obj (.text:TIMER1A_ISR_Handle)
                  000016f4    00000004     --HOLE-- [fill = 0]
                  000016f8    0000002c     lib_TIMERisrmanagement.obj (.text:TIMER1B_ISR_Handle)
                  00001724    00000004     --HOLE-- [fill = 0]
                  00001728    0000002c     lib_TIMERisrmanagement.obj (.text:TIMER2A_ISR_Handle)
                  00001754    00000004     --HOLE-- [fill = 0]
                  00001758    0000002c     lib_TIMERisrmanagement.obj (.text:TIMER2B_ISR_Handle)
                  00001784    00000004     --HOLE-- [fill = 0]
                  00001788    0000002c     lib_TIMERisrmanagement.obj (.text:TIMER3A_ISR_Handle)
                  000017b4    00000004     --HOLE-- [fill = 0]
                  000017b8    0000002c     lib_TIMERisrmanagement.obj (.text:TIMER3B_ISR_Handle)
                  000017e4    00000004     --HOLE-- [fill = 0]
                  000017e8    0000002c     lib_TIMERisrmanagement.obj (.text:TIMER4A_ISR_Handle)
                  00001814    00000004     --HOLE-- [fill = 0]
                  00001818    0000002c     lib_TIMERisrmanagement.obj (.text:TIMER4B_ISR_Handle)
                  00001844    00000004     --HOLE-- [fill = 0]
                  00001848    0000002c     lib_TIMERisrmanagement.obj (.text:TIMER5A_ISR_Handle)
                  00001874    00000004     --HOLE-- [fill = 0]
                  00001878    0000002c     lib_TIMERisrmanagement.obj (.text:TIMER5B_ISR_Handle)
                  000018a4    00000004     --HOLE-- [fill = 0]
                  000018a8    0000002c     lib_UARTisrmanagement.obj (.text:UART0_ISR_Handle)
                  000018d4    00000004     --HOLE-- [fill = 0]
                  000018d8    0000002c     lib_UARTisrmanagement.obj (.text:UART1_ISR_Handle)
                  00001904    00000004     --HOLE-- [fill = 0]
                  00001908    0000002c     lib_UARTisrmanagement.obj (.text:UART2_ISR_Handle)
                  00001934    00000004     --HOLE-- [fill = 0]
                  00001938    0000002c     lib_UARTisrmanagement.obj (.text:UART3_ISR_Handle)
                  00001964    00000004     --HOLE-- [fill = 0]
                  00001968    0000002c     lib_UARTisrmanagement.obj (.text:UART5_ISR_Handle)
                  00001994    00000004     --HOLE-- [fill = 0]
                  00001998    0000002c     lib_UARTisrmanagement.obj (.text:UART6_ISR_Handle)
                  000019c4    00000004     --HOLE-- [fill = 0]
                  000019c8    0000002c     lib_UARTisrmanagement.obj (.text:UART7_ISR_Handle)
                  000019f4    00000004     --HOLE-- [fill = 0]
                  000019f8    00000028     lib_TIMERisrmanagement.obj (.text:TIMER0A_ISR_Handle)
                  00001a20    00000028     lib_TIMERisrmanagement.obj (.text:TIMER0B_ISR_Handle)
                  00001a48    00000028     lib_UARTisrmanagement.obj (.text:UART4_ISR_Handle)
                  00001a70    00000020     lib_gpio.obj (.text:LIB_GPIO_WritePin)
                  00001a90    00000020     blinky.obj (.text:toggle)
                  00001ab0    0000001c     lib_clock.obj (.text:LIB_CLOCK_MainClockSet)
                  00001acc    00000004     --HOLE-- [fill = 0]
                  00001ad0    0000001c     lib_clock.obj (.text:LIB_CLOCK_PeripheralClockEnable)
                  00001aec    00000004     --HOLE-- [fill = 0]
                  00001af0    0000001a     uartstdio.obj (.text:UARTprintf)
                  00001b0a    00000006     --HOLE-- [fill = 0]
                  00001b10    00000016     gpio.obj (.text:GPIOPinTypeQEI)
                  00001b26    00000002     --HOLE-- [fill = 0]
                  00001b28    00000016     gpio.obj (.text:GPIOPinTypeUART)
                  00001b3e    00000002     --HOLE-- [fill = 0]
                  00001b40    00000012     interrupt.obj (.text:IntMasterEnable)
                  00001b52    00000006     --HOLE-- [fill = 0]
                  00001b58    00000012     lib_gpio.obj (.text:LIB_GPIO_TogglePin)
                  00001b6a    00000006     --HOLE-- [fill = 0]
                  00001b70    00000012     lib_TIMERisrmanagement.obj (.text:LIB_ISR_TIMERRegister)
                  00001b82    00000006     --HOLE-- [fill = 0]
                  00001b88    00000012     lib_timer.obj (.text:LIB_TIMER_IntEnable)
                  00001b9a    00000006     --HOLE-- [fill = 0]
                  00001ba0    00000012     timer.obj (.text:TimerLoadSet)
                  00001bb2    00000006     --HOLE-- [fill = 0]
                  00001bb8    00000010     qei.obj (.text:QEIVelocityConfigure)
                  00001bc8    0000000e     gpio.obj (.text:GPIOIntStatus)
                  00001bd6    00000002     --HOLE-- [fill = 0]
                  00001bd8    0000000e     qei.obj (.text:QEIConfigure)
                  00001be6    00000002     --HOLE-- [fill = 0]
                  00001be8    0000000e     qei.obj (.text:QEIDirectionGet)
                  00001bf6    00000002     --HOLE-- [fill = 0]
                  00001bf8    0000000e     timer.obj (.text:TimerEnable)
                  00001c06    0000000e     rtsv7M4_T_le_v4SPD16_eabi.lib : copy_decompress_none.c.obj (.text:decompress:none:__TI_decompress_none)
                  00001c14    00000004     --HOLE-- [fill = 0]
                  00001c18    0000000c     cpu.obj (.text:CPUcpsie)
                  00001c24    00000004     --HOLE-- [fill = 0]
                  00001c28    0000000a     qei.obj (.text:QEIEnable)
                  00001c32    00000006     --HOLE-- [fill = 0]
                  00001c38    0000000a     qei.obj (.text:QEIVelocityEnable)
                  00001c42    00000006     --HOLE-- [fill = 0]
                  00001c48    0000000a     timer.obj (.text:TimerIntStatus)
                  00001c52    00000006     --HOLE-- [fill = 0]
                  00001c58    0000000a     uart.obj (.text:UARTIntStatus)
                  00001c62    00000006     --HOLE-- [fill = 0]
                  00001c68    00000008     timer.obj (.text:TimerIntEnable)
                  00001c70    00000008     uart.obj (.text:UARTIntEnable)
                  00001c78    00000006     gpio.obj (.text:GPIOIntClear)
                  00001c7e    00000002     --HOLE-- [fill = 0]
                  00001c80    00000006     startup_ccs.obj (.text:ResetISR)
                  00001c86    00000002     --HOLE-- [fill = 0]
                  00001c88    00000006     uart.obj (.text:UARTClockSourceSet)
                  00001c8e    00000002     --HOLE-- [fill = 0]
                  00001c90    00000004     qei.obj (.text:QEIIntClear)
                  00001c94    00000004     --HOLE-- [fill = 0]
                  00001c98    00000004     qei.obj (.text:QEIPositionGet)
                  00001c9c    00000004     --HOLE-- [fill = 0]
                  00001ca0    00000004     qei.obj (.text:QEIVelocityGet)
                  00001ca4    00000004     --HOLE-- [fill = 0]
                  00001ca8    00000004     timer.obj (.text:TimerIntClear)
                  00001cac    00000004     --HOLE-- [fill = 0]
                  00001cb0    00000004     uart.obj (.text:UARTIntClear)
                  00001cb4    00000004     --HOLE-- [fill = 0]
                  00001cb8    00000002     startup_ccs.obj (.text:FaultISR)
                  00001cba    00000006     --HOLE-- [fill = 0]
                  00001cc0    00000002     startup_ccs.obj (.text:IntDefaultHandler)
                  00001cc2    00000006     --HOLE-- [fill = 0]
                  00001cc8    00000002     startup_ccs.obj (.text:NmiSR)
                  00001cca    00000006     --HOLE-- [fill = 0]
                  00001cd0    00000002     lib_EXTIisrmanagement.obj (.text:__nop)

.const     0    00001cd4    00000140     
                  00001cd4    00000090     gpio.obj (.const:g_pui32GPIOBaseAddrs)
                  00001d64    0000006c     sysctl.obj (.const:g_pui32Xtals)
                  00001dd0    00000018     lib_timer.obj (.const:$P$T0$1)
                  00001de8    00000014     interrupt.obj (.const:g_pui32EnRegs)
                  00001dfc    0000000c     uartstdio.obj (.const:g_ui32UARTBase)
                  00001e08    0000000c     uartstdio.obj (.const:g_ui32UARTPeriph)

.cinit     0    00001e18    00000020     
                  00001e18    0000000e     (.cinit..data.load) [load image, compression = lzss]
                  00001e26    00000002     --HOLE-- [fill = 0]
                  00001e28    00000008     (__TI_handler_table)
                  00001e30    00000008     (__TI_cinit_table)

.init_array 
*          0    00000000    00000000     UNINITIALIZED

.data      0    20000200    0000011c     UNINITIALIZED
                  20000200    000000c0     lib_EXTIisrmanagement.obj (.data:ExtiIsrHandleTable)
                  200002c0    00000030     lib_TIMERisrmanagement.obj (.data:TimerIsrHandleTable)
                  200002f0    00000020     lib_UARTisrmanagement.obj (.data:UartIsrHandleTable)
                  20000310    00000005     uartstdio.obj (.data)
                  20000315    00000003     --HOLE--
                  20000318    00000004     lib_clock.obj (.data)

.stack     0    20000000    00000200     UNINITIALIZED
                  20000000    00000004     rtsv7M4_T_le_v4SPD16_eabi.lib : boot_cortex_m.c.obj (.stack)
                  20000004    000001fc     --HOLE--

.binit     0    00000000    00000000     

MODULE SUMMARY

       Module                       code   ro data   rw data
       ------                       ----   -------   -------
    .\
       startup_ccs.obj              12     620       0      
       blinky.obj                   288    0         0      
    +--+----------------------------+------+---------+---------+
       Total:                       300    620       0      
                                                            
    .\EK-TM4C123GXL_LIB\clock\
       lib_clock.obj                56     0         4      
    +--+----------------------------+------+---------+---------+
       Total:                       56     0         4      
                                                            
    .\EK-TM4C123GXL_LIB\gpio\
       lib_gpio.obj                 234    0         0      
    +--+----------------------------+------+---------+---------+
       Total:                       234    0         0      
                                                            
    .\EK-TM4C123GXL_LIB\isr_anagement\
       lib_EXTIisrmanagement.obj    966    0         192    
       lib_TIMERisrmanagement.obj   538    0         48     
       lib_UARTisrmanagement.obj    348    0         32     
    +--+----------------------------+------+---------+---------+
       Total:                       1852   0         272    
                                                            
    .\EK-TM4C123GXL_LIB\qei\
       lib_qei.obj                  156    0         0      
    +--+----------------------------+------+---------+---------+
       Total:                       156    0         0      
                                                            
    .\EK-TM4C123GXL_LIB\timer\
       lib_timer.obj                130    24        0      
    +--+----------------------------+------+---------+---------+
       Total:                       130    24        0      
                                                            
    .\EK-TM4C123GXL_LIB\uart\
       lib_uart.obj                 174    0         0      
    +--+----------------------------+------+---------+---------+
       Total:                       174    0         0      
                                                            
    .\driverlib\
       sysctl.obj                   876    108       0      
       gpio.obj                     784    144       0      
       interrupt.obj                164    20        0      
       timer.obj                    166    0         0      
       qei.obj                      76     0         0      
       uart.obj                     28     0         0      
       cpu.obj                      12     0         0      
    +--+----------------------------+------+---------+---------+
       Total:                       2106   272       0      
                                                            
    .\utils\
       uartstdio.obj                1018   24        5      
    +--+----------------------------+------+---------+---------+
       Total:                       1018   24        5      
                                                            
    C:\ti\ccs1220\ccs\tools\compiler\ti-cgt-arm_18.12.8.LTS\lib\rtsv7M4_T_le_v4SPD16_eabi.lib
       memcpy_t2.asm.obj            156    0         0      
       copy_decompress_lzss.c.obj   104    0         0      
       autoinit.c.obj               68     0         0      
       u_divt2.asm.obj              64     0         0      
       boot_cortex_m.c.obj          52     0         0      
       copy_decompress_none.c.obj   14     0         0      
       exit.c.obj                   4      0         0      
       pre_init.c.obj               4      0         0      
       div0.asm.obj                 2      0         0      
    +--+----------------------------+------+---------+---------+
       Total:                       468    0         0      
                                                            
       Stack:                       0      0         512    
       Linker Generated:            0      30        0      
    +--+----------------------------+------+---------+---------+
       Grand Total:                 6494   970       793    


LINKER GENERATED COPY TABLES

__TI_cinit_table @ 00001e30 records: 1, size/record: 8, table size: 8
	.data: load addr=00001e18, load size=0000000e bytes, run addr=20000200, run size=0000011c bytes, compression=lzss


LINKER GENERATED HANDLER TABLE

__TI_handler_table @ 00001e28 records: 2, size/record: 4, table size: 8
	index: 0, handler: __TI_decompress_lzss
	index: 1, handler: __TI_decompress_none


GLOBAL SYMBOLS: SORTED ALPHABETICALLY BY Name 

address   name                           
-------   ----                           
00000ad5  C$$EXIT                        
20000318  CPU_F                          
00001c19  CPUcpsie                       
20000200  ExtiIsrHandleTable             
000010c1  GPIOA_ISR_Handle               
00000c41  GPIOB_ISR_Handle               
00000ce9  GPIOC_ISR_Handle               
00000d91  GPIOD_ISR_Handle               
00001699  GPIODirModeSet                 
00000e39  GPIOE_ISR_Handle               
00000ee1  GPIOF_ISR_Handle               
00001c79  GPIOIntClear                   
00001bc9  GPIOIntStatus                  
00000591  GPIOPadConfigSet               
000014b1  GPIOPinConfigure               
00001b11  GPIOPinTypeQEI                 
00001b29  GPIOPinTypeUART                
00001161  IntEnable                      
00001b41  IntMasterEnable                
00001ab1  LIB_CLOCK_MainClockSet         
00001ad1  LIB_CLOCK_PeripheralClockEnable
00000ad9  LIB_GPIO_Init                  
00001b59  LIB_GPIO_TogglePin             
00001a71  LIB_GPIO_WritePin              
00001b71  LIB_ISR_TIMERRegister          
00000f89  LIB_QEI_Init                   
00001301  LIB_TIMER_InitCycle            
00001b89  LIB_TIMER_IntEnable            
00000b91  LIB_UART_PrintfInit            
000011f9  QEI1_Isr_Handler               
00001bd9  QEIConfigure                   
00001be9  QEIDirectionGet                
00001c29  QEIEnable                      
00001c91  QEIIntClear                    
00001c99  QEIPositionGet                 
00001bb9  QEIVelocityConfigure           
00001c39  QEIVelocityEnable              
00001ca1  QEIVelocityGet                 
00001c81  ResetISR                       
000007d9  SysCtlClockGet                 
00000971  SysCtlClockSet                 
00000ce3  SysCtlDelay                    
00001631  SysCtlPeripheralEnable         
000015f1  SysCtlPeripheralReady          
000019f9  TIMER0A_ISR_Handle             
00001a21  TIMER0B_ISR_Handle             
000016c9  TIMER1A_ISR_Handle             
000016f9  TIMER1B_ISR_Handle             
00001729  TIMER2A_ISR_Handle             
00001759  TIMER2B_ISR_Handle             
00001789  TIMER3A_ISR_Handle             
000017b9  TIMER3B_ISR_Handle             
000017e9  TIMER4A_ISR_Handle             
00001819  TIMER4B_ISR_Handle             
00001849  TIMER5A_ISR_Handle             
00001879  TIMER5B_ISR_Handle             
00001371  TimerConfigure                 
00001bf9  TimerEnable                    
00001ca9  TimerIntClear                  
00001c69  TimerIntEnable                 
00001c49  TimerIntStatus                 
200002c0  TimerIsrHandleTable            
00001ba1  TimerLoadSet                   
000018a9  UART0_ISR_Handle               
000018d9  UART1_ISR_Handle               
00001909  UART2_ISR_Handle               
00001939  UART3_ISR_Handle               
00001a49  UART4_ISR_Handle               
00001969  UART5_ISR_Handle               
00001999  UART6_ISR_Handle               
000019c9  UART7_ISR_Handle               
00001c89  UARTClockSourceSet             
00001cb1  UARTIntClear                   
00001c71  UARTIntEnable                  
00001c59  UARTIntStatus                  
000013e1  UARTStdioConfig                
00001af1  UARTprintf                     
00000271  UARTvprintf                    
00001511  UARTwrite                      
200002f0  UartIsrHandleTable             
20000200  __STACK_END                    
00000200  __STACK_SIZE                   
20000200  __STACK_TOP                    
00001e30  __TI_CINIT_Base                
00001e38  __TI_CINIT_Limit               
00001e28  __TI_Handler_Table_Base        
00001e30  __TI_Handler_Table_Limit       
0000156d  __TI_auto_init_nobinit_nopinit 
00001449  __TI_decompress_lzss           
00001c07  __TI_decompress_none           
ffffffff  __TI_pprof_out_hndl            
ffffffff  __TI_prof_data_size            
ffffffff  __TI_prof_data_start           
00000000  __TI_static_base__             
0000058f  __aeabi_idiv0                  
0000058f  __aeabi_ldiv0                  
00001025  __aeabi_memcpy                 
00001025  __aeabi_memcpy4                
00001025  __aeabi_memcpy8                
000015b1  __aeabi_uidiv                  
000015b1  __aeabi_uidivmod               
ffffffff  __binit__                      
ffffffff  __c_args__                     
UNDEFED   __mpu_init                     
00001cd1  __nop                          
20000000  __stack                        
00001665  _c_int00_noargs                
UNDEFED   _system_post_cinit             
0000096d  _system_pre_init               
00000ad5  abort                          
ffffffff  binit                          
00000000  g_pfnVectors                   
00001289  main                           
00001025  memcpy                         
00001a91  toggle                         


GLOBAL SYMBOLS: SORTED BY Symbol Address 

address   name                           
-------   ----                           
00000000  __TI_static_base__             
00000000  g_pfnVectors                   
00000200  __STACK_SIZE                   
00000271  UARTvprintf                    
0000058f  __aeabi_idiv0                  
0000058f  __aeabi_ldiv0                  
00000591  GPIOPadConfigSet               
000007d9  SysCtlClockGet                 
0000096d  _system_pre_init               
00000971  SysCtlClockSet                 
00000ad5  C$$EXIT                        
00000ad5  abort                          
00000ad9  LIB_GPIO_Init                  
00000b91  LIB_UART_PrintfInit            
00000c41  GPIOB_ISR_Handle               
00000ce3  SysCtlDelay                    
00000ce9  GPIOC_ISR_Handle               
00000d91  GPIOD_ISR_Handle               
00000e39  GPIOE_ISR_Handle               
00000ee1  GPIOF_ISR_Handle               
00000f89  LIB_QEI_Init                   
00001025  __aeabi_memcpy                 
00001025  __aeabi_memcpy4                
00001025  __aeabi_memcpy8                
00001025  memcpy                         
000010c1  GPIOA_ISR_Handle               
00001161  IntEnable                      
000011f9  QEI1_Isr_Handler               
00001289  main                           
00001301  LIB_TIMER_InitCycle            
00001371  TimerConfigure                 
000013e1  UARTStdioConfig                
00001449  __TI_decompress_lzss           
000014b1  GPIOPinConfigure               
00001511  UARTwrite                      
0000156d  __TI_auto_init_nobinit_nopinit 
000015b1  __aeabi_uidiv                  
000015b1  __aeabi_uidivmod               
000015f1  SysCtlPeripheralReady          
00001631  SysCtlPeripheralEnable         
00001665  _c_int00_noargs                
00001699  GPIODirModeSet                 
000016c9  TIMER1A_ISR_Handle             
000016f9  TIMER1B_ISR_Handle             
00001729  TIMER2A_ISR_Handle             
00001759  TIMER2B_ISR_Handle             
00001789  TIMER3A_ISR_Handle             
000017b9  TIMER3B_ISR_Handle             
000017e9  TIMER4A_ISR_Handle             
00001819  TIMER4B_ISR_Handle             
00001849  TIMER5A_ISR_Handle             
00001879  TIMER5B_ISR_Handle             
000018a9  UART0_ISR_Handle               
000018d9  UART1_ISR_Handle               
00001909  UART2_ISR_Handle               
00001939  UART3_ISR_Handle               
00001969  UART5_ISR_Handle               
00001999  UART6_ISR_Handle               
000019c9  UART7_ISR_Handle               
000019f9  TIMER0A_ISR_Handle             
00001a21  TIMER0B_ISR_Handle             
00001a49  UART4_ISR_Handle               
00001a71  LIB_GPIO_WritePin              
00001a91  toggle                         
00001ab1  LIB_CLOCK_MainClockSet         
00001ad1  LIB_CLOCK_PeripheralClockEnable
00001af1  UARTprintf                     
00001b11  GPIOPinTypeQEI                 
00001b29  GPIOPinTypeUART                
00001b41  IntMasterEnable                
00001b59  LIB_GPIO_TogglePin             
00001b71  LIB_ISR_TIMERRegister          
00001b89  LIB_TIMER_IntEnable            
00001ba1  TimerLoadSet                   
00001bb9  QEIVelocityConfigure           
00001bc9  GPIOIntStatus                  
00001bd9  QEIConfigure                   
00001be9  QEIDirectionGet                
00001bf9  TimerEnable                    
00001c07  __TI_decompress_none           
00001c19  CPUcpsie                       
00001c29  QEIEnable                      
00001c39  QEIVelocityEnable              
00001c49  TimerIntStatus                 
00001c59  UARTIntStatus                  
00001c69  TimerIntEnable                 
00001c71  UARTIntEnable                  
00001c79  GPIOIntClear                   
00001c81  ResetISR                       
00001c89  UARTClockSourceSet             
00001c91  QEIIntClear                    
00001c99  QEIPositionGet                 
00001ca1  QEIVelocityGet                 
00001ca9  TimerIntClear                  
00001cb1  UARTIntClear                   
00001cd1  __nop                          
00001e28  __TI_Handler_Table_Base        
00001e30  __TI_CINIT_Base                
00001e30  __TI_Handler_Table_Limit       
00001e38  __TI_CINIT_Limit               
20000000  __stack                        
20000200  ExtiIsrHandleTable             
20000200  __STACK_END                    
20000200  __STACK_TOP                    
200002c0  TimerIsrHandleTable            
200002f0  UartIsrHandleTable             
20000318  CPU_F                          
ffffffff  __TI_pprof_out_hndl            
ffffffff  __TI_prof_data_size            
ffffffff  __TI_prof_data_start           
ffffffff  __binit__                      
ffffffff  __c_args__                     
ffffffff  binit                          
UNDEFED   __mpu_init                     
UNDEFED   _system_post_cinit             

[115 symbols]
