******************************************************************************
                  TI ARM Linker PC v18.12.8                    
******************************************************************************
>> Linked Sun Jul  9 18:32:21 2023

OUTPUT FILE NAME:   <EK-TM4C123GXL_LIB_TEST.out>
ENTRY POINT SYMBOL: "_c_int00_noargs"  address: 0000169d


MEMORY CONFIGURATION

         name            origin    length      used     unused   attr    fill
----------------------  --------  ---------  --------  --------  ----  --------
  FLASH                 00000000   00040000  00001e2e  0003e1d2  R  X
  SRAM                  20000000   00008000  00000524  00007adc  RW X


SEGMENT ALLOCATION MAP

run origin  load origin   length   init length attrs members
----------  ----------- ---------- ----------- ----- -------
00000000    00000000    00001e38   00001e38    r-x
  00000000    00000000    0000026c   0000026c    r-- .intvecs
  00000270    00000270    00001a2a   00001a2a    r-x .text
  00001c9c    00001c9c    00000178   00000178    r-- .const
  00001e18    00001e18    00000020   00000020    r-- .cinit
20000000    20000000    00000524   00000000    rw-
  20000000    20000000    00000400   00000000    rw- .stack
  20000400    20000400    00000124   00000000    rw- .data


SECTION ALLOCATION MAP

 output                                  attributes/
section   page    origin      length       input sections
--------  ----  ----------  ----------   ----------------
.intvecs   0    00000000    0000026c     
                  00000000    0000026c     startup_ccs.obj (.intvecs)

.text      0    00000270    00001a2a     
                  00000270    0000031e     uartstdio.obj (.text:UARTvprintf)
                  0000058e    00000002     rtsv7M4_T_le_v4SPD16_eabi.lib : div0.asm.obj (.text)
                  00000590    00000248     gpio.obj (.text:GPIOPadConfigSet)
                  000007d8    00000194     sysctl.obj (.text:SysCtlClockGet)
                  0000096c    00000004     rtsv7M4_T_le_v4SPD16_eabi.lib : pre_init.c.obj (.text:_system_pre_init)
                  00000970    00000164     sysctl.obj (.text:SysCtlClockSet)
                  00000ad4    00000004     rtsv7M4_T_le_v4SPD16_eabi.lib : exit.c.obj (.text:abort:abort)
                  00000ad8    000000ec     lib_i2c.obj (.text:LIB_I2C_Recive)
                  00000bc4    00000004     --HOLE-- [fill = 0]
                  00000bc8    000000ae     lib_uart.obj (.text:LIB_UART_PrintfInit)
                  00000c76    00000002     --HOLE-- [fill = 0]
                  00000c78    000000a2     lib_EXTIisrmanagement.obj (.text:GPIOB_ISR_Handle)
                  00000d1a    00000006     sysctl.obj (.text:SysCtlDelay)
                  00000d20    000000a2     lib_EXTIisrmanagement.obj (.text:GPIOC_ISR_Handle)
                  00000dc2    00000006     --HOLE-- [fill = 0]
                  00000dc8    000000a2     lib_EXTIisrmanagement.obj (.text:GPIOD_ISR_Handle)
                  00000e6a    00000006     --HOLE-- [fill = 0]
                  00000e70    000000a2     lib_EXTIisrmanagement.obj (.text:GPIOE_ISR_Handle)
                  00000f12    00000006     --HOLE-- [fill = 0]
                  00000f18    000000a2     lib_EXTIisrmanagement.obj (.text:GPIOF_ISR_Handle)
                  00000fba    00000006     --HOLE-- [fill = 0]
                  00000fc0    000000a2     lib_i2c.obj (.text:LIB_I2C_Init)
                  00001062    0000009c     rtsv7M4_T_le_v4SPD16_eabi.lib : memcpy_t2.asm.obj (.text)
                  000010fe    00000002     --HOLE-- [fill = 0]
                  00001100    0000009a     lib_EXTIisrmanagement.obj (.text:GPIOA_ISR_Handle)
                  0000119a    00000006     --HOLE-- [fill = 0]
                  000011a0    00000092     interrupt.obj (.text:IntEnable)
                  00001232    0000007a     rtsv7M4_T_le_v4SPD16_eabi.lib : memset_t2.asm.obj (.text)
                  000012ac    00000004     --HOLE-- [fill = 0]
                  000012b0    00000070     lib_i2c.obj (.text:LIB_I2C_Get)
                  00001320    00000068     uartstdio.obj (.text:UARTStdioConfig)
                  00001388    00000068     rtsv7M4_T_le_v4SPD16_eabi.lib : copy_decompress_lzss.c.obj (.text:decompress:lzss:__TI_decompress_lzss)
                  000013f0    0000005e     i2c.obj (.text:I2CMasterInitExpClk)
                  0000144e    00000002     --HOLE-- [fill = 0]
                  00001450    0000005c     gpio.obj (.text:GPIOPinConfigure)
                  000014ac    00000004     --HOLE-- [fill = 0]
                  000014b0    0000005a     uartstdio.obj (.text:UARTwrite)
                  0000150a    00000006     --HOLE-- [fill = 0]
                  00001510    00000052     sysctl.obj (.text:SysCtlPeripheralReset)
                  00001562    00000002     --HOLE-- [fill = 0]
                  00001564    00000044     rtsv7M4_T_le_v4SPD16_eabi.lib : autoinit.c.obj (.text:__TI_auto_init_nobinit_nopinit:__TI_auto_init_nobinit_nopinit)
                  000015a8    00000040                                   : u_divt2.asm.obj (.text)
                  000015e8    0000003e     blinky.obj (.text:main)
                  00001626    00000002     --HOLE-- [fill = 0]
                  00001628    0000003a     sysctl.obj (.text:SysCtlPeripheralReady)
                  00001662    00000006     --HOLE-- [fill = 0]
                  00001668    00000034     sysctl.obj (.text:SysCtlPeripheralEnable)
                  0000169c    00000034     rtsv7M4_T_le_v4SPD16_eabi.lib : boot_cortex_m.c.obj (.text:_c_int00_noargs:_c_int00_noargs)
                  000016d0    00000030     vl53l0x.obj (.text:Vl53l0x_GetDistance)
                  00001700    0000002c     gpio.obj (.text:GPIODirModeSet)
                  0000172c    00000004     --HOLE-- [fill = 0]
                  00001730    0000002c     lib_TIMERisrmanagement.obj (.text:TIMER1A_ISR_Handle)
                  0000175c    00000004     --HOLE-- [fill = 0]
                  00001760    0000002c     lib_TIMERisrmanagement.obj (.text:TIMER1B_ISR_Handle)
                  0000178c    00000004     --HOLE-- [fill = 0]
                  00001790    0000002c     lib_TIMERisrmanagement.obj (.text:TIMER2A_ISR_Handle)
                  000017bc    00000004     --HOLE-- [fill = 0]
                  000017c0    0000002c     lib_TIMERisrmanagement.obj (.text:TIMER2B_ISR_Handle)
                  000017ec    00000004     --HOLE-- [fill = 0]
                  000017f0    0000002c     lib_TIMERisrmanagement.obj (.text:TIMER3A_ISR_Handle)
                  0000181c    00000004     --HOLE-- [fill = 0]
                  00001820    0000002c     lib_TIMERisrmanagement.obj (.text:TIMER3B_ISR_Handle)
                  0000184c    00000004     --HOLE-- [fill = 0]
                  00001850    0000002c     lib_TIMERisrmanagement.obj (.text:TIMER4A_ISR_Handle)
                  0000187c    00000004     --HOLE-- [fill = 0]
                  00001880    0000002c     lib_TIMERisrmanagement.obj (.text:TIMER4B_ISR_Handle)
                  000018ac    00000004     --HOLE-- [fill = 0]
                  000018b0    0000002c     lib_TIMERisrmanagement.obj (.text:TIMER5A_ISR_Handle)
                  000018dc    00000004     --HOLE-- [fill = 0]
                  000018e0    0000002c     lib_TIMERisrmanagement.obj (.text:TIMER5B_ISR_Handle)
                  0000190c    00000004     --HOLE-- [fill = 0]
                  00001910    0000002c     lib_UARTisrmanagement.obj (.text:UART0_ISR_Handle)
                  0000193c    00000004     --HOLE-- [fill = 0]
                  00001940    0000002c     lib_UARTisrmanagement.obj (.text:UART1_ISR_Handle)
                  0000196c    00000004     --HOLE-- [fill = 0]
                  00001970    0000002c     lib_UARTisrmanagement.obj (.text:UART2_ISR_Handle)
                  0000199c    00000004     --HOLE-- [fill = 0]
                  000019a0    0000002c     lib_UARTisrmanagement.obj (.text:UART3_ISR_Handle)
                  000019cc    00000004     --HOLE-- [fill = 0]
                  000019d0    0000002c     lib_UARTisrmanagement.obj (.text:UART5_ISR_Handle)
                  000019fc    00000004     --HOLE-- [fill = 0]
                  00001a00    0000002c     lib_UARTisrmanagement.obj (.text:UART6_ISR_Handle)
                  00001a2c    00000004     --HOLE-- [fill = 0]
                  00001a30    0000002c     lib_UARTisrmanagement.obj (.text:UART7_ISR_Handle)
                  00001a5c    00000004     --HOLE-- [fill = 0]
                  00001a60    00000028     lib_TIMERisrmanagement.obj (.text:TIMER0A_ISR_Handle)
                  00001a88    00000028     lib_TIMERisrmanagement.obj (.text:TIMER0B_ISR_Handle)
                  00001ab0    00000028     lib_UARTisrmanagement.obj (.text:UART4_ISR_Handle)
                  00001ad8    0000001e     lib_QEIisrmanagement.obj (.text:QEI0_ISR_Handle)
                  00001af6    00000002     --HOLE-- [fill = 0]
                  00001af8    0000001e     lib_QEIisrmanagement.obj (.text:QEI1_ISR_Handle)
                  00001b16    00000002     --HOLE-- [fill = 0]
                  00001b18    0000001c     lib_clock.obj (.text:LIB_CLOCK_MainClockSet)
                  00001b34    00000004     --HOLE-- [fill = 0]
                  00001b38    0000001a     uartstdio.obj (.text:UARTprintf)
                  00001b52    00000006     --HOLE-- [fill = 0]
                  00001b58    00000016     gpio.obj (.text:GPIOPinTypeI2C)
                  00001b6e    00000002     --HOLE-- [fill = 0]
                  00001b70    00000016     gpio.obj (.text:GPIOPinTypeI2CSCL)
                  00001b86    00000002     --HOLE-- [fill = 0]
                  00001b88    00000016     gpio.obj (.text:GPIOPinTypeUART)
                  00001b9e    00000002     --HOLE-- [fill = 0]
                  00001ba0    00000012     interrupt.obj (.text:IntMasterEnable)
                  00001bb2    00000006     --HOLE-- [fill = 0]
                  00001bb8    0000000e     gpio.obj (.text:GPIOIntStatus)
                  00001bc6    0000000e     rtsv7M4_T_le_v4SPD16_eabi.lib : copy_decompress_none.c.obj (.text:decompress:none:__TI_decompress_none)
                  00001bd4    00000004     --HOLE-- [fill = 0]
                  00001bd8    0000000c     cpu.obj (.text:CPUcpsie)
                  00001be4    00000004     --HOLE-- [fill = 0]
                  00001be8    0000000a     i2c.obj (.text:I2CMasterEnable)
                  00001bf2    00000006     --HOLE-- [fill = 0]
                  00001bf8    0000000a     timer.obj (.text:TimerIntStatus)
                  00001c02    00000006     --HOLE-- [fill = 0]
                  00001c08    0000000a     uart.obj (.text:UARTIntStatus)
                  00001c12    00000006     --HOLE-- [fill = 0]
                  00001c18    00000008     i2c.obj (.text:I2CMasterBusy)
                  00001c20    00000008     i2c.obj (.text:I2CMasterSlaveAddrSet)
                  00001c28    00000008     uart.obj (.text:UARTIntEnable)
                  00001c30    00000008     vl53l0x.obj (.text:Vl53l0x_MakeUint16)
                  00001c38    00000006     gpio.obj (.text:GPIOIntClear)
                  00001c3e    00000002     --HOLE-- [fill = 0]
                  00001c40    00000006     startup_ccs.obj (.text:ResetISR)
                  00001c46    00000002     --HOLE-- [fill = 0]
                  00001c48    00000006     uart.obj (.text:UARTClockSourceSet)
                  00001c4e    00000002     --HOLE-- [fill = 0]
                  00001c50    00000004     i2c.obj (.text:I2CMasterControl)
                  00001c54    00000004     --HOLE-- [fill = 0]
                  00001c58    00000004     i2c.obj (.text:I2CMasterDataGet)
                  00001c5c    00000004     --HOLE-- [fill = 0]
                  00001c60    00000004     i2c.obj (.text:I2CMasterDataPut)
                  00001c64    00000004     --HOLE-- [fill = 0]
                  00001c68    00000004     qei.obj (.text:QEIIntClear)
                  00001c6c    00000004     --HOLE-- [fill = 0]
                  00001c70    00000004     timer.obj (.text:TimerIntClear)
                  00001c74    00000004     --HOLE-- [fill = 0]
                  00001c78    00000004     uart.obj (.text:UARTIntClear)
                  00001c7c    00000004     --HOLE-- [fill = 0]
                  00001c80    00000002     startup_ccs.obj (.text:FaultISR)
                  00001c82    00000006     --HOLE-- [fill = 0]
                  00001c88    00000002     startup_ccs.obj (.text:IntDefaultHandler)
                  00001c8a    00000006     --HOLE-- [fill = 0]
                  00001c90    00000002     startup_ccs.obj (.text:NmiSR)
                  00001c92    00000006     --HOLE-- [fill = 0]
                  00001c98    00000002     lib_EXTIisrmanagement.obj (.text:__nop)

.const     0    00001c9c    00000178     
                  00001c9c    00000090     gpio.obj (.const:g_pui32GPIOBaseAddrs)
                  00001d2c    0000006c     sysctl.obj (.const:g_pui32Xtals)
                  00001d98    00000050     lib_i2c.obj (.const:$P$T0$1)
                  00001de8    00000014     interrupt.obj (.const:g_pui32EnRegs)
                  00001dfc    0000000c     uartstdio.obj (.const:g_ui32UARTBase)
                  00001e08    0000000c     uartstdio.obj (.const:g_ui32UARTPeriph)

.cinit     0    00001e18    00000020     
                  00001e18    0000000e     (.cinit..data.load) [load image, compression = lzss]
                  00001e26    00000002     --HOLE-- [fill = 0]
                  00001e28    00000008     (__TI_handler_table)
                  00001e30    00000008     (__TI_cinit_table)

.init_array 
*          0    00000000    00000000     UNINITIALIZED

.data      0    20000400    00000124     UNINITIALIZED
                  20000400    000000c0     lib_EXTIisrmanagement.obj (.data:ExtiIsrHandleTable)
                  200004c0    00000030     lib_TIMERisrmanagement.obj (.data:TimerIsrHandleTable)
                  200004f0    00000020     lib_UARTisrmanagement.obj (.data:UartIsrHandleTable)
                  20000510    00000008     lib_QEIisrmanagement.obj (.data:QeiIsrHandleTable)
                  20000518    00000005     uartstdio.obj (.data)
                  2000051d    00000003     --HOLE--
                  20000520    00000004     lib_clock.obj (.data)

.stack     0    20000000    00000400     UNINITIALIZED
                  20000000    00000004     rtsv7M4_T_le_v4SPD16_eabi.lib : boot_cortex_m.c.obj (.stack)
                  20000004    000003fc     --HOLE--

.binit     0    00000000    00000000     

MODULE SUMMARY

       Module                       code   ro data   rw data
       ------                       ----   -------   -------
    .\
       startup_ccs.obj              12     620       0      
       blinky.obj                   62     0         0      
    +--+----------------------------+------+---------+---------+
       Total:                       74     620       0      
                                                            
    .\EK-TM4C123GXL_LIB\clock\
       lib_clock.obj                28     0         4      
    +--+----------------------------+------+---------+---------+
       Total:                       28     0         4      
                                                            
    .\EK-TM4C123GXL_LIB\i2c\
       lib_i2c.obj                  510    80        0      
    +--+----------------------------+------+---------+---------+
       Total:                       510    80        0      
                                                            
    .\EK-TM4C123GXL_LIB\isr_anagement\
       lib_EXTIisrmanagement.obj    966    0         192    
       lib_TIMERisrmanagement.obj   520    0         48     
       lib_UARTisrmanagement.obj    348    0         32     
       lib_QEIisrmanagement.obj     60     0         8      
    +--+----------------------------+------+---------+---------+
       Total:                       1894   0         280    
                                                            
    .\EK-TM4C123GXL_LIB\uart\
       lib_uart.obj                 174    0         0      
    +--+----------------------------+------+---------+---------+
       Total:                       174    0         0      
                                                            
    .\Peripheral_LIB\VL53L0x\
       vl53l0x.obj                  56     0         0      
    +--+----------------------------+------+---------+---------+
       Total:                       56     0         0      
                                                            
    .\driverlib\
       sysctl.obj                   958    108       0      
       gpio.obj                     806    144       0      
       interrupt.obj                164    20        0      
       i2c.obj                      132    0         0      
       uart.obj                     28     0         0      
       timer.obj                    14     0         0      
       cpu.obj                      12     0         0      
       qei.obj                      4      0         0      
    +--+----------------------------+------+---------+---------+
       Total:                       2118   272       0      
                                                            
    .\utils\
       uartstdio.obj                1018   24        5      
    +--+----------------------------+------+---------+---------+
       Total:                       1018   24        5      
                                                            
    C:\ti\ccs1220\ccs\tools\compiler\ti-cgt-arm_18.12.8.LTS\lib\rtsv7M4_T_le_v4SPD16_eabi.lib
       memcpy_t2.asm.obj            156    0         0      
       memset_t2.asm.obj            122    0         0      
       copy_decompress_lzss.c.obj   104    0         0      
       autoinit.c.obj               68     0         0      
       u_divt2.asm.obj              64     0         0      
       boot_cortex_m.c.obj          52     0         0      
       copy_decompress_none.c.obj   14     0         0      
       exit.c.obj                   4      0         0      
       pre_init.c.obj               4      0         0      
       div0.asm.obj                 2      0         0      
    +--+----------------------------+------+---------+---------+
       Total:                       590    0         0      
                                                            
       Stack:                       0      0         1024   
       Linker Generated:            0      30        0      
    +--+----------------------------+------+---------+---------+
       Grand Total:                 6462   1026      1313   


LINKER GENERATED COPY TABLES

__TI_cinit_table @ 00001e30 records: 1, size/record: 8, table size: 8
	.data: load addr=00001e18, load size=0000000e bytes, run addr=20000400, run size=00000124 bytes, compression=lzss


LINKER GENERATED HANDLER TABLE

__TI_handler_table @ 00001e28 records: 2, size/record: 4, table size: 8
	index: 0, handler: __TI_decompress_lzss
	index: 1, handler: __TI_decompress_none


GLOBAL SYMBOLS: SORTED ALPHABETICALLY BY Name 

address   name                          
-------   ----                          
00000ad5  C$$EXIT                       
20000520  CPU_F                         
00001bd9  CPUcpsie                      
20000400  ExtiIsrHandleTable            
00001101  GPIOA_ISR_Handle              
00000c79  GPIOB_ISR_Handle              
00000d21  GPIOC_ISR_Handle              
00000dc9  GPIOD_ISR_Handle              
00001701  GPIODirModeSet                
00000e71  GPIOE_ISR_Handle              
00000f19  GPIOF_ISR_Handle              
00001c39  GPIOIntClear                  
00001bb9  GPIOIntStatus                 
00000591  GPIOPadConfigSet              
00001451  GPIOPinConfigure              
00001b59  GPIOPinTypeI2C                
00001b71  GPIOPinTypeI2CSCL             
00001b89  GPIOPinTypeUART               
00001c19  I2CMasterBusy                 
00001c51  I2CMasterControl              
00001c59  I2CMasterDataGet              
00001c61  I2CMasterDataPut              
00001be9  I2CMasterEnable               
000013f1  I2CMasterInitExpClk           
00001c21  I2CMasterSlaveAddrSet         
000011a1  IntEnable                     
00001ba1  IntMasterEnable               
00001b19  LIB_CLOCK_MainClockSet        
000012b1  LIB_I2C_Get                   
00000fc1  LIB_I2C_Init                  
00000ad9  LIB_I2C_Recive                
00000bc9  LIB_UART_PrintfInit           
00001ad9  QEI0_ISR_Handle               
00001af9  QEI1_ISR_Handle               
00001c69  QEIIntClear                   
20000510  QeiIsrHandleTable             
00001c41  ResetISR                      
000007d9  SysCtlClockGet                
00000971  SysCtlClockSet                
00000d1b  SysCtlDelay                   
00001669  SysCtlPeripheralEnable        
00001629  SysCtlPeripheralReady         
00001511  SysCtlPeripheralReset         
00001a61  TIMER0A_ISR_Handle            
00001a89  TIMER0B_ISR_Handle            
00001731  TIMER1A_ISR_Handle            
00001761  TIMER1B_ISR_Handle            
00001791  TIMER2A_ISR_Handle            
000017c1  TIMER2B_ISR_Handle            
000017f1  TIMER3A_ISR_Handle            
00001821  TIMER3B_ISR_Handle            
00001851  TIMER4A_ISR_Handle            
00001881  TIMER4B_ISR_Handle            
000018b1  TIMER5A_ISR_Handle            
000018e1  TIMER5B_ISR_Handle            
00001c71  TimerIntClear                 
00001bf9  TimerIntStatus                
200004c0  TimerIsrHandleTable           
00001911  UART0_ISR_Handle              
00001941  UART1_ISR_Handle              
00001971  UART2_ISR_Handle              
000019a1  UART3_ISR_Handle              
00001ab1  UART4_ISR_Handle              
000019d1  UART5_ISR_Handle              
00001a01  UART6_ISR_Handle              
00001a31  UART7_ISR_Handle              
00001c49  UARTClockSourceSet            
00001c79  UARTIntClear                  
00001c29  UARTIntEnable                 
00001c09  UARTIntStatus                 
00001321  UARTStdioConfig               
00001b39  UARTprintf                    
00000271  UARTvprintf                   
000014b1  UARTwrite                     
200004f0  UartIsrHandleTable            
000016d1  Vl53l0x_GetDistance           
00001c31  Vl53l0x_MakeUint16            
20000400  __STACK_END                   
00000400  __STACK_SIZE                  
20000200  __STACK_TOP                   
00001e30  __TI_CINIT_Base               
00001e38  __TI_CINIT_Limit              
00001e28  __TI_Handler_Table_Base       
00001e30  __TI_Handler_Table_Limit      
00001565  __TI_auto_init_nobinit_nopinit
00001389  __TI_decompress_lzss          
00001bc7  __TI_decompress_none          
ffffffff  __TI_pprof_out_hndl           
ffffffff  __TI_prof_data_size           
ffffffff  __TI_prof_data_start          
00000000  __TI_static_base__            
0000058f  __aeabi_idiv0                 
0000058f  __aeabi_ldiv0                 
00001233  __aeabi_memclr                
00001233  __aeabi_memclr4               
00001233  __aeabi_memclr8               
00001063  __aeabi_memcpy                
00001063  __aeabi_memcpy4               
00001063  __aeabi_memcpy8               
00001235  __aeabi_memset                
00001235  __aeabi_memset4               
00001235  __aeabi_memset8               
000015a9  __aeabi_uidiv                 
000015a9  __aeabi_uidivmod              
ffffffff  __binit__                     
ffffffff  __c_args__                    
UNDEFED   __mpu_init                    
00001c99  __nop                         
20000000  __stack                       
0000169d  _c_int00_noargs               
UNDEFED   _system_post_cinit            
0000096d  _system_pre_init              
00000ad5  abort                         
ffffffff  binit                         
00000000  g_pfnVectors                  
000015e9  main                          
00001063  memcpy                        
0000123b  memset                        


GLOBAL SYMBOLS: SORTED BY Symbol Address 

address   name                          
-------   ----                          
00000000  __TI_static_base__            
00000000  g_pfnVectors                  
00000271  UARTvprintf                   
00000400  __STACK_SIZE                  
0000058f  __aeabi_idiv0                 
0000058f  __aeabi_ldiv0                 
00000591  GPIOPadConfigSet              
000007d9  SysCtlClockGet                
0000096d  _system_pre_init              
00000971  SysCtlClockSet                
00000ad5  C$$EXIT                       
00000ad5  abort                         
00000ad9  LIB_I2C_Recive                
00000bc9  LIB_UART_PrintfInit           
00000c79  GPIOB_ISR_Handle              
00000d1b  SysCtlDelay                   
00000d21  GPIOC_ISR_Handle              
00000dc9  GPIOD_ISR_Handle              
00000e71  GPIOE_ISR_Handle              
00000f19  GPIOF_ISR_Handle              
00000fc1  LIB_I2C_Init                  
00001063  __aeabi_memcpy                
00001063  __aeabi_memcpy4               
00001063  __aeabi_memcpy8               
00001063  memcpy                        
00001101  GPIOA_ISR_Handle              
000011a1  IntEnable                     
00001233  __aeabi_memclr                
00001233  __aeabi_memclr4               
00001233  __aeabi_memclr8               
00001235  __aeabi_memset                
00001235  __aeabi_memset4               
00001235  __aeabi_memset8               
0000123b  memset                        
000012b1  LIB_I2C_Get                   
00001321  UARTStdioConfig               
00001389  __TI_decompress_lzss          
000013f1  I2CMasterInitExpClk           
00001451  GPIOPinConfigure              
000014b1  UARTwrite                     
00001511  SysCtlPeripheralReset         
00001565  __TI_auto_init_nobinit_nopinit
000015a9  __aeabi_uidiv                 
000015a9  __aeabi_uidivmod              
000015e9  main                          
00001629  SysCtlPeripheralReady         
00001669  SysCtlPeripheralEnable        
0000169d  _c_int00_noargs               
000016d1  Vl53l0x_GetDistance           
00001701  GPIODirModeSet                
00001731  TIMER1A_ISR_Handle            
00001761  TIMER1B_ISR_Handle            
00001791  TIMER2A_ISR_Handle            
000017c1  TIMER2B_ISR_Handle            
000017f1  TIMER3A_ISR_Handle            
00001821  TIMER3B_ISR_Handle            
00001851  TIMER4A_ISR_Handle            
00001881  TIMER4B_ISR_Handle            
000018b1  TIMER5A_ISR_Handle            
000018e1  TIMER5B_ISR_Handle            
00001911  UART0_ISR_Handle              
00001941  UART1_ISR_Handle              
00001971  UART2_ISR_Handle              
000019a1  UART3_ISR_Handle              
000019d1  UART5_ISR_Handle              
00001a01  UART6_ISR_Handle              
00001a31  UART7_ISR_Handle              
00001a61  TIMER0A_ISR_Handle            
00001a89  TIMER0B_ISR_Handle            
00001ab1  UART4_ISR_Handle              
00001ad9  QEI0_ISR_Handle               
00001af9  QEI1_ISR_Handle               
00001b19  LIB_CLOCK_MainClockSet        
00001b39  UARTprintf                    
00001b59  GPIOPinTypeI2C                
00001b71  GPIOPinTypeI2CSCL             
00001b89  GPIOPinTypeUART               
00001ba1  IntMasterEnable               
00001bb9  GPIOIntStatus                 
00001bc7  __TI_decompress_none          
00001bd9  CPUcpsie                      
00001be9  I2CMasterEnable               
00001bf9  TimerIntStatus                
00001c09  UARTIntStatus                 
00001c19  I2CMasterBusy                 
00001c21  I2CMasterSlaveAddrSet         
00001c29  UARTIntEnable                 
00001c31  Vl53l0x_MakeUint16            
00001c39  GPIOIntClear                  
00001c41  ResetISR                      
00001c49  UARTClockSourceSet            
00001c51  I2CMasterControl              
00001c59  I2CMasterDataGet              
00001c61  I2CMasterDataPut              
00001c69  QEIIntClear                   
00001c71  TimerIntClear                 
00001c79  UARTIntClear                  
00001c99  __nop                         
00001e28  __TI_Handler_Table_Base       
00001e30  __TI_CINIT_Base               
00001e30  __TI_Handler_Table_Limit      
00001e38  __TI_CINIT_Limit              
20000000  __stack                       
20000200  __STACK_TOP                   
20000400  ExtiIsrHandleTable            
20000400  __STACK_END                   
200004c0  TimerIsrHandleTable           
200004f0  UartIsrHandleTable            
20000510  QeiIsrHandleTable             
20000520  CPU_F                         
ffffffff  __TI_pprof_out_hndl           
ffffffff  __TI_prof_data_size           
ffffffff  __TI_prof_data_start          
ffffffff  __binit__                     
ffffffff  __c_args__                    
ffffffff  binit                         
UNDEFED   __mpu_init                    
UNDEFED   _system_post_cinit            

[118 symbols]
