******************************************************************************
                  TI ARM Linker PC v18.12.8                    
******************************************************************************
>> Linked Tue Jul 11 18:05:49 2023

OUTPUT FILE NAME:   <EK-TM4C123GXL_LIB_TEST.out>
ENTRY POINT SYMBOL: "_c_int00_noargs"  address: 00001dfd


MEMORY CONFIGURATION

         name            origin    length      used     unused   attr    fill
----------------------  --------  ---------  --------  --------  ----  --------
  FLASH                 00000000   00040000  00002b6a  0003d496  R  X
  SRAM                  20000000   00008000  00000560  00007aa0  RW X


SEGMENT ALLOCATION MAP

run origin  load origin   length   init length attrs members
----------  ----------- ---------- ----------- ----- -------
00000000    00000000    00002b74   00002b74    r-x
  00000000    00000000    0000026c   0000026c    r-- .intvecs
  00000270    00000270    000023da   000023da    r-x .text
  0000264c    0000264c    000004f8   000004f8    r-- .const
  00002b48    00002b48    0000002c   0000002c    r-- .cinit
20000000    20000000    00000560   00000000    rw-
  20000000    20000000    00000400   00000000    rw- .stack
  20000400    20000400    00000160   00000000    rw- .data


SECTION ALLOCATION MAP

 output                                  attributes/
section   page    origin      length       input sections
--------  ----  ----------  ----------   ----------------
.intvecs   0    00000000    0000026c     
                  00000000    0000026c     startup_ccs.obj (.intvecs)

.text      0    00000270    000023da     
                  00000270    00000248     gpio.obj (.text:GPIOPadConfigSet)
                  000004b8    0000021c     lib_pwm.obj (.text:LIB_PWM_Init)
                  000006d4    00000004     rtsv7M4_T_le_v4SPD16_eabi.lib : pre_init.c.obj (.text:_system_pre_init)
                  000006d8    00000194     sysctl.obj (.text:SysCtlClockGet)
                  0000086c    00000004     rtsv7M4_T_le_v4SPD16_eabi.lib : exit.c.obj (.text:abort:abort)
                  00000870    00000164     sysctl.obj (.text:SysCtlClockSet)
                  000009d4    00000136     rtsv7M4_T_le_v4SPD16_eabi.lib : fd_div_t2.asm.obj (.text)
                  00000b0a    000000fc                                   : fd_mul_t2.asm.obj (.text)
                  00000c06    00000002     --HOLE-- [fill = 0]
                  00000c08    000000c6     oled.obj (.text:Oled_Init)
                  00000cce    00000002     --HOLE-- [fill = 0]
                  00000cd0    000000c4     lib_gpio.obj (.text:LIB_GPIO_ExtiInit)
                  00000d94    00000004     --HOLE-- [fill = 0]
                  00000d98    000000b8     lib_gpio.obj (.text:LIB_GPIO_Init)
                  00000e50    000000ae     lib_uart.obj (.text:LIB_UART_PrintfInit)
                  00000efe    00000002     --HOLE-- [fill = 0]
                  00000f00    000000ae     main.obj (.text:main)
                  00000fae    00000002     --HOLE-- [fill = 0]
                  00000fb0    000000a2     lib_EXTIisrmanagement.obj (.text:GPIOB_ISR_Handle)
                  00001052    00000006     sysctl.obj (.text:SysCtlDelay)
                  00001058    000000a2     lib_EXTIisrmanagement.obj (.text:GPIOC_ISR_Handle)
                  000010fa    00000006     --HOLE-- [fill = 0]
                  00001100    000000a2     lib_EXTIisrmanagement.obj (.text:GPIOD_ISR_Handle)
                  000011a2    00000006     --HOLE-- [fill = 0]
                  000011a8    000000a2     lib_EXTIisrmanagement.obj (.text:GPIOE_ISR_Handle)
                  0000124a    00000006     --HOLE-- [fill = 0]
                  00001250    000000a2     lib_EXTIisrmanagement.obj (.text:GPIOF_ISR_Handle)
                  000012f2    00000006     --HOLE-- [fill = 0]
                  000012f8    000000a2     lib_i2c.obj (.text:LIB_I2C_Init)
                  0000139a    00000006     --HOLE-- [fill = 0]
                  000013a0    0000009e     lib_i2c.obj (.text:LIB_I2C_Transmit)
                  0000143e    0000009c     rtsv7M4_T_le_v4SPD16_eabi.lib : memcpy_t2.asm.obj (.text)
                  000014da    00000006     --HOLE-- [fill = 0]
                  000014e0    0000009a     lib_EXTIisrmanagement.obj (.text:GPIOA_ISR_Handle)
                  0000157a    00000006     --HOLE-- [fill = 0]
                  00001580    00000092     interrupt.obj (.text:IntEnable)
                  00001612    00000006     --HOLE-- [fill = 0]
                  00001618    00000084     lib_pwm.obj (.text:LIB_PWM_SetPulseWidth)
                  0000169c    00000004     --HOLE-- [fill = 0]
                  000016a0    0000007e     hc-sr04.obj (.text:Hcsr04_IntIsr)
                  0000171e    00000002     --HOLE-- [fill = 0]
                  00001720    00000078     lib_timer.obj (.text:LIB_TIMER_InitCycle)
                  00001798    00000072     oled.obj (.text:Oled_ShowNumberBase)
                  0000180a    00000006     --HOLE-- [fill = 0]
                  00001810    00000070     hc-sr04.obj (.text:Hcsr04_Init)
                  00001880    00000070     timer.obj (.text:TimerConfigure)
                  000018f0    00000068     uartstdio.obj (.text:UARTStdioConfig)
                  00001958    00000068     rtsv7M4_T_le_v4SPD16_eabi.lib : copy_decompress_lzss.c.obj (.text:decompress:lzss:__TI_decompress_lzss)
                  000019c0    00000062     hc-sr04.obj (.text:HcSr04_EchoInit)
                  00001a22    00000006     --HOLE-- [fill = 0]
                  00001a28    0000005e     i2c.obj (.text:I2CMasterInitExpClk)
                  00001a86    00000002     --HOLE-- [fill = 0]
                  00001a88    0000005e     lib_i2c.obj (.text:LIB_I2C_Put)
                  00001ae6    00000002     --HOLE-- [fill = 0]
                  00001ae8    0000005c     gpio.obj (.text:GPIOPinConfigure)
                  00001b44    00000004     --HOLE-- [fill = 0]
                  00001b48    00000058     gpio.obj (.text:GPIOIntTypeSet)
                  00001ba0    00000052     sysctl.obj (.text:SysCtlPeripheralReset)
                  00001bf2    00000006     --HOLE-- [fill = 0]
                  00001bf8    00000044     oled.obj (.text:Oled_Pow)
                  00001c3c    00000044     rtsv7M4_T_le_v4SPD16_eabi.lib : autoinit.c.obj (.text:__TI_auto_init_nobinit_nopinit:__TI_auto_init_nobinit_nopinit)
                  00001c80    00000044                                   : fd_tou_t2.asm.obj (.text)
                  00001cc4    00000004     --HOLE-- [fill = 0]
                  00001cc8    00000042     lib_gpio.obj (.text:LIB_GPIO_ExtiCtrlPin)
                  00001d0a    00000006     --HOLE-- [fill = 0]
                  00001d10    0000003c     oled.obj (.text:Oled_Fill)
                  00001d4c    00000004     --HOLE-- [fill = 0]
                  00001d50    0000003a     sysctl.obj (.text:SysCtlPeripheralReady)
                  00001d8a    00000038     rtsv7M4_T_le_v4SPD16_eabi.lib : fs_tod_t2.asm.obj (.text)
                  00001dc2    00000006     --HOLE-- [fill = 0]
                  00001dc8    00000034     sysctl.obj (.text:SysCtlPeripheralEnable)
                  00001dfc    00000034     rtsv7M4_T_le_v4SPD16_eabi.lib : boot_cortex_m.c.obj (.text:_c_int00_noargs:_c_int00_noargs)
                  00001e30    00000030     oled.obj (.text:Oled_ShowNumber)
                  00001e60    0000002e     pwm.obj (.text:PWMGenConfigure)
                  00001e8e    00000002     --HOLE-- [fill = 0]
                  00001e90    0000002c     gpio.obj (.text:GPIODirModeSet)
                  00001ebc    00000004     --HOLE-- [fill = 0]
                  00001ec0    0000002c     lib_TIMERisrmanagement.obj (.text:TIMER1A_ISR_Handle)
                  00001eec    00000004     --HOLE-- [fill = 0]
                  00001ef0    0000002c     lib_TIMERisrmanagement.obj (.text:TIMER1B_ISR_Handle)
                  00001f1c    00000004     --HOLE-- [fill = 0]
                  00001f20    0000002c     lib_TIMERisrmanagement.obj (.text:TIMER2A_ISR_Handle)
                  00001f4c    00000004     --HOLE-- [fill = 0]
                  00001f50    0000002c     lib_TIMERisrmanagement.obj (.text:TIMER2B_ISR_Handle)
                  00001f7c    00000004     --HOLE-- [fill = 0]
                  00001f80    0000002c     lib_TIMERisrmanagement.obj (.text:TIMER3A_ISR_Handle)
                  00001fac    00000004     --HOLE-- [fill = 0]
                  00001fb0    0000002c     lib_TIMERisrmanagement.obj (.text:TIMER3B_ISR_Handle)
                  00001fdc    00000004     --HOLE-- [fill = 0]
                  00001fe0    0000002c     lib_TIMERisrmanagement.obj (.text:TIMER4A_ISR_Handle)
                  0000200c    00000004     --HOLE-- [fill = 0]
                  00002010    0000002c     lib_TIMERisrmanagement.obj (.text:TIMER4B_ISR_Handle)
                  0000203c    00000004     --HOLE-- [fill = 0]
                  00002040    0000002c     lib_TIMERisrmanagement.obj (.text:TIMER5A_ISR_Handle)
                  0000206c    00000004     --HOLE-- [fill = 0]
                  00002070    0000002c     lib_TIMERisrmanagement.obj (.text:TIMER5B_ISR_Handle)
                  0000209c    00000004     --HOLE-- [fill = 0]
                  000020a0    0000002c     lib_UARTisrmanagement.obj (.text:UART0_ISR_Handle)
                  000020cc    00000004     --HOLE-- [fill = 0]
                  000020d0    0000002c     lib_UARTisrmanagement.obj (.text:UART1_ISR_Handle)
                  000020fc    00000004     --HOLE-- [fill = 0]
                  00002100    0000002c     lib_UARTisrmanagement.obj (.text:UART2_ISR_Handle)
                  0000212c    00000004     --HOLE-- [fill = 0]
                  00002130    0000002c     lib_UARTisrmanagement.obj (.text:UART3_ISR_Handle)
                  0000215c    00000004     --HOLE-- [fill = 0]
                  00002160    0000002c     lib_UARTisrmanagement.obj (.text:UART5_ISR_Handle)
                  0000218c    00000004     --HOLE-- [fill = 0]
                  00002190    0000002c     lib_UARTisrmanagement.obj (.text:UART6_ISR_Handle)
                  000021bc    00000004     --HOLE-- [fill = 0]
                  000021c0    0000002c     lib_UARTisrmanagement.obj (.text:UART7_ISR_Handle)
                  000021ec    00000004     --HOLE-- [fill = 0]
                  000021f0    0000002a     main.obj (.text:motor_control)
                  0000221a    00000006     --HOLE-- [fill = 0]
                  00002220    00000028     oled.obj (.text:Oled_ShowChar)
                  00002248    00000028     lib_TIMERisrmanagement.obj (.text:TIMER0A_ISR_Handle)
                  00002270    00000028     lib_TIMERisrmanagement.obj (.text:TIMER0B_ISR_Handle)
                  00002298    00000028     lib_UARTisrmanagement.obj (.text:UART4_ISR_Handle)
                  000022c0    00000024     oled.obj (.text:Oled_SetPos)
                  000022e4    00000004     --HOLE-- [fill = 0]
                  000022e8    00000020     lib_gpio.obj (.text:LIB_GPIO_WritePin)
                  00002308    0000001e     pwm.obj (.text:PWMPulseWidthSet)
                  00002326    00000002     --HOLE-- [fill = 0]
                  00002328    0000001e     lib_QEIisrmanagement.obj (.text:QEI0_ISR_Handle)
                  00002346    00000002     --HOLE-- [fill = 0]
                  00002348    0000001e     lib_QEIisrmanagement.obj (.text:QEI1_ISR_Handle)
                  00002366    00000002     --HOLE-- [fill = 0]
                  00002368    0000001c     lib_clock.obj (.text:LIB_CLOCK_MainClockSet)
                  00002384    00000004     --HOLE-- [fill = 0]
                  00002388    0000001c     lib_clock.obj (.text:LIB_CLOCK_PeripheralClockEnable)
                  000023a4    00000004     --HOLE-- [fill = 0]
                  000023a8    0000001a     timer.obj (.text:TimerDisable)
                  000023c2    00000006     --HOLE-- [fill = 0]
                  000023c8    00000016     gpio.obj (.text:GPIOPinTypeI2C)
                  000023de    00000002     --HOLE-- [fill = 0]
                  000023e0    00000016     gpio.obj (.text:GPIOPinTypeI2CSCL)
                  000023f6    00000002     --HOLE-- [fill = 0]
                  000023f8    00000016     gpio.obj (.text:GPIOPinTypePWM)
                  0000240e    00000002     --HOLE-- [fill = 0]
                  00002410    00000016     gpio.obj (.text:GPIOPinTypeUART)
                  00002426    00000002     --HOLE-- [fill = 0]
                  00002428    00000016     pwm.obj (.text:PWMOutputState)
                  0000243e    00000002     --HOLE-- [fill = 0]
                  00002440    00000014     sysctl.obj (.text:SysCtlPWMClockSet)
                  00002454    00000004     --HOLE-- [fill = 0]
                  00002458    00000012     interrupt.obj (.text:IntMasterEnable)
                  0000246a    00000006     --HOLE-- [fill = 0]
                  00002470    00000012     lib_EXTIisrmanagement.obj (.text:LIB_ISR_GPIOEXTIRegister)
                  00002482    00000006     --HOLE-- [fill = 0]
                  00002488    00000012     lib_TIMERisrmanagement.obj (.text:LIB_ISR_TIMERRegister)
                  0000249a    00000006     --HOLE-- [fill = 0]
                  000024a0    00000012     lib_timer.obj (.text:LIB_TIMER_TimerEnable)
                  000024b2    00000006     --HOLE-- [fill = 0]
                  000024b8    00000012     oled.obj (.text:Oled_Datas)
                  000024ca    00000006     --HOLE-- [fill = 0]
                  000024d0    00000012     pwm.obj (.text:PWMGenPeriodSet)
                  000024e2    00000006     --HOLE-- [fill = 0]
                  000024e8    00000012     timer.obj (.text:TimerLoadSet)
                  000024fa    00000006     --HOLE-- [fill = 0]
                  00002500    0000000e     gpio.obj (.text:GPIOIntDisable)
                  0000250e    00000002     --HOLE-- [fill = 0]
                  00002510    0000000e     gpio.obj (.text:GPIOIntStatus)
                  0000251e    00000002     --HOLE-- [fill = 0]
                  00002520    0000000e     timer.obj (.text:TimerEnable)
                  0000252e    0000000e     rtsv7M4_T_le_v4SPD16_eabi.lib : copy_decompress_none.c.obj (.text:decompress:none:__TI_decompress_none)
                  0000253c    00000004     --HOLE-- [fill = 0]
                  00002540    0000000c     cpu.obj (.text:CPUcpsie)
                  0000254c    00000004     --HOLE-- [fill = 0]
                  00002550    0000000c     gpio.obj (.text:GPIOIntEnable)
                  0000255c    00000004     --HOLE-- [fill = 0]
                  00002560    0000000c     oled.obj (.text:Oled_Cmd)
                  0000256c    00000004     --HOLE-- [fill = 0]
                  00002570    0000000c     pwm.obj (.text:PWMGenEnable)
                  0000257c    00000004     --HOLE-- [fill = 0]
                  00002580    0000000a     i2c.obj (.text:I2CMasterEnable)
                  0000258a    00000006     --HOLE-- [fill = 0]
                  00002590    0000000a     timer.obj (.text:TimerIntStatus)
                  0000259a    00000006     --HOLE-- [fill = 0]
                  000025a0    0000000a     timer.obj (.text:TimerValueGet)
                  000025aa    00000006     --HOLE-- [fill = 0]
                  000025b0    0000000a     uart.obj (.text:UARTIntStatus)
                  000025ba    00000006     --HOLE-- [fill = 0]
                  000025c0    00000008     i2c.obj (.text:I2CMasterBusy)
                  000025c8    00000008     i2c.obj (.text:I2CMasterSlaveAddrSet)
                  000025d0    00000008     timer.obj (.text:TimerIntEnable)
                  000025d8    00000008     uart.obj (.text:UARTIntEnable)
                  000025e0    00000006     gpio.obj (.text:GPIOIntClear)
                  000025e6    00000002     --HOLE-- [fill = 0]
                  000025e8    00000006     oled.obj (.text:Oled_Clear)
                  000025ee    00000002     --HOLE-- [fill = 0]
                  000025f0    00000006     startup_ccs.obj (.text:ResetISR)
                  000025f6    00000002     --HOLE-- [fill = 0]
                  000025f8    00000006     timer.obj (.text:TimerClockSourceSet)
                  000025fe    00000002     --HOLE-- [fill = 0]
                  00002600    00000006     uart.obj (.text:UARTClockSourceSet)
                  00002606    00000002     --HOLE-- [fill = 0]
                  00002608    00000004     i2c.obj (.text:I2CMasterControl)
                  0000260c    00000004     --HOLE-- [fill = 0]
                  00002610    00000004     i2c.obj (.text:I2CMasterDataPut)
                  00002614    00000004     --HOLE-- [fill = 0]
                  00002618    00000004     qei.obj (.text:QEIIntClear)
                  0000261c    00000004     --HOLE-- [fill = 0]
                  00002620    00000004     timer.obj (.text:TimerIntClear)
                  00002624    00000004     --HOLE-- [fill = 0]
                  00002628    00000004     uart.obj (.text:UARTIntClear)
                  0000262c    00000004     --HOLE-- [fill = 0]
                  00002630    00000002     startup_ccs.obj (.text:FaultISR)
                  00002632    00000006     --HOLE-- [fill = 0]
                  00002638    00000002     startup_ccs.obj (.text:IntDefaultHandler)
                  0000263a    00000006     --HOLE-- [fill = 0]
                  00002640    00000002     startup_ccs.obj (.text:NmiSR)
                  00002642    00000006     --HOLE-- [fill = 0]
                  00002648    00000002     lib_EXTIisrmanagement.obj (.text:__nop)

.const     0    0000264c    000004f8     
                  0000264c    00000228     front.obj (.const:F6x8)
                  00002874    00000090     gpio.obj (.const:g_pui32GPIOBaseAddrs)
                  00002904    0000006c     sysctl.obj (.const:g_pui32Xtals)
                  00002970    00000050     lib_i2c.obj (.const:$P$T0$1)
                  000029c0    00000020     lib_pwm.obj (.const:$P$T0$1)
                  000029e0    00000020     lib_pwm.obj (.const:$P$T1$2)
                  00002a00    00000020     lib_pwm.obj (.const:$P$T2$3)
                  00002a20    00000020     lib_pwm.obj (.const:$P$T3$4)
                  00002a40    00000020     lib_pwm.obj (.const:$P$T4$5)
                  00002a60    00000020     lib_pwm.obj (.const:$P$T5$6)
                  00002a80    00000020     lib_pwm.obj (.const:PWM_OUT_TABLE)
                  00002aa0    00000018     lib_gpio.obj (.const:$P$T0$1)
                  00002ab8    00000018     lib_timer.obj (.const:$P$T0$1)
                  00002ad0    00000018     lib_gpio.obj (.const:$P$T1$2)
                  00002ae8    00000018     lib_gpio.obj (.const:$P$T2$3)
                  00002b00    00000018     lib_gpio.obj (.const:$P$T3$4)
                  00002b18    00000014     interrupt.obj (.const:g_pui32EnRegs)
                  00002b2c    0000000c     uartstdio.obj (.const:g_ui32UARTBase)
                  00002b38    0000000c     uartstdio.obj (.const:g_ui32UARTPeriph)

.cinit     0    00002b48    0000002c     
                  00002b48    0000001a     (.cinit..data.load) [load image, compression = lzss]
                  00002b62    00000002     --HOLE-- [fill = 0]
                  00002b64    00000008     (__TI_handler_table)
                  00002b6c    00000008     (__TI_cinit_table)

.init_array 
*          0    00000000    00000000     UNINITIALIZED

.data      0    20000400    00000160     UNINITIALIZED
                  20000400    000000c0     lib_EXTIisrmanagement.obj (.data:ExtiIsrHandleTable)
                  200004c0    00000030     lib_TIMERisrmanagement.obj (.data:TimerIsrHandleTable)
                  200004f0    00000020     lib_pwm.obj (.data:GEN_PERIO_TABLE)
                  20000510    00000020     lib_UARTisrmanagement.obj (.data:UartIsrHandleTable)
                  20000530    0000001c     hc-sr04.obj (.data)
                  2000054c    00000008     lib_QEIisrmanagement.obj (.data:QeiIsrHandleTable)
                  20000554    00000005     uartstdio.obj (.data)
                  20000559    00000001     --HOLE--
                  2000055a    00000002     main.obj (.data)
                  2000055c    00000004     lib_clock.obj (.data)

.stack     0    20000000    00000400     UNINITIALIZED
                  20000000    00000004     rtsv7M4_T_le_v4SPD16_eabi.lib : boot_cortex_m.c.obj (.stack)
                  20000004    000003fc     --HOLE--

.binit     0    00000000    00000000     

MODULE SUMMARY

       Module                       code   ro data   rw data
       ------                       ----   -------   -------
    .\
       startup_ccs.obj              12     620       0      
       main.obj                     216    0         2      
    +--+----------------------------+------+---------+---------+
       Total:                       228    620       2      
                                                            
    .\EK-TM4C123GXL_LIB\clock\
       lib_clock.obj                56     0         4      
    +--+----------------------------+------+---------+---------+
       Total:                       56     0         4      
                                                            
    .\EK-TM4C123GXL_LIB\gpio\
       lib_gpio.obj                 478    96        0      
    +--+----------------------------+------+---------+---------+
       Total:                       478    96        0      
                                                            
    .\EK-TM4C123GXL_LIB\i2c\
       lib_i2c.obj                  414    80        0      
    +--+----------------------------+------+---------+---------+
       Total:                       414    80        0      
                                                            
    .\EK-TM4C123GXL_LIB\isr_anagement\
       lib_EXTIisrmanagement.obj    984    0         192    
       lib_TIMERisrmanagement.obj   538    0         48     
       lib_UARTisrmanagement.obj    348    0         32     
       lib_QEIisrmanagement.obj     60     0         8      
    +--+----------------------------+------+---------+---------+
       Total:                       1930   0         280    
                                                            
    .\EK-TM4C123GXL_LIB\pwm\
       lib_pwm.obj                  672    224       32     
    +--+----------------------------+------+---------+---------+
       Total:                       672    224       32     
                                                            
    .\EK-TM4C123GXL_LIB\timer\
       lib_timer.obj                138    24        0      
    +--+----------------------------+------+---------+---------+
       Total:                       138    24        0      
                                                            
    .\EK-TM4C123GXL_LIB\uart\
       lib_uart.obj                 174    0         0      
    +--+----------------------------+------+---------+---------+
       Total:                       174    0         0      
                                                            
    .\Peripheral_LIB\HC-SR04\
       hc-sr04.obj                  336    0         28     
    +--+----------------------------+------+---------+---------+
       Total:                       336    0         28     
                                                            
    .\Peripheral_LIB\OLED\
       oled.obj                     600    0         0      
       front.obj                    0      552       0      
    +--+----------------------------+------+---------+---------+
       Total:                       600    552       0      
                                                            
    .\driverlib\
       gpio.obj                     942    144       0      
       sysctl.obj                   978    108       0      
       timer.obj                    208    0         0      
       interrupt.obj                164    20        0      
       i2c.obj                      128    0         0      
       pwm.obj                      128    0         0      
       uart.obj                     28     0         0      
       cpu.obj                      12     0         0      
       qei.obj                      4      0         0      
    +--+----------------------------+------+---------+---------+
       Total:                       2592   272       0      
                                                            
    .\utils\
       uartstdio.obj                104    24        5      
    +--+----------------------------+------+---------+---------+
       Total:                       104    24        5      
                                                            
    C:\ti\ccs1220\ccs\tools\compiler\ti-cgt-arm_18.12.8.LTS\lib\rtsv7M4_T_le_v4SPD16_eabi.lib
       fd_div_t2.asm.obj            310    0         0      
       fd_mul_t2.asm.obj            252    0         0      
       memcpy_t2.asm.obj            156    0         0      
       copy_decompress_lzss.c.obj   104    0         0      
       autoinit.c.obj               68     0         0      
       fd_tou_t2.asm.obj            68     0         0      
       fs_tod_t2.asm.obj            56     0         0      
       boot_cortex_m.c.obj          52     0         0      
       copy_decompress_none.c.obj   14     0         0      
       exit.c.obj                   4      0         0      
       pre_init.c.obj               4      0         0      
    +--+----------------------------+------+---------+---------+
       Total:                       1088   0         0      
                                                            
       Stack:                       0      0         1024   
       Linker Generated:            0      42        0      
    +--+----------------------------+------+---------+---------+
       Grand Total:                 8810   1934      1375   


LINKER GENERATED COPY TABLES

__TI_cinit_table @ 00002b6c records: 1, size/record: 8, table size: 8
	.data: load addr=00002b48, load size=0000001a bytes, run addr=20000400, run size=00000160 bytes, compression=lzss


LINKER GENERATED HANDLER TABLE

__TI_handler_table @ 00002b64 records: 2, size/record: 4, table size: 8
	index: 0, handler: __TI_decompress_lzss
	index: 1, handler: __TI_decompress_none


GLOBAL SYMBOLS: SORTED ALPHABETICALLY BY Name 

address   name                           
-------   ----                           
0000086d  C$$EXIT                        
2000055c  CPU_F                          
00002541  CPUcpsie                       
20000534  EchoPin                        
20000530  EchoPort                       
20000400  ExtiIsrHandleTable             
0000264c  F6x8                           
200004f0  GEN_PERIO_TABLE                
000014e1  GPIOA_ISR_Handle               
00000fb1  GPIOB_ISR_Handle               
00001059  GPIOC_ISR_Handle               
00001101  GPIOD_ISR_Handle               
00001e91  GPIODirModeSet                 
000011a9  GPIOE_ISR_Handle               
00001251  GPIOF_ISR_Handle               
000025e1  GPIOIntClear                   
00002501  GPIOIntDisable                 
00002551  GPIOIntEnable                  
00002511  GPIOIntStatus                  
00001b49  GPIOIntTypeSet                 
00000271  GPIOPadConfigSet               
00001ae9  GPIOPinConfigure               
000023c9  GPIOPinTypeI2C                 
000023e1  GPIOPinTypeI2CSCL              
000023f9  GPIOPinTypePWM                 
00002411  GPIOPinTypeUART                
000019c1  HcSr04_EchoInit                
00001811  Hcsr04_Init                    
000016a1  Hcsr04_IntIsr                  
000025c1  I2CMasterBusy                  
00002609  I2CMasterControl               
00002611  I2CMasterDataPut               
00002581  I2CMasterEnable                
00001a29  I2CMasterInitExpClk            
000025c9  I2CMasterSlaveAddrSet          
00001581  IntEnable                      
00002459  IntMasterEnable                
00002369  LIB_CLOCK_MainClockSet         
00002389  LIB_CLOCK_PeripheralClockEnable
00001cc9  LIB_GPIO_ExtiCtrlPin           
00000cd1  LIB_GPIO_ExtiInit              
00002471  LIB_GPIO_ExtiIsrSet            
00000d99  LIB_GPIO_Init                  
000022e9  LIB_GPIO_WritePin              
000012f9  LIB_I2C_Init                   
00001a89  LIB_I2C_Put                    
000013a1  LIB_I2C_Transmit               
00002471  LIB_ISR_GPIOEXTIRegister       
00002489  LIB_ISR_TIMERRegister          
000004b9  LIB_PWM_Init                   
00001619  LIB_PWM_SetPulseWidth          
00001721  LIB_TIMER_InitCycle            
000024a1  LIB_TIMER_TimerEnable          
00000e51  LIB_UART_PrintfInit            
000025e9  Oled_Clear                     
00002561  Oled_Cmd                       
000024b9  Oled_Datas                     
00001d11  Oled_Fill                      
00000c09  Oled_Init                      
00001bf9  Oled_Pow                       
000022c1  Oled_SetPos                    
00002221  Oled_ShowChar                  
00001e31  Oled_ShowNumber                
00001799  Oled_ShowNumberBase            
000025e9  Oled_Test                      
00001e61  PWMGenConfigure                
00002571  PWMGenEnable                   
000024d1  PWMGenPeriodSet                
00002429  PWMOutputState                 
00002309  PWMPulseWidthSet               
00002a80  PWM_OUT_TABLE                  
00002329  QEI0_ISR_Handle                
00002349  QEI1_ISR_Handle                
00002619  QEIIntClear                    
2000054c  QeiIsrHandleTable              
000025f1  ResetISR                       
000006d9  SysCtlClockGet                 
00000871  SysCtlClockSet                 
00001053  SysCtlDelay                    
00002441  SysCtlPWMClockSet              
00001dc9  SysCtlPeripheralEnable         
00001d51  SysCtlPeripheralReady          
00001ba1  SysCtlPeripheralReset          
00002249  TIMER0A_ISR_Handle             
00002271  TIMER0B_ISR_Handle             
00001ec1  TIMER1A_ISR_Handle             
00001ef1  TIMER1B_ISR_Handle             
00001f21  TIMER2A_ISR_Handle             
00001f51  TIMER2B_ISR_Handle             
00001f81  TIMER3A_ISR_Handle             
00001fb1  TIMER3B_ISR_Handle             
00001fe1  TIMER4A_ISR_Handle             
00002011  TIMER4B_ISR_Handle             
00002041  TIMER5A_ISR_Handle             
00002071  TIMER5B_ISR_Handle             
000025f9  TimerClockSourceSet            
00001881  TimerConfigure                 
000023a9  TimerDisable                   
00002521  TimerEnable                    
00002621  TimerIntClear                  
000025d1  TimerIntEnable                 
00002591  TimerIntStatus                 
200004c0  TimerIsrHandleTable            
000024e9  TimerLoadSet                   
000025a1  TimerValueGet                  
2000053c  TrigPin                        
20000538  TrigPort                       
000020a1  UART0_ISR_Handle               
000020d1  UART1_ISR_Handle               
00002101  UART2_ISR_Handle               
00002131  UART3_ISR_Handle               
00002299  UART4_ISR_Handle               
00002161  UART5_ISR_Handle               
00002191  UART6_ISR_Handle               
000021c1  UART7_ISR_Handle               
00002601  UARTClockSourceSet             
00002629  UARTIntClear                   
000025d9  UARTIntEnable                  
000025b1  UARTIntStatus                  
000018f1  UARTStdioConfig                
20000510  UartIsrHandleTable             
20000400  __STACK_END                    
00000400  __STACK_SIZE                   
20000200  __STACK_TOP                    
00002b6c  __TI_CINIT_Base                
00002b74  __TI_CINIT_Limit               
00002b64  __TI_Handler_Table_Base        
00002b6c  __TI_Handler_Table_Limit       
00001c3d  __TI_auto_init_nobinit_nopinit 
00001959  __TI_decompress_lzss           
0000252f  __TI_decompress_none           
ffffffff  __TI_pprof_out_hndl            
ffffffff  __TI_prof_data_size            
ffffffff  __TI_prof_data_start           
00000000  __TI_static_base__             
00001c81  __aeabi_d2uiz                  
000009d5  __aeabi_ddiv                   
00000b0b  __aeabi_dmul                   
00001d8b  __aeabi_f2d                    
0000143f  __aeabi_memcpy                 
0000143f  __aeabi_memcpy4                
0000143f  __aeabi_memcpy8                
ffffffff  __binit__                      
ffffffff  __c_args__                     
UNDEFED   __mpu_init                     
00002649  __nop                          
20000000  __stack                        
00001dfd  _c_int00_noargs                
UNDEFED   _system_post_cinit             
000006d5  _system_pre_init               
0000086d  abort                          
ffffffff  binit                          
20000540  flag                           
00000000  g_pfnVectors                   
2000055a  i                              
00000f01  main                           
0000143f  memcpy                         
000021f1  motor_control                  
20000544  p1                             
20000548  p2                             


GLOBAL SYMBOLS: SORTED BY Symbol Address 

address   name                           
-------   ----                           
00000000  __TI_static_base__             
00000000  g_pfnVectors                   
00000271  GPIOPadConfigSet               
00000400  __STACK_SIZE                   
000004b9  LIB_PWM_Init                   
000006d5  _system_pre_init               
000006d9  SysCtlClockGet                 
0000086d  C$$EXIT                        
0000086d  abort                          
00000871  SysCtlClockSet                 
000009d5  __aeabi_ddiv                   
00000b0b  __aeabi_dmul                   
00000c09  Oled_Init                      
00000cd1  LIB_GPIO_ExtiInit              
00000d99  LIB_GPIO_Init                  
00000e51  LIB_UART_PrintfInit            
00000f01  main                           
00000fb1  GPIOB_ISR_Handle               
00001053  SysCtlDelay                    
00001059  GPIOC_ISR_Handle               
00001101  GPIOD_ISR_Handle               
000011a9  GPIOE_ISR_Handle               
00001251  GPIOF_ISR_Handle               
000012f9  LIB_I2C_Init                   
000013a1  LIB_I2C_Transmit               
0000143f  __aeabi_memcpy                 
0000143f  __aeabi_memcpy4                
0000143f  __aeabi_memcpy8                
0000143f  memcpy                         
000014e1  GPIOA_ISR_Handle               
00001581  IntEnable                      
00001619  LIB_PWM_SetPulseWidth          
000016a1  Hcsr04_IntIsr                  
00001721  LIB_TIMER_InitCycle            
00001799  Oled_ShowNumberBase            
00001811  Hcsr04_Init                    
00001881  TimerConfigure                 
000018f1  UARTStdioConfig                
00001959  __TI_decompress_lzss           
000019c1  HcSr04_EchoInit                
00001a29  I2CMasterInitExpClk            
00001a89  LIB_I2C_Put                    
00001ae9  GPIOPinConfigure               
00001b49  GPIOIntTypeSet                 
00001ba1  SysCtlPeripheralReset          
00001bf9  Oled_Pow                       
00001c3d  __TI_auto_init_nobinit_nopinit 
00001c81  __aeabi_d2uiz                  
00001cc9  LIB_GPIO_ExtiCtrlPin           
00001d11  Oled_Fill                      
00001d51  SysCtlPeripheralReady          
00001d8b  __aeabi_f2d                    
00001dc9  SysCtlPeripheralEnable         
00001dfd  _c_int00_noargs                
00001e31  Oled_ShowNumber                
00001e61  PWMGenConfigure                
00001e91  GPIODirModeSet                 
00001ec1  TIMER1A_ISR_Handle             
00001ef1  TIMER1B_ISR_Handle             
00001f21  TIMER2A_ISR_Handle             
00001f51  TIMER2B_ISR_Handle             
00001f81  TIMER3A_ISR_Handle             
00001fb1  TIMER3B_ISR_Handle             
00001fe1  TIMER4A_ISR_Handle             
00002011  TIMER4B_ISR_Handle             
00002041  TIMER5A_ISR_Handle             
00002071  TIMER5B_ISR_Handle             
000020a1  UART0_ISR_Handle               
000020d1  UART1_ISR_Handle               
00002101  UART2_ISR_Handle               
00002131  UART3_ISR_Handle               
00002161  UART5_ISR_Handle               
00002191  UART6_ISR_Handle               
000021c1  UART7_ISR_Handle               
000021f1  motor_control                  
00002221  Oled_ShowChar                  
00002249  TIMER0A_ISR_Handle             
00002271  TIMER0B_ISR_Handle             
00002299  UART4_ISR_Handle               
000022c1  Oled_SetPos                    
000022e9  LIB_GPIO_WritePin              
00002309  PWMPulseWidthSet               
00002329  QEI0_ISR_Handle                
00002349  QEI1_ISR_Handle                
00002369  LIB_CLOCK_MainClockSet         
00002389  LIB_CLOCK_PeripheralClockEnable
000023a9  TimerDisable                   
000023c9  GPIOPinTypeI2C                 
000023e1  GPIOPinTypeI2CSCL              
000023f9  GPIOPinTypePWM                 
00002411  GPIOPinTypeUART                
00002429  PWMOutputState                 
00002441  SysCtlPWMClockSet              
00002459  IntMasterEnable                
00002471  LIB_GPIO_ExtiIsrSet            
00002471  LIB_ISR_GPIOEXTIRegister       
00002489  LIB_ISR_TIMERRegister          
000024a1  LIB_TIMER_TimerEnable          
000024b9  Oled_Datas                     
000024d1  PWMGenPeriodSet                
000024e9  TimerLoadSet                   
00002501  GPIOIntDisable                 
00002511  GPIOIntStatus                  
00002521  TimerEnable                    
0000252f  __TI_decompress_none           
00002541  CPUcpsie                       
00002551  GPIOIntEnable                  
00002561  Oled_Cmd                       
00002571  PWMGenEnable                   
00002581  I2CMasterEnable                
00002591  TimerIntStatus                 
000025a1  TimerValueGet                  
000025b1  UARTIntStatus                  
000025c1  I2CMasterBusy                  
000025c9  I2CMasterSlaveAddrSet          
000025d1  TimerIntEnable                 
000025d9  UARTIntEnable                  
000025e1  GPIOIntClear                   
000025e9  Oled_Clear                     
000025e9  Oled_Test                      
000025f1  ResetISR                       
000025f9  TimerClockSourceSet            
00002601  UARTClockSourceSet             
00002609  I2CMasterControl               
00002611  I2CMasterDataPut               
00002619  QEIIntClear                    
00002621  TimerIntClear                  
00002629  UARTIntClear                   
00002649  __nop                          
0000264c  F6x8                           
00002a80  PWM_OUT_TABLE                  
00002b64  __TI_Handler_Table_Base        
00002b6c  __TI_CINIT_Base                
00002b6c  __TI_Handler_Table_Limit       
00002b74  __TI_CINIT_Limit               
20000000  __stack                        
20000200  __STACK_TOP                    
20000400  ExtiIsrHandleTable             
20000400  __STACK_END                    
200004c0  TimerIsrHandleTable            
200004f0  GEN_PERIO_TABLE                
20000510  UartIsrHandleTable             
20000530  EchoPort                       
20000534  EchoPin                        
20000538  TrigPort                       
2000053c  TrigPin                        
20000540  flag                           
20000544  p1                             
20000548  p2                             
2000054c  QeiIsrHandleTable              
2000055a  i                              
2000055c  CPU_F                          
ffffffff  __TI_pprof_out_hndl            
ffffffff  __TI_prof_data_size            
ffffffff  __TI_prof_data_start           
ffffffff  __binit__                      
ffffffff  __c_args__                     
ffffffff  binit                          
UNDEFED   __mpu_init                     
UNDEFED   _system_post_cinit             

[160 symbols]
