******************************************************************************
                  TI ARM Linker PC v18.12.8                    
******************************************************************************
>> Linked Wed Jul 12 13:15:08 2023

OUTPUT FILE NAME:   <EK-TM4C123GXL_LIB_TEST.out>
ENTRY POINT SYMBOL: "_c_int00_noargs"  address: 00001f95


MEMORY CONFIGURATION

         name            origin    length      used     unused   attr    fill
----------------------  --------  ---------  --------  --------  ----  --------
  FLASH                 00000000   00040000  00002d36  0003d2ca  R  X
  SRAM                  20000000   00008000  00000568  00007a98  RW X


SEGMENT ALLOCATION MAP

run origin  load origin   length   init length attrs members
----------  ----------- ---------- ----------- ----- -------
00000000    00000000    00002d40   00002d40    r-x
  00000000    00000000    0000026c   0000026c    r-- .intvecs
  00000270    00000270    00002592   00002592    r-x .text
  00002804    00002804    000004f8   000004f8    r-- .const
  00002d00    00002d00    00000040   00000040    r-- .cinit
20000000    20000000    00000568   00000000    rw-
  20000000    20000000    00000400   00000000    rw- .stack
  20000400    20000400    00000160   00000000    rw- .data
  20000560    20000560    00000008   00000000    rw- .bss


SECTION ALLOCATION MAP

 output                                  attributes/
section   page    origin      length       input sections
--------  ----  ----------  ----------   ----------------
.intvecs   0    00000000    0000026c     
                  00000000    0000026c     startup_ccs.obj (.intvecs)

.text      0    00000270    00002592     
                  00000270    00000248     gpio.obj (.text:GPIOPadConfigSet)
                  000004b8    0000021c     lib_pwm.obj (.text:LIB_PWM_Init)
                  000006d4    00000004     rtsv7M4_T_le_v4SPD16_eabi.lib : pre_init.c.obj (.text:_system_pre_init)
                  000006d8    00000194     sysctl.obj (.text:SysCtlClockGet)
                  0000086c    00000004     rtsv7M4_T_le_v4SPD16_eabi.lib : exit.c.obj (.text:abort:abort)
                  00000870    00000164     sysctl.obj (.text:SysCtlClockSet)
                  000009d4    00000136     rtsv7M4_T_le_v4SPD16_eabi.lib : fd_div_t2.asm.obj (.text)
                  00000b0a    000000fc                                   : fd_mul_t2.asm.obj (.text)
                  00000c06    00000002     --HOLE-- [fill = 0]
                  00000c08    000000ec     lib_i2c.obj (.text:LIB_I2C_Recive)
                  00000cf4    00000004     --HOLE-- [fill = 0]
                  00000cf8    000000c6     oled.obj (.text:Oled_Init)
                  00000dbe    00000002     --HOLE-- [fill = 0]
                  00000dc0    000000c4     lib_gpio.obj (.text:LIB_GPIO_ExtiInit)
                  00000e84    00000004     --HOLE-- [fill = 0]
                  00000e88    000000b8     lib_gpio.obj (.text:LIB_GPIO_Init)
                  00000f40    000000ae     lib_uart.obj (.text:LIB_UART_PrintfInit)
                  00000fee    00000002     --HOLE-- [fill = 0]
                  00000ff0    000000ae     main.obj (.text:main)
                  0000109e    00000002     --HOLE-- [fill = 0]
                  000010a0    000000a2     lib_EXTIisrmanagement.obj (.text:GPIOB_ISR_Handle)
                  00001142    00000006     sysctl.obj (.text:SysCtlDelay)
                  00001148    000000a2     lib_EXTIisrmanagement.obj (.text:GPIOC_ISR_Handle)
                  000011ea    00000006     --HOLE-- [fill = 0]
                  000011f0    000000a2     lib_EXTIisrmanagement.obj (.text:GPIOD_ISR_Handle)
                  00001292    00000006     --HOLE-- [fill = 0]
                  00001298    000000a2     lib_EXTIisrmanagement.obj (.text:GPIOE_ISR_Handle)
                  0000133a    00000006     --HOLE-- [fill = 0]
                  00001340    000000a2     lib_EXTIisrmanagement.obj (.text:GPIOF_ISR_Handle)
                  000013e2    00000006     --HOLE-- [fill = 0]
                  000013e8    000000a2     lib_i2c.obj (.text:LIB_I2C_Init)
                  0000148a    00000006     --HOLE-- [fill = 0]
                  00001490    0000009e     lib_i2c.obj (.text:LIB_I2C_Transmit)
                  0000152e    0000009c     rtsv7M4_T_le_v4SPD16_eabi.lib : memcpy_t2.asm.obj (.text)
                  000015ca    00000006     --HOLE-- [fill = 0]
                  000015d0    0000009a     lib_EXTIisrmanagement.obj (.text:GPIOA_ISR_Handle)
                  0000166a    00000006     --HOLE-- [fill = 0]
                  00001670    00000092     interrupt.obj (.text:IntEnable)
                  00001702    00000006     --HOLE-- [fill = 0]
                  00001708    00000084     lib_pwm.obj (.text:LIB_PWM_SetPulseWidth)
                  0000178c    00000004     --HOLE-- [fill = 0]
                  00001790    0000007e     hc-sr04.obj (.text:Hcsr04_IntIsr)
                  0000180e    00000002     --HOLE-- [fill = 0]
                  00001810    00000078     lib_timer.obj (.text:LIB_TIMER_InitCycle)
                  00001888    00000072     oled.obj (.text:Oled_ShowNumberBase)
                  000018fa    00000006     --HOLE-- [fill = 0]
                  00001900    00000070     hc-sr04.obj (.text:Hcsr04_Init)
                  00001970    00000070     lib_i2c.obj (.text:LIB_I2C_Get)
                  000019e0    00000070     timer.obj (.text:TimerConfigure)
                  00001a50    00000068     uartstdio.obj (.text:UARTStdioConfig)
                  00001ab8    00000068     rtsv7M4_T_le_v4SPD16_eabi.lib : copy_decompress_lzss.c.obj (.text:decompress:lzss:__TI_decompress_lzss)
                  00001b20    00000062     hc-sr04.obj (.text:HcSr04_EchoInit)
                  00001b82    00000006     --HOLE-- [fill = 0]
                  00001b88    0000005e     i2c.obj (.text:I2CMasterInitExpClk)
                  00001be6    00000002     --HOLE-- [fill = 0]
                  00001be8    0000005e     lib_i2c.obj (.text:LIB_I2C_Put)
                  00001c46    00000002     --HOLE-- [fill = 0]
                  00001c48    0000005c     gpio.obj (.text:GPIOPinConfigure)
                  00001ca4    00000004     --HOLE-- [fill = 0]
                  00001ca8    00000058     gpio.obj (.text:GPIOIntTypeSet)
                  00001d00    00000052     sysctl.obj (.text:SysCtlPeripheralReset)
                  00001d52    00000006     --HOLE-- [fill = 0]
                  00001d58    00000044     oled.obj (.text:Oled_Pow)
                  00001d9c    00000044     rtsv7M4_T_le_v4SPD16_eabi.lib : autoinit.c.obj (.text:__TI_auto_init_nobinit_nopinit:__TI_auto_init_nobinit_nopinit)
                  00001de0    00000044                                   : fd_tou_t2.asm.obj (.text)
                  00001e24    00000004     --HOLE-- [fill = 0]
                  00001e28    00000042     lib_gpio.obj (.text:LIB_GPIO_ExtiCtrlPin)
                  00001e6a    00000006     --HOLE-- [fill = 0]
                  00001e70    0000003c     oled.obj (.text:Oled_Fill)
                  00001eac    00000004     --HOLE-- [fill = 0]
                  00001eb0    0000003a     sysctl.obj (.text:SysCtlPeripheralReady)
                  00001eea    00000006     --HOLE-- [fill = 0]
                  00001ef0    00000038     main.obj (.text:motor_control)
                  00001f28    00000038     rtsv7M4_T_le_v4SPD16_eabi.lib : fs_tod_t2.asm.obj (.text)
                  00001f60    00000034     sysctl.obj (.text:SysCtlPeripheralEnable)
                  00001f94    00000034     rtsv7M4_T_le_v4SPD16_eabi.lib : boot_cortex_m.c.obj (.text:_c_int00_noargs:_c_int00_noargs)
                  00001fc8    00000030     oled.obj (.text:Oled_ShowNumber)
                  00001ff8    0000002e     pwm.obj (.text:PWMGenConfigure)
                  00002026    00000002     --HOLE-- [fill = 0]
                  00002028    0000002c     gpio.obj (.text:GPIODirModeSet)
                  00002054    00000004     --HOLE-- [fill = 0]
                  00002058    0000002c     lib_TIMERisrmanagement.obj (.text:TIMER1A_ISR_Handle)
                  00002084    00000004     --HOLE-- [fill = 0]
                  00002088    0000002c     lib_TIMERisrmanagement.obj (.text:TIMER1B_ISR_Handle)
                  000020b4    00000004     --HOLE-- [fill = 0]
                  000020b8    0000002c     lib_TIMERisrmanagement.obj (.text:TIMER2A_ISR_Handle)
                  000020e4    00000004     --HOLE-- [fill = 0]
                  000020e8    0000002c     lib_TIMERisrmanagement.obj (.text:TIMER2B_ISR_Handle)
                  00002114    00000004     --HOLE-- [fill = 0]
                  00002118    0000002c     lib_TIMERisrmanagement.obj (.text:TIMER3A_ISR_Handle)
                  00002144    00000004     --HOLE-- [fill = 0]
                  00002148    0000002c     lib_TIMERisrmanagement.obj (.text:TIMER3B_ISR_Handle)
                  00002174    00000004     --HOLE-- [fill = 0]
                  00002178    0000002c     lib_TIMERisrmanagement.obj (.text:TIMER4A_ISR_Handle)
                  000021a4    00000004     --HOLE-- [fill = 0]
                  000021a8    0000002c     lib_TIMERisrmanagement.obj (.text:TIMER4B_ISR_Handle)
                  000021d4    00000004     --HOLE-- [fill = 0]
                  000021d8    0000002c     lib_TIMERisrmanagement.obj (.text:TIMER5A_ISR_Handle)
                  00002204    00000004     --HOLE-- [fill = 0]
                  00002208    0000002c     lib_TIMERisrmanagement.obj (.text:TIMER5B_ISR_Handle)
                  00002234    00000004     --HOLE-- [fill = 0]
                  00002238    0000002c     lib_UARTisrmanagement.obj (.text:UART0_ISR_Handle)
                  00002264    00000004     --HOLE-- [fill = 0]
                  00002268    0000002c     lib_UARTisrmanagement.obj (.text:UART1_ISR_Handle)
                  00002294    00000004     --HOLE-- [fill = 0]
                  00002298    0000002c     lib_UARTisrmanagement.obj (.text:UART2_ISR_Handle)
                  000022c4    00000004     --HOLE-- [fill = 0]
                  000022c8    0000002c     lib_UARTisrmanagement.obj (.text:UART3_ISR_Handle)
                  000022f4    00000004     --HOLE-- [fill = 0]
                  000022f8    0000002c     lib_UARTisrmanagement.obj (.text:UART5_ISR_Handle)
                  00002324    00000004     --HOLE-- [fill = 0]
                  00002328    0000002c     lib_UARTisrmanagement.obj (.text:UART6_ISR_Handle)
                  00002354    00000004     --HOLE-- [fill = 0]
                  00002358    0000002c     lib_UARTisrmanagement.obj (.text:UART7_ISR_Handle)
                  00002384    00000004     --HOLE-- [fill = 0]
                  00002388    00000028     oled.obj (.text:Oled_ShowChar)
                  000023b0    00000028     lib_TIMERisrmanagement.obj (.text:TIMER0A_ISR_Handle)
                  000023d8    00000028     lib_TIMERisrmanagement.obj (.text:TIMER0B_ISR_Handle)
                  00002400    00000028     lib_UARTisrmanagement.obj (.text:UART4_ISR_Handle)
                  00002428    00000024     oled.obj (.text:Oled_SetPos)
                  0000244c    00000004     --HOLE-- [fill = 0]
                  00002450    00000020     lib_gpio.obj (.text:LIB_GPIO_WritePin)
                  00002470    0000001e     pwm.obj (.text:PWMPulseWidthSet)
                  0000248e    00000002     --HOLE-- [fill = 0]
                  00002490    0000001e     lib_QEIisrmanagement.obj (.text:QEI0_ISR_Handle)
                  000024ae    00000002     --HOLE-- [fill = 0]
                  000024b0    0000001e     lib_QEIisrmanagement.obj (.text:QEI1_ISR_Handle)
                  000024ce    00000002     --HOLE-- [fill = 0]
                  000024d0    0000001c     lib_clock.obj (.text:LIB_CLOCK_MainClockSet)
                  000024ec    00000004     --HOLE-- [fill = 0]
                  000024f0    0000001c     lib_clock.obj (.text:LIB_CLOCK_PeripheralClockEnable)
                  0000250c    0000001c     rtsv7M4_T_le_v4SPD16_eabi.lib : copy_zero_init.c.obj (.text:decompress:ZI:__TI_zero_init_nomemset:__TI_zero_init_nomemset)
                  00002528    0000001a     timer.obj (.text:TimerDisable)
                  00002542    00000006     --HOLE-- [fill = 0]
                  00002548    00000018     photocell.obj (.text:Photocell_Check)
                  00002560    00000016     gpio.obj (.text:GPIOPinTypeI2C)
                  00002576    00000002     --HOLE-- [fill = 0]
                  00002578    00000016     gpio.obj (.text:GPIOPinTypeI2CSCL)
                  0000258e    00000002     --HOLE-- [fill = 0]
                  00002590    00000016     gpio.obj (.text:GPIOPinTypePWM)
                  000025a6    00000002     --HOLE-- [fill = 0]
                  000025a8    00000016     gpio.obj (.text:GPIOPinTypeUART)
                  000025be    00000002     --HOLE-- [fill = 0]
                  000025c0    00000016     pwm.obj (.text:PWMOutputState)
                  000025d6    00000002     --HOLE-- [fill = 0]
                  000025d8    00000014     photocell.obj (.text:Photocell_ReadAnalogValue)
                  000025ec    00000004     --HOLE-- [fill = 0]
                  000025f0    00000014     sysctl.obj (.text:SysCtlPWMClockSet)
                  00002604    00000004     --HOLE-- [fill = 0]
                  00002608    00000012     interrupt.obj (.text:IntMasterEnable)
                  0000261a    00000006     --HOLE-- [fill = 0]
                  00002620    00000012     lib_EXTIisrmanagement.obj (.text:LIB_ISR_GPIOEXTIRegister)
                  00002632    00000006     --HOLE-- [fill = 0]
                  00002638    00000012     lib_TIMERisrmanagement.obj (.text:LIB_ISR_TIMERRegister)
                  0000264a    00000006     --HOLE-- [fill = 0]
                  00002650    00000012     lib_timer.obj (.text:LIB_TIMER_TimerEnable)
                  00002662    00000006     --HOLE-- [fill = 0]
                  00002668    00000012     oled.obj (.text:Oled_Datas)
                  0000267a    00000006     --HOLE-- [fill = 0]
                  00002680    00000012     pwm.obj (.text:PWMGenPeriodSet)
                  00002692    00000006     --HOLE-- [fill = 0]
                  00002698    00000012     timer.obj (.text:TimerLoadSet)
                  000026aa    00000006     --HOLE-- [fill = 0]
                  000026b0    0000000e     gpio.obj (.text:GPIOIntDisable)
                  000026be    00000002     --HOLE-- [fill = 0]
                  000026c0    0000000e     gpio.obj (.text:GPIOIntStatus)
                  000026ce    00000002     --HOLE-- [fill = 0]
                  000026d0    0000000e     timer.obj (.text:TimerEnable)
                  000026de    0000000e     rtsv7M4_T_le_v4SPD16_eabi.lib : copy_decompress_none.c.obj (.text:decompress:none:__TI_decompress_none)
                  000026ec    00000004     --HOLE-- [fill = 0]
                  000026f0    0000000c     cpu.obj (.text:CPUcpsie)
                  000026fc    00000004     --HOLE-- [fill = 0]
                  00002700    0000000c     gpio.obj (.text:GPIOIntEnable)
                  0000270c    00000004     --HOLE-- [fill = 0]
                  00002710    0000000c     oled.obj (.text:Oled_Cmd)
                  0000271c    00000004     --HOLE-- [fill = 0]
                  00002720    0000000c     pwm.obj (.text:PWMGenEnable)
                  0000272c    00000004     --HOLE-- [fill = 0]
                  00002730    0000000a     i2c.obj (.text:I2CMasterEnable)
                  0000273a    00000006     --HOLE-- [fill = 0]
                  00002740    0000000a     timer.obj (.text:TimerIntStatus)
                  0000274a    00000006     --HOLE-- [fill = 0]
                  00002750    0000000a     timer.obj (.text:TimerValueGet)
                  0000275a    00000006     --HOLE-- [fill = 0]
                  00002760    0000000a     uart.obj (.text:UARTIntStatus)
                  0000276a    00000006     --HOLE-- [fill = 0]
                  00002770    00000008     i2c.obj (.text:I2CMasterBusy)
                  00002778    00000008     i2c.obj (.text:I2CMasterSlaveAddrSet)
                  00002780    00000008     timer.obj (.text:TimerIntEnable)
                  00002788    00000008     uart.obj (.text:UARTIntEnable)
                  00002790    00000006     gpio.obj (.text:GPIOIntClear)
                  00002796    00000002     --HOLE-- [fill = 0]
                  00002798    00000006     oled.obj (.text:Oled_Clear)
                  0000279e    00000002     --HOLE-- [fill = 0]
                  000027a0    00000006     startup_ccs.obj (.text:ResetISR)
                  000027a6    00000002     --HOLE-- [fill = 0]
                  000027a8    00000006     timer.obj (.text:TimerClockSourceSet)
                  000027ae    00000002     --HOLE-- [fill = 0]
                  000027b0    00000006     uart.obj (.text:UARTClockSourceSet)
                  000027b6    00000002     --HOLE-- [fill = 0]
                  000027b8    00000004     i2c.obj (.text:I2CMasterControl)
                  000027bc    00000004     --HOLE-- [fill = 0]
                  000027c0    00000004     i2c.obj (.text:I2CMasterDataGet)
                  000027c4    00000004     --HOLE-- [fill = 0]
                  000027c8    00000004     i2c.obj (.text:I2CMasterDataPut)
                  000027cc    00000004     --HOLE-- [fill = 0]
                  000027d0    00000004     qei.obj (.text:QEIIntClear)
                  000027d4    00000004     --HOLE-- [fill = 0]
                  000027d8    00000004     timer.obj (.text:TimerIntClear)
                  000027dc    00000004     --HOLE-- [fill = 0]
                  000027e0    00000004     uart.obj (.text:UARTIntClear)
                  000027e4    00000004     --HOLE-- [fill = 0]
                  000027e8    00000002     startup_ccs.obj (.text:FaultISR)
                  000027ea    00000006     --HOLE-- [fill = 0]
                  000027f0    00000002     startup_ccs.obj (.text:IntDefaultHandler)
                  000027f2    00000006     --HOLE-- [fill = 0]
                  000027f8    00000002     startup_ccs.obj (.text:NmiSR)
                  000027fa    00000006     --HOLE-- [fill = 0]
                  00002800    00000002     lib_EXTIisrmanagement.obj (.text:__nop)

.const     0    00002804    000004f8     
                  00002804    00000228     front.obj (.const:F6x8)
                  00002a2c    00000090     gpio.obj (.const:g_pui32GPIOBaseAddrs)
                  00002abc    0000006c     sysctl.obj (.const:g_pui32Xtals)
                  00002b28    00000050     lib_i2c.obj (.const:$P$T0$1)
                  00002b78    00000020     lib_pwm.obj (.const:$P$T0$1)
                  00002b98    00000020     lib_pwm.obj (.const:$P$T1$2)
                  00002bb8    00000020     lib_pwm.obj (.const:$P$T2$3)
                  00002bd8    00000020     lib_pwm.obj (.const:$P$T3$4)
                  00002bf8    00000020     lib_pwm.obj (.const:$P$T4$5)
                  00002c18    00000020     lib_pwm.obj (.const:$P$T5$6)
                  00002c38    00000020     lib_pwm.obj (.const:PWM_OUT_TABLE)
                  00002c58    00000018     lib_gpio.obj (.const:$P$T0$1)
                  00002c70    00000018     lib_timer.obj (.const:$P$T0$1)
                  00002c88    00000018     lib_gpio.obj (.const:$P$T1$2)
                  00002ca0    00000018     lib_gpio.obj (.const:$P$T2$3)
                  00002cb8    00000018     lib_gpio.obj (.const:$P$T3$4)
                  00002cd0    00000014     interrupt.obj (.const:g_pui32EnRegs)
                  00002ce4    0000000c     uartstdio.obj (.const:g_ui32UARTBase)
                  00002cf0    0000000c     uartstdio.obj (.const:g_ui32UARTPeriph)

.cinit     0    00002d00    00000040     
                  00002d00    0000001a     (.cinit..data.load) [load image, compression = lzss]
                  00002d1a    00000002     --HOLE-- [fill = 0]
                  00002d1c    0000000c     (__TI_handler_table)
                  00002d28    00000008     (.cinit..bss.load) [load image, compression = zero_init]
                  00002d30    00000010     (__TI_cinit_table)

.init_array 
*          0    00000000    00000000     UNINITIALIZED

.data      0    20000400    00000160     UNINITIALIZED
                  20000400    000000c0     lib_EXTIisrmanagement.obj (.data:ExtiIsrHandleTable)
                  200004c0    00000030     lib_TIMERisrmanagement.obj (.data:TimerIsrHandleTable)
                  200004f0    00000020     lib_pwm.obj (.data:GEN_PERIO_TABLE)
                  20000510    00000020     lib_UARTisrmanagement.obj (.data:UartIsrHandleTable)
                  20000530    0000001c     hc-sr04.obj (.data)
                  2000054c    00000008     lib_QEIisrmanagement.obj (.data:QeiIsrHandleTable)
                  20000554    00000005     uartstdio.obj (.data)
                  20000559    00000001     --HOLE--
                  2000055a    00000002     main.obj (.data)
                  2000055c    00000004     lib_clock.obj (.data)

.bss       0    20000560    00000008     UNINITIALIZED
                  20000560    00000008     (.common:Adata)

.stack     0    20000000    00000400     UNINITIALIZED
                  20000000    00000004     rtsv7M4_T_le_v4SPD16_eabi.lib : boot_cortex_m.c.obj (.stack)
                  20000004    000003fc     --HOLE--

.binit     0    00000000    00000000     

MODULE SUMMARY

       Module                       code   ro data   rw data
       ------                       ----   -------   -------
    .\
       startup_ccs.obj              12     620       0      
       main.obj                     230    0         10     
    +--+----------------------------+------+---------+---------+
       Total:                       242    620       10     
                                                            
    .\EK-TM4C123GXL_LIB\clock\
       lib_clock.obj                56     0         4      
    +--+----------------------------+------+---------+---------+
       Total:                       56     0         4      
                                                            
    .\EK-TM4C123GXL_LIB\gpio\
       lib_gpio.obj                 478    96        0      
    +--+----------------------------+------+---------+---------+
       Total:                       478    96        0      
                                                            
    .\EK-TM4C123GXL_LIB\i2c\
       lib_i2c.obj                  762    80        0      
    +--+----------------------------+------+---------+---------+
       Total:                       762    80        0      
                                                            
    .\EK-TM4C123GXL_LIB\isr_anagement\
       lib_EXTIisrmanagement.obj    984    0         192    
       lib_TIMERisrmanagement.obj   538    0         48     
       lib_UARTisrmanagement.obj    348    0         32     
       lib_QEIisrmanagement.obj     60     0         8      
    +--+----------------------------+------+---------+---------+
       Total:                       1930   0         280    
                                                            
    .\EK-TM4C123GXL_LIB\pwm\
       lib_pwm.obj                  672    224       32     
    +--+----------------------------+------+---------+---------+
       Total:                       672    224       32     
                                                            
    .\EK-TM4C123GXL_LIB\timer\
       lib_timer.obj                138    24        0      
    +--+----------------------------+------+---------+---------+
       Total:                       138    24        0      
                                                            
    .\EK-TM4C123GXL_LIB\uart\
       lib_uart.obj                 174    0         0      
    +--+----------------------------+------+---------+---------+
       Total:                       174    0         0      
                                                            
    .\Peripheral_LIB\GANWEI-8Bit-photocell\
       photocell.obj                44     0         0      
    +--+----------------------------+------+---------+---------+
       Total:                       44     0         0      
                                                            
    .\Peripheral_LIB\HC-SR04\
       hc-sr04.obj                  336    0         28     
    +--+----------------------------+------+---------+---------+
       Total:                       336    0         28     
                                                            
    .\Peripheral_LIB\OLED\
       oled.obj                     600    0         0      
       front.obj                    0      552       0      
    +--+----------------------------+------+---------+---------+
       Total:                       600    552       0      
                                                            
    .\driverlib\
       gpio.obj                     942    144       0      
       sysctl.obj                   978    108       0      
       timer.obj                    208    0         0      
       interrupt.obj                164    20        0      
       i2c.obj                      132    0         0      
       pwm.obj                      128    0         0      
       uart.obj                     28     0         0      
       cpu.obj                      12     0         0      
       qei.obj                      4      0         0      
    +--+----------------------------+------+---------+---------+
       Total:                       2596   272       0      
                                                            
    .\utils\
       uartstdio.obj                104    24        5      
    +--+----------------------------+------+---------+---------+
       Total:                       104    24        5      
                                                            
    C:\ti\ccs1220\ccs\tools\compiler\ti-cgt-arm_18.12.8.LTS\lib\rtsv7M4_T_le_v4SPD16_eabi.lib
       fd_div_t2.asm.obj            310    0         0      
       fd_mul_t2.asm.obj            252    0         0      
       memcpy_t2.asm.obj            156    0         0      
       copy_decompress_lzss.c.obj   104    0         0      
       autoinit.c.obj               68     0         0      
       fd_tou_t2.asm.obj            68     0         0      
       fs_tod_t2.asm.obj            56     0         0      
       boot_cortex_m.c.obj          52     0         0      
       copy_zero_init.c.obj         28     0         0      
       copy_decompress_none.c.obj   14     0         0      
       exit.c.obj                   4      0         0      
       pre_init.c.obj               4      0         0      
    +--+----------------------------+------+---------+---------+
       Total:                       1116   0         0      
                                                            
       Stack:                       0      0         1024   
       Linker Generated:            0      62        0      
    +--+----------------------------+------+---------+---------+
       Grand Total:                 9248   1954      1383   


LINKER GENERATED COPY TABLES

__TI_cinit_table @ 00002d30 records: 2, size/record: 8, table size: 16
	.data: load addr=00002d00, load size=0000001a bytes, run addr=20000400, run size=00000160 bytes, compression=lzss
	.bss: load addr=00002d28, load size=00000008 bytes, run addr=20000560, run size=00000008 bytes, compression=zero_init


LINKER GENERATED HANDLER TABLE

__TI_handler_table @ 00002d1c records: 3, size/record: 4, table size: 12
	index: 0, handler: __TI_decompress_lzss
	index: 1, handler: __TI_decompress_none
	index: 2, handler: __TI_zero_init


GLOBAL SYMBOLS: SORTED ALPHABETICALLY BY Name 

address   name                           
-------   ----                           
20000560  Adata                          
0000086d  C$$EXIT                        
2000055c  CPU_F                          
000026f1  CPUcpsie                       
20000534  EchoPin                        
20000530  EchoPort                       
20000400  ExtiIsrHandleTable             
00002804  F6x8                           
200004f0  GEN_PERIO_TABLE                
000015d1  GPIOA_ISR_Handle               
000010a1  GPIOB_ISR_Handle               
00001149  GPIOC_ISR_Handle               
000011f1  GPIOD_ISR_Handle               
00002029  GPIODirModeSet                 
00001299  GPIOE_ISR_Handle               
00001341  GPIOF_ISR_Handle               
00002791  GPIOIntClear                   
000026b1  GPIOIntDisable                 
00002701  GPIOIntEnable                  
000026c1  GPIOIntStatus                  
00001ca9  GPIOIntTypeSet                 
00000271  GPIOPadConfigSet               
00001c49  GPIOPinConfigure               
00002561  GPIOPinTypeI2C                 
00002579  GPIOPinTypeI2CSCL              
00002591  GPIOPinTypePWM                 
000025a9  GPIOPinTypeUART                
00001b21  HcSr04_EchoInit                
00001901  Hcsr04_Init                    
00001791  Hcsr04_IntIsr                  
00002771  I2CMasterBusy                  
000027b9  I2CMasterControl               
000027c1  I2CMasterDataGet               
000027c9  I2CMasterDataPut               
00002731  I2CMasterEnable                
00001b89  I2CMasterInitExpClk            
00002779  I2CMasterSlaveAddrSet          
00001671  IntEnable                      
00002609  IntMasterEnable                
000024d1  LIB_CLOCK_MainClockSet         
000024f1  LIB_CLOCK_PeripheralClockEnable
00001e29  LIB_GPIO_ExtiCtrlPin           
00000dc1  LIB_GPIO_ExtiInit              
00002621  LIB_GPIO_ExtiIsrSet            
00000e89  LIB_GPIO_Init                  
00002451  LIB_GPIO_WritePin              
00001971  LIB_I2C_Get                    
000013e9  LIB_I2C_Init                   
00001be9  LIB_I2C_Put                    
00000c09  LIB_I2C_Recive                 
00001491  LIB_I2C_Transmit               
00002621  LIB_ISR_GPIOEXTIRegister       
00002639  LIB_ISR_TIMERRegister          
000004b9  LIB_PWM_Init                   
00001709  LIB_PWM_SetPulseWidth          
00001811  LIB_TIMER_InitCycle            
00002651  LIB_TIMER_TimerEnable          
00000f41  LIB_UART_PrintfInit            
00002799  Oled_Clear                     
00002711  Oled_Cmd                       
00002669  Oled_Datas                     
00001e71  Oled_Fill                      
00000cf9  Oled_Init                      
00001d59  Oled_Pow                       
00002429  Oled_SetPos                    
00002389  Oled_ShowChar                  
00001fc9  Oled_ShowNumber                
00001889  Oled_ShowNumberBase            
00001ff9  PWMGenConfigure                
00002721  PWMGenEnable                   
00002681  PWMGenPeriodSet                
000025c1  PWMOutputState                 
00002471  PWMPulseWidthSet               
00002c38  PWM_OUT_TABLE                  
00002549  Photocell_Check                
000025d9  Photocell_ReadAnalogValue      
00002491  QEI0_ISR_Handle                
000024b1  QEI1_ISR_Handle                
000027d1  QEIIntClear                    
2000054c  QeiIsrHandleTable              
000027a1  ResetISR                       
000006d9  SysCtlClockGet                 
00000871  SysCtlClockSet                 
00001143  SysCtlDelay                    
000025f1  SysCtlPWMClockSet              
00001f61  SysCtlPeripheralEnable         
00001eb1  SysCtlPeripheralReady          
00001d01  SysCtlPeripheralReset          
000023b1  TIMER0A_ISR_Handle             
000023d9  TIMER0B_ISR_Handle             
00002059  TIMER1A_ISR_Handle             
00002089  TIMER1B_ISR_Handle             
000020b9  TIMER2A_ISR_Handle             
000020e9  TIMER2B_ISR_Handle             
00002119  TIMER3A_ISR_Handle             
00002149  TIMER3B_ISR_Handle             
00002179  TIMER4A_ISR_Handle             
000021a9  TIMER4B_ISR_Handle             
000021d9  TIMER5A_ISR_Handle             
00002209  TIMER5B_ISR_Handle             
000027a9  TimerClockSourceSet            
000019e1  TimerConfigure                 
00002529  TimerDisable                   
000026d1  TimerEnable                    
000027d9  TimerIntClear                  
00002781  TimerIntEnable                 
00002741  TimerIntStatus                 
200004c0  TimerIsrHandleTable            
00002699  TimerLoadSet                   
00002751  TimerValueGet                  
2000053c  TrigPin                        
20000538  TrigPort                       
00002239  UART0_ISR_Handle               
00002269  UART1_ISR_Handle               
00002299  UART2_ISR_Handle               
000022c9  UART3_ISR_Handle               
00002401  UART4_ISR_Handle               
000022f9  UART5_ISR_Handle               
00002329  UART6_ISR_Handle               
00002359  UART7_ISR_Handle               
000027b1  UARTClockSourceSet             
000027e1  UARTIntClear                   
00002789  UARTIntEnable                  
00002761  UARTIntStatus                  
00001a51  UARTStdioConfig                
20000510  UartIsrHandleTable             
20000400  __STACK_END                    
00000400  __STACK_SIZE                   
20000200  __STACK_TOP                    
00002d30  __TI_CINIT_Base                
00002d40  __TI_CINIT_Limit               
00002d1c  __TI_Handler_Table_Base        
00002d28  __TI_Handler_Table_Limit       
00001d9d  __TI_auto_init_nobinit_nopinit 
00001ab9  __TI_decompress_lzss           
000026df  __TI_decompress_none           
ffffffff  __TI_pprof_out_hndl            
ffffffff  __TI_prof_data_size            
ffffffff  __TI_prof_data_start           
00000000  __TI_static_base__             
0000250d  __TI_zero_init_nomemset        
00001de1  __aeabi_d2uiz                  
000009d5  __aeabi_ddiv                   
00000b0b  __aeabi_dmul                   
00001f29  __aeabi_f2d                    
0000152f  __aeabi_memcpy                 
0000152f  __aeabi_memcpy4                
0000152f  __aeabi_memcpy8                
ffffffff  __binit__                      
ffffffff  __c_args__                     
UNDEFED   __mpu_init                     
00002801  __nop                          
20000000  __stack                        
00001f95  _c_int00_noargs                
UNDEFED   _system_post_cinit             
000006d5  _system_pre_init               
0000086d  abort                          
ffffffff  binit                          
20000540  flag                           
00000000  g_pfnVectors                   
2000055a  i                              
00000ff1  main                           
0000152f  memcpy                         
00001ef1  motor_control                  
20000544  p1                             
20000548  p2                             


GLOBAL SYMBOLS: SORTED BY Symbol Address 

address   name                           
-------   ----                           
00000000  __TI_static_base__             
00000000  g_pfnVectors                   
00000271  GPIOPadConfigSet               
00000400  __STACK_SIZE                   
000004b9  LIB_PWM_Init                   
000006d5  _system_pre_init               
000006d9  SysCtlClockGet                 
0000086d  C$$EXIT                        
0000086d  abort                          
00000871  SysCtlClockSet                 
000009d5  __aeabi_ddiv                   
00000b0b  __aeabi_dmul                   
00000c09  LIB_I2C_Recive                 
00000cf9  Oled_Init                      
00000dc1  LIB_GPIO_ExtiInit              
00000e89  LIB_GPIO_Init                  
00000f41  LIB_UART_PrintfInit            
00000ff1  main                           
000010a1  GPIOB_ISR_Handle               
00001143  SysCtlDelay                    
00001149  GPIOC_ISR_Handle               
000011f1  GPIOD_ISR_Handle               
00001299  GPIOE_ISR_Handle               
00001341  GPIOF_ISR_Handle               
000013e9  LIB_I2C_Init                   
00001491  LIB_I2C_Transmit               
0000152f  __aeabi_memcpy                 
0000152f  __aeabi_memcpy4                
0000152f  __aeabi_memcpy8                
0000152f  memcpy                         
000015d1  GPIOA_ISR_Handle               
00001671  IntEnable                      
00001709  LIB_PWM_SetPulseWidth          
00001791  Hcsr04_IntIsr                  
00001811  LIB_TIMER_InitCycle            
00001889  Oled_ShowNumberBase            
00001901  Hcsr04_Init                    
00001971  LIB_I2C_Get                    
000019e1  TimerConfigure                 
00001a51  UARTStdioConfig                
00001ab9  __TI_decompress_lzss           
00001b21  HcSr04_EchoInit                
00001b89  I2CMasterInitExpClk            
00001be9  LIB_I2C_Put                    
00001c49  GPIOPinConfigure               
00001ca9  GPIOIntTypeSet                 
00001d01  SysCtlPeripheralReset          
00001d59  Oled_Pow                       
00001d9d  __TI_auto_init_nobinit_nopinit 
00001de1  __aeabi_d2uiz                  
00001e29  LIB_GPIO_ExtiCtrlPin           
00001e71  Oled_Fill                      
00001eb1  SysCtlPeripheralReady          
00001ef1  motor_control                  
00001f29  __aeabi_f2d                    
00001f61  SysCtlPeripheralEnable         
00001f95  _c_int00_noargs                
00001fc9  Oled_ShowNumber                
00001ff9  PWMGenConfigure                
00002029  GPIODirModeSet                 
00002059  TIMER1A_ISR_Handle             
00002089  TIMER1B_ISR_Handle             
000020b9  TIMER2A_ISR_Handle             
000020e9  TIMER2B_ISR_Handle             
00002119  TIMER3A_ISR_Handle             
00002149  TIMER3B_ISR_Handle             
00002179  TIMER4A_ISR_Handle             
000021a9  TIMER4B_ISR_Handle             
000021d9  TIMER5A_ISR_Handle             
00002209  TIMER5B_ISR_Handle             
00002239  UART0_ISR_Handle               
00002269  UART1_ISR_Handle               
00002299  UART2_ISR_Handle               
000022c9  UART3_ISR_Handle               
000022f9  UART5_ISR_Handle               
00002329  UART6_ISR_Handle               
00002359  UART7_ISR_Handle               
00002389  Oled_ShowChar                  
000023b1  TIMER0A_ISR_Handle             
000023d9  TIMER0B_ISR_Handle             
00002401  UART4_ISR_Handle               
00002429  Oled_SetPos                    
00002451  LIB_GPIO_WritePin              
00002471  PWMPulseWidthSet               
00002491  QEI0_ISR_Handle                
000024b1  QEI1_ISR_Handle                
000024d1  LIB_CLOCK_MainClockSet         
000024f1  LIB_CLOCK_PeripheralClockEnable
0000250d  __TI_zero_init_nomemset        
00002529  TimerDisable                   
00002549  Photocell_Check                
00002561  GPIOPinTypeI2C                 
00002579  GPIOPinTypeI2CSCL              
00002591  GPIOPinTypePWM                 
000025a9  GPIOPinTypeUART                
000025c1  PWMOutputState                 
000025d9  Photocell_ReadAnalogValue      
000025f1  SysCtlPWMClockSet              
00002609  IntMasterEnable                
00002621  LIB_GPIO_ExtiIsrSet            
00002621  LIB_ISR_GPIOEXTIRegister       
00002639  LIB_ISR_TIMERRegister          
00002651  LIB_TIMER_TimerEnable          
00002669  Oled_Datas                     
00002681  PWMGenPeriodSet                
00002699  TimerLoadSet                   
000026b1  GPIOIntDisable                 
000026c1  GPIOIntStatus                  
000026d1  TimerEnable                    
000026df  __TI_decompress_none           
000026f1  CPUcpsie                       
00002701  GPIOIntEnable                  
00002711  Oled_Cmd                       
00002721  PWMGenEnable                   
00002731  I2CMasterEnable                
00002741  TimerIntStatus                 
00002751  TimerValueGet                  
00002761  UARTIntStatus                  
00002771  I2CMasterBusy                  
00002779  I2CMasterSlaveAddrSet          
00002781  TimerIntEnable                 
00002789  UARTIntEnable                  
00002791  GPIOIntClear                   
00002799  Oled_Clear                     
000027a1  ResetISR                       
000027a9  TimerClockSourceSet            
000027b1  UARTClockSourceSet             
000027b9  I2CMasterControl               
000027c1  I2CMasterDataGet               
000027c9  I2CMasterDataPut               
000027d1  QEIIntClear                    
000027d9  TimerIntClear                  
000027e1  UARTIntClear                   
00002801  __nop                          
00002804  F6x8                           
00002c38  PWM_OUT_TABLE                  
00002d1c  __TI_Handler_Table_Base        
00002d28  __TI_Handler_Table_Limit       
00002d30  __TI_CINIT_Base                
00002d40  __TI_CINIT_Limit               
20000000  __stack                        
20000200  __STACK_TOP                    
20000400  ExtiIsrHandleTable             
20000400  __STACK_END                    
200004c0  TimerIsrHandleTable            
200004f0  GEN_PERIO_TABLE                
20000510  UartIsrHandleTable             
20000530  EchoPort                       
20000534  EchoPin                        
20000538  TrigPort                       
2000053c  TrigPin                        
20000540  flag                           
20000544  p1                             
20000548  p2                             
2000054c  QeiIsrHandleTable              
2000055a  i                              
2000055c  CPU_F                          
20000560  Adata                          
ffffffff  __TI_pprof_out_hndl            
ffffffff  __TI_prof_data_size            
ffffffff  __TI_prof_data_start           
ffffffff  __binit__                      
ffffffff  __c_args__                     
ffffffff  binit                          
UNDEFED   __mpu_init                     
UNDEFED   _system_post_cinit             

[166 symbols]
