******************************************************************************
                  TI ARM Linker PC v18.12.8                    
******************************************************************************
>> Linked Tue Jul 11 15:30:27 2023

OUTPUT FILE NAME:   <EK-TM4C123GXL_LIB_TEST.out>
ENTRY POINT SYMBOL: "_c_int00_noargs"  address: 0000190d


MEMORY CONFIGURATION

         name            origin    length      used     unused   attr    fill
----------------------  --------  ---------  --------  --------  ----  --------
  FLASH                 00000000   00040000  00002152  0003deae  R  X
  SRAM                  20000000   00008000  00000544  00007abc  RW X


SEGMENT ALLOCATION MAP

run origin  load origin   length   init length attrs members
----------  ----------- ---------- ----------- ----- -------
00000000    00000000    0000215c   0000215c    r-x
  00000000    00000000    0000026c   0000026c    r-- .intvecs
  00000270    00000270    00001cba   00001cba    r-x .text
  00001f2c    00001f2c    00000208   00000208    r-- .const
  00002138    00002138    00000024   00000024    r-- .cinit
20000000    20000000    00000544   00000000    rw-
  20000000    20000000    00000400   00000000    rw- .stack
  20000400    20000400    00000144   00000000    rw- .data


SECTION ALLOCATION MAP

 output                                  attributes/
section   page    origin      length       input sections
--------  ----  ----------  ----------   ----------------
.intvecs   0    00000000    0000026c     
                  00000000    0000026c     startup_ccs.obj (.intvecs)

.text      0    00000270    00001cba     
                  00000270    0000031e     uartstdio.obj (.text:UARTvprintf)
                  0000058e    00000002     rtsv7M4_T_le_v4SPD16_eabi.lib : div0.asm.obj (.text)
                  00000590    00000248     gpio.obj (.text:GPIOPadConfigSet)
                  000007d8    0000021c     lib_pwm.obj (.text:LIB_PWM_Init)
                  000009f4    00000004     rtsv7M4_T_le_v4SPD16_eabi.lib : pre_init.c.obj (.text:_system_pre_init)
                  000009f8    00000194     sysctl.obj (.text:SysCtlClockGet)
                  00000b8c    00000004     rtsv7M4_T_le_v4SPD16_eabi.lib : exit.c.obj (.text:abort:abort)
                  00000b90    00000164     sysctl.obj (.text:SysCtlClockSet)
                  00000cf4    00000136     rtsv7M4_T_le_v4SPD16_eabi.lib : fd_div_t2.asm.obj (.text)
                  00000e2a    000000fc                                   : fd_mul_t2.asm.obj (.text)
                  00000f26    00000002     --HOLE-- [fill = 0]
                  00000f28    000000ae     lib_uart.obj (.text:LIB_UART_PrintfInit)
                  00000fd6    00000002     --HOLE-- [fill = 0]
                  00000fd8    000000a2     lib_EXTIisrmanagement.obj (.text:GPIOB_ISR_Handle)
                  0000107a    00000006     sysctl.obj (.text:SysCtlDelay)
                  00001080    000000a2     lib_EXTIisrmanagement.obj (.text:GPIOC_ISR_Handle)
                  00001122    00000006     --HOLE-- [fill = 0]
                  00001128    000000a2     lib_EXTIisrmanagement.obj (.text:GPIOD_ISR_Handle)
                  000011ca    00000006     --HOLE-- [fill = 0]
                  000011d0    000000a2     lib_EXTIisrmanagement.obj (.text:GPIOE_ISR_Handle)
                  00001272    00000006     --HOLE-- [fill = 0]
                  00001278    000000a2     lib_EXTIisrmanagement.obj (.text:GPIOF_ISR_Handle)
                  0000131a    0000009c     rtsv7M4_T_le_v4SPD16_eabi.lib : memcpy_t2.asm.obj (.text)
                  000013b6    00000002     --HOLE-- [fill = 0]
                  000013b8    0000009a     lib_EXTIisrmanagement.obj (.text:GPIOA_ISR_Handle)
                  00001452    00000006     --HOLE-- [fill = 0]
                  00001458    00000092     interrupt.obj (.text:IntEnable)
                  000014ea    00000006     --HOLE-- [fill = 0]
                  000014f0    0000008e     main.obj (.text:main)
                  0000157e    00000002     --HOLE-- [fill = 0]
                  00001580    00000084     lib_pwm.obj (.text:LIB_PWM_SetPulseWidth)
                  00001604    00000004     --HOLE-- [fill = 0]
                  00001608    00000068     uartstdio.obj (.text:UARTStdioConfig)
                  00001670    00000068     rtsv7M4_T_le_v4SPD16_eabi.lib : copy_decompress_lzss.c.obj (.text:decompress:lzss:__TI_decompress_lzss)
                  000016d8    0000005c     gpio.obj (.text:GPIOPinConfigure)
                  00001734    00000004     --HOLE-- [fill = 0]
                  00001738    0000005a     uartstdio.obj (.text:UARTwrite)
                  00001792    00000002     --HOLE-- [fill = 0]
                  00001794    00000044     rtsv7M4_T_le_v4SPD16_eabi.lib : autoinit.c.obj (.text:__TI_auto_init_nobinit_nopinit:__TI_auto_init_nobinit_nopinit)
                  000017d8    00000044                                   : fd_tou_t2.asm.obj (.text)
                  0000181c    00000040                                   : u_divt2.asm.obj (.text)
                  0000185c    00000004     --HOLE-- [fill = 0]
                  00001860    0000003a     sysctl.obj (.text:SysCtlPeripheralReady)
                  0000189a    00000038     rtsv7M4_T_le_v4SPD16_eabi.lib : fs_tod_t2.asm.obj (.text)
                  000018d2    00000006     --HOLE-- [fill = 0]
                  000018d8    00000034     sysctl.obj (.text:SysCtlPeripheralEnable)
                  0000190c    00000034     rtsv7M4_T_le_v4SPD16_eabi.lib : boot_cortex_m.c.obj (.text:_c_int00_noargs:_c_int00_noargs)
                  00001940    0000002e     pwm.obj (.text:PWMGenConfigure)
                  0000196e    00000002     --HOLE-- [fill = 0]
                  00001970    0000002c     gpio.obj (.text:GPIODirModeSet)
                  0000199c    00000004     --HOLE-- [fill = 0]
                  000019a0    0000002c     lib_TIMERisrmanagement.obj (.text:TIMER1A_ISR_Handle)
                  000019cc    00000004     --HOLE-- [fill = 0]
                  000019d0    0000002c     lib_TIMERisrmanagement.obj (.text:TIMER1B_ISR_Handle)
                  000019fc    00000004     --HOLE-- [fill = 0]
                  00001a00    0000002c     lib_TIMERisrmanagement.obj (.text:TIMER2A_ISR_Handle)
                  00001a2c    00000004     --HOLE-- [fill = 0]
                  00001a30    0000002c     lib_TIMERisrmanagement.obj (.text:TIMER2B_ISR_Handle)
                  00001a5c    00000004     --HOLE-- [fill = 0]
                  00001a60    0000002c     lib_TIMERisrmanagement.obj (.text:TIMER3A_ISR_Handle)
                  00001a8c    00000004     --HOLE-- [fill = 0]
                  00001a90    0000002c     lib_TIMERisrmanagement.obj (.text:TIMER3B_ISR_Handle)
                  00001abc    00000004     --HOLE-- [fill = 0]
                  00001ac0    0000002c     lib_TIMERisrmanagement.obj (.text:TIMER4A_ISR_Handle)
                  00001aec    00000004     --HOLE-- [fill = 0]
                  00001af0    0000002c     lib_TIMERisrmanagement.obj (.text:TIMER4B_ISR_Handle)
                  00001b1c    00000004     --HOLE-- [fill = 0]
                  00001b20    0000002c     lib_TIMERisrmanagement.obj (.text:TIMER5A_ISR_Handle)
                  00001b4c    00000004     --HOLE-- [fill = 0]
                  00001b50    0000002c     lib_TIMERisrmanagement.obj (.text:TIMER5B_ISR_Handle)
                  00001b7c    00000004     --HOLE-- [fill = 0]
                  00001b80    0000002c     lib_UARTisrmanagement.obj (.text:UART0_ISR_Handle)
                  00001bac    00000004     --HOLE-- [fill = 0]
                  00001bb0    0000002c     lib_UARTisrmanagement.obj (.text:UART1_ISR_Handle)
                  00001bdc    00000004     --HOLE-- [fill = 0]
                  00001be0    0000002c     lib_UARTisrmanagement.obj (.text:UART2_ISR_Handle)
                  00001c0c    00000004     --HOLE-- [fill = 0]
                  00001c10    0000002c     lib_UARTisrmanagement.obj (.text:UART3_ISR_Handle)
                  00001c3c    00000004     --HOLE-- [fill = 0]
                  00001c40    0000002c     lib_UARTisrmanagement.obj (.text:UART5_ISR_Handle)
                  00001c6c    00000004     --HOLE-- [fill = 0]
                  00001c70    0000002c     lib_UARTisrmanagement.obj (.text:UART6_ISR_Handle)
                  00001c9c    00000004     --HOLE-- [fill = 0]
                  00001ca0    0000002c     lib_UARTisrmanagement.obj (.text:UART7_ISR_Handle)
                  00001ccc    00000004     --HOLE-- [fill = 0]
                  00001cd0    00000028     lib_TIMERisrmanagement.obj (.text:TIMER0A_ISR_Handle)
                  00001cf8    00000028     lib_TIMERisrmanagement.obj (.text:TIMER0B_ISR_Handle)
                  00001d20    00000028     lib_UARTisrmanagement.obj (.text:UART4_ISR_Handle)
                  00001d48    0000001e     pwm.obj (.text:PWMPulseWidthSet)
                  00001d66    00000002     --HOLE-- [fill = 0]
                  00001d68    0000001e     lib_QEIisrmanagement.obj (.text:QEI0_ISR_Handle)
                  00001d86    00000002     --HOLE-- [fill = 0]
                  00001d88    0000001e     lib_QEIisrmanagement.obj (.text:QEI1_ISR_Handle)
                  00001da6    00000002     --HOLE-- [fill = 0]
                  00001da8    0000001c     lib_clock.obj (.text:LIB_CLOCK_MainClockSet)
                  00001dc4    00000004     --HOLE-- [fill = 0]
                  00001dc8    0000001a     uartstdio.obj (.text:UARTprintf)
                  00001de2    00000006     --HOLE-- [fill = 0]
                  00001de8    00000016     gpio.obj (.text:GPIOPinTypePWM)
                  00001dfe    00000002     --HOLE-- [fill = 0]
                  00001e00    00000016     gpio.obj (.text:GPIOPinTypeUART)
                  00001e16    00000002     --HOLE-- [fill = 0]
                  00001e18    00000016     pwm.obj (.text:PWMOutputState)
                  00001e2e    00000002     --HOLE-- [fill = 0]
                  00001e30    00000014     sysctl.obj (.text:SysCtlPWMClockSet)
                  00001e44    00000004     --HOLE-- [fill = 0]
                  00001e48    00000012     interrupt.obj (.text:IntMasterEnable)
                  00001e5a    00000006     --HOLE-- [fill = 0]
                  00001e60    00000012     pwm.obj (.text:PWMGenPeriodSet)
                  00001e72    00000006     --HOLE-- [fill = 0]
                  00001e78    0000000e     gpio.obj (.text:GPIOIntStatus)
                  00001e86    0000000e     rtsv7M4_T_le_v4SPD16_eabi.lib : copy_decompress_none.c.obj (.text:decompress:none:__TI_decompress_none)
                  00001e94    00000004     --HOLE-- [fill = 0]
                  00001e98    0000000c     cpu.obj (.text:CPUcpsie)
                  00001ea4    00000004     --HOLE-- [fill = 0]
                  00001ea8    0000000c     pwm.obj (.text:PWMGenEnable)
                  00001eb4    00000004     --HOLE-- [fill = 0]
                  00001eb8    0000000a     timer.obj (.text:TimerIntStatus)
                  00001ec2    00000006     --HOLE-- [fill = 0]
                  00001ec8    0000000a     uart.obj (.text:UARTIntStatus)
                  00001ed2    00000006     --HOLE-- [fill = 0]
                  00001ed8    00000008     uart.obj (.text:UARTIntEnable)
                  00001ee0    00000006     gpio.obj (.text:GPIOIntClear)
                  00001ee6    00000002     --HOLE-- [fill = 0]
                  00001ee8    00000006     startup_ccs.obj (.text:ResetISR)
                  00001eee    00000002     --HOLE-- [fill = 0]
                  00001ef0    00000006     uart.obj (.text:UARTClockSourceSet)
                  00001ef6    00000002     --HOLE-- [fill = 0]
                  00001ef8    00000004     qei.obj (.text:QEIIntClear)
                  00001efc    00000004     --HOLE-- [fill = 0]
                  00001f00    00000004     timer.obj (.text:TimerIntClear)
                  00001f04    00000004     --HOLE-- [fill = 0]
                  00001f08    00000004     uart.obj (.text:UARTIntClear)
                  00001f0c    00000004     --HOLE-- [fill = 0]
                  00001f10    00000002     startup_ccs.obj (.text:FaultISR)
                  00001f12    00000006     --HOLE-- [fill = 0]
                  00001f18    00000002     startup_ccs.obj (.text:IntDefaultHandler)
                  00001f1a    00000006     --HOLE-- [fill = 0]
                  00001f20    00000002     startup_ccs.obj (.text:NmiSR)
                  00001f22    00000006     --HOLE-- [fill = 0]
                  00001f28    00000002     lib_EXTIisrmanagement.obj (.text:__nop)

.const     0    00001f2c    00000208     
                  00001f2c    00000090     gpio.obj (.const:g_pui32GPIOBaseAddrs)
                  00001fbc    0000006c     sysctl.obj (.const:g_pui32Xtals)
                  00002028    00000020     lib_pwm.obj (.const:$P$T0$1)
                  00002048    00000020     lib_pwm.obj (.const:$P$T1$2)
                  00002068    00000020     lib_pwm.obj (.const:$P$T2$3)
                  00002088    00000020     lib_pwm.obj (.const:$P$T3$4)
                  000020a8    00000020     lib_pwm.obj (.const:$P$T4$5)
                  000020c8    00000020     lib_pwm.obj (.const:$P$T5$6)
                  000020e8    00000020     lib_pwm.obj (.const:PWM_OUT_TABLE)
                  00002108    00000014     interrupt.obj (.const:g_pui32EnRegs)
                  0000211c    0000000c     uartstdio.obj (.const:g_ui32UARTBase)
                  00002128    0000000c     uartstdio.obj (.const:g_ui32UARTPeriph)

.cinit     0    00002138    00000024     
                  00002138    00000012     (.cinit..data.load) [load image, compression = lzss]
                  0000214a    00000002     --HOLE-- [fill = 0]
                  0000214c    00000008     (__TI_handler_table)
                  00002154    00000008     (__TI_cinit_table)

.init_array 
*          0    00000000    00000000     UNINITIALIZED

.data      0    20000400    00000144     UNINITIALIZED
                  20000400    000000c0     lib_EXTIisrmanagement.obj (.data:ExtiIsrHandleTable)
                  200004c0    00000030     lib_TIMERisrmanagement.obj (.data:TimerIsrHandleTable)
                  200004f0    00000020     lib_pwm.obj (.data:GEN_PERIO_TABLE)
                  20000510    00000020     lib_UARTisrmanagement.obj (.data:UartIsrHandleTable)
                  20000530    00000008     lib_QEIisrmanagement.obj (.data:QeiIsrHandleTable)
                  20000538    00000005     uartstdio.obj (.data)
                  2000053d    00000001     --HOLE--
                  2000053e    00000002     main.obj (.data)
                  20000540    00000004     lib_clock.obj (.data)

.stack     0    20000000    00000400     UNINITIALIZED
                  20000000    00000004     rtsv7M4_T_le_v4SPD16_eabi.lib : boot_cortex_m.c.obj (.stack)
                  20000004    000003fc     --HOLE--

.binit     0    00000000    00000000     

MODULE SUMMARY

       Module                       code   ro data   rw data
       ------                       ----   -------   -------
    .\
       startup_ccs.obj              12     620       0      
       main.obj                     142    0         2      
    +--+----------------------------+------+---------+---------+
       Total:                       154    620       2      
                                                            
    .\EK-TM4C123GXL_LIB\clock\
       lib_clock.obj                28     0         4      
    +--+----------------------------+------+---------+---------+
       Total:                       28     0         4      
                                                            
    .\EK-TM4C123GXL_LIB\isr_anagement\
       lib_EXTIisrmanagement.obj    966    0         192    
       lib_TIMERisrmanagement.obj   520    0         48     
       lib_UARTisrmanagement.obj    348    0         32     
       lib_QEIisrmanagement.obj     60     0         8      
    +--+----------------------------+------+---------+---------+
       Total:                       1894   0         280    
                                                            
    .\EK-TM4C123GXL_LIB\pwm\
       lib_pwm.obj                  672    224       32     
    +--+----------------------------+------+---------+---------+
       Total:                       672    224       32     
                                                            
    .\EK-TM4C123GXL_LIB\uart\
       lib_uart.obj                 174    0         0      
    +--+----------------------------+------+---------+---------+
       Total:                       174    0         0      
                                                            
    .\driverlib\
       sysctl.obj                   896    108       0      
       gpio.obj                     784    144       0      
       interrupt.obj                164    20        0      
       pwm.obj                      128    0         0      
       uart.obj                     28     0         0      
       timer.obj                    14     0         0      
       cpu.obj                      12     0         0      
       qei.obj                      4      0         0      
    +--+----------------------------+------+---------+---------+
       Total:                       2030   272       0      
                                                            
    .\utils\
       uartstdio.obj                1018   24        5      
    +--+----------------------------+------+---------+---------+
       Total:                       1018   24        5      
                                                            
    C:\ti\ccs1220\ccs\tools\compiler\ti-cgt-arm_18.12.8.LTS\lib\rtsv7M4_T_le_v4SPD16_eabi.lib
       fd_div_t2.asm.obj            310    0         0      
       fd_mul_t2.asm.obj            252    0         0      
       memcpy_t2.asm.obj            156    0         0      
       copy_decompress_lzss.c.obj   104    0         0      
       autoinit.c.obj               68     0         0      
       fd_tou_t2.asm.obj            68     0         0      
       u_divt2.asm.obj              64     0         0      
       fs_tod_t2.asm.obj            56     0         0      
       boot_cortex_m.c.obj          52     0         0      
       copy_decompress_none.c.obj   14     0         0      
       exit.c.obj                   4      0         0      
       pre_init.c.obj               4      0         0      
       div0.asm.obj                 2      0         0      
    +--+----------------------------+------+---------+---------+
       Total:                       1154   0         0      
                                                            
       Stack:                       0      0         1024   
       Linker Generated:            0      34        0      
    +--+----------------------------+------+---------+---------+
       Grand Total:                 7124   1174      1347   


LINKER GENERATED COPY TABLES

__TI_cinit_table @ 00002154 records: 1, size/record: 8, table size: 8
	.data: load addr=00002138, load size=00000012 bytes, run addr=20000400, run size=00000144 bytes, compression=lzss


LINKER GENERATED HANDLER TABLE

__TI_handler_table @ 0000214c records: 2, size/record: 4, table size: 8
	index: 0, handler: __TI_decompress_lzss
	index: 1, handler: __TI_decompress_none


GLOBAL SYMBOLS: SORTED ALPHABETICALLY BY Name 

address   name                          
-------   ----                          
00000b8d  C$$EXIT                       
20000540  CPU_F                         
00001e99  CPUcpsie                      
20000400  ExtiIsrHandleTable            
200004f0  GEN_PERIO_TABLE               
000013b9  GPIOA_ISR_Handle              
00000fd9  GPIOB_ISR_Handle              
00001081  GPIOC_ISR_Handle              
00001129  GPIOD_ISR_Handle              
00001971  GPIODirModeSet                
000011d1  GPIOE_ISR_Handle              
00001279  GPIOF_ISR_Handle              
00001ee1  GPIOIntClear                  
00001e79  GPIOIntStatus                 
00000591  GPIOPadConfigSet              
000016d9  GPIOPinConfigure              
00001de9  GPIOPinTypePWM                
00001e01  GPIOPinTypeUART               
00001459  IntEnable                     
00001e49  IntMasterEnable               
00001da9  LIB_CLOCK_MainClockSet        
000007d9  LIB_PWM_Init                  
00001581  LIB_PWM_SetPulseWidth         
00000f29  LIB_UART_PrintfInit           
00001941  PWMGenConfigure               
00001ea9  PWMGenEnable                  
00001e61  PWMGenPeriodSet               
00001e19  PWMOutputState                
00001d49  PWMPulseWidthSet              
000020e8  PWM_OUT_TABLE                 
00001d69  QEI0_ISR_Handle               
00001d89  QEI1_ISR_Handle               
00001ef9  QEIIntClear                   
20000530  QeiIsrHandleTable             
00001ee9  ResetISR                      
000009f9  SysCtlClockGet                
00000b91  SysCtlClockSet                
0000107b  SysCtlDelay                   
00001e31  SysCtlPWMClockSet             
000018d9  SysCtlPeripheralEnable        
00001861  SysCtlPeripheralReady         
00001cd1  TIMER0A_ISR_Handle            
00001cf9  TIMER0B_ISR_Handle            
000019a1  TIMER1A_ISR_Handle            
000019d1  TIMER1B_ISR_Handle            
00001a01  TIMER2A_ISR_Handle            
00001a31  TIMER2B_ISR_Handle            
00001a61  TIMER3A_ISR_Handle            
00001a91  TIMER3B_ISR_Handle            
00001ac1  TIMER4A_ISR_Handle            
00001af1  TIMER4B_ISR_Handle            
00001b21  TIMER5A_ISR_Handle            
00001b51  TIMER5B_ISR_Handle            
00001f01  TimerIntClear                 
00001eb9  TimerIntStatus                
200004c0  TimerIsrHandleTable           
00001b81  UART0_ISR_Handle              
00001bb1  UART1_ISR_Handle              
00001be1  UART2_ISR_Handle              
00001c11  UART3_ISR_Handle              
00001d21  UART4_ISR_Handle              
00001c41  UART5_ISR_Handle              
00001c71  UART6_ISR_Handle              
00001ca1  UART7_ISR_Handle              
00001ef1  UARTClockSourceSet            
00001f09  UARTIntClear                  
00001ed9  UARTIntEnable                 
00001ec9  UARTIntStatus                 
00001609  UARTStdioConfig               
00001dc9  UARTprintf                    
00000271  UARTvprintf                   
00001739  UARTwrite                     
20000510  UartIsrHandleTable            
20000400  __STACK_END                   
00000400  __STACK_SIZE                  
20000200  __STACK_TOP                   
00002154  __TI_CINIT_Base               
0000215c  __TI_CINIT_Limit              
0000214c  __TI_Handler_Table_Base       
00002154  __TI_Handler_Table_Limit      
00001795  __TI_auto_init_nobinit_nopinit
00001671  __TI_decompress_lzss          
00001e87  __TI_decompress_none          
ffffffff  __TI_pprof_out_hndl           
ffffffff  __TI_prof_data_size           
ffffffff  __TI_prof_data_start          
00000000  __TI_static_base__            
000017d9  __aeabi_d2uiz                 
00000cf5  __aeabi_ddiv                  
00000e2b  __aeabi_dmul                  
0000189b  __aeabi_f2d                   
0000058f  __aeabi_idiv0                 
0000058f  __aeabi_ldiv0                 
0000131b  __aeabi_memcpy                
0000131b  __aeabi_memcpy4               
0000131b  __aeabi_memcpy8               
0000181d  __aeabi_uidiv                 
0000181d  __aeabi_uidivmod              
ffffffff  __binit__                     
ffffffff  __c_args__                    
UNDEFED   __mpu_init                    
00001f29  __nop                         
20000000  __stack                       
0000190d  _c_int00_noargs               
UNDEFED   _system_post_cinit            
000009f5  _system_pre_init              
00000b8d  abort                         
ffffffff  binit                         
00000000  g_pfnVectors                  
2000053e  i                             
000014f1  main                          
0000131b  memcpy                        


GLOBAL SYMBOLS: SORTED BY Symbol Address 

address   name                          
-------   ----                          
00000000  __TI_static_base__            
00000000  g_pfnVectors                  
00000271  UARTvprintf                   
00000400  __STACK_SIZE                  
0000058f  __aeabi_idiv0                 
0000058f  __aeabi_ldiv0                 
00000591  GPIOPadConfigSet              
000007d9  LIB_PWM_Init                  
000009f5  _system_pre_init              
000009f9  SysCtlClockGet                
00000b8d  C$$EXIT                       
00000b8d  abort                         
00000b91  SysCtlClockSet                
00000cf5  __aeabi_ddiv                  
00000e2b  __aeabi_dmul                  
00000f29  LIB_UART_PrintfInit           
00000fd9  GPIOB_ISR_Handle              
0000107b  SysCtlDelay                   
00001081  GPIOC_ISR_Handle              
00001129  GPIOD_ISR_Handle              
000011d1  GPIOE_ISR_Handle              
00001279  GPIOF_ISR_Handle              
0000131b  __aeabi_memcpy                
0000131b  __aeabi_memcpy4               
0000131b  __aeabi_memcpy8               
0000131b  memcpy                        
000013b9  GPIOA_ISR_Handle              
00001459  IntEnable                     
000014f1  main                          
00001581  LIB_PWM_SetPulseWidth         
00001609  UARTStdioConfig               
00001671  __TI_decompress_lzss          
000016d9  GPIOPinConfigure              
00001739  UARTwrite                     
00001795  __TI_auto_init_nobinit_nopinit
000017d9  __aeabi_d2uiz                 
0000181d  __aeabi_uidiv                 
0000181d  __aeabi_uidivmod              
00001861  SysCtlPeripheralReady         
0000189b  __aeabi_f2d                   
000018d9  SysCtlPeripheralEnable        
0000190d  _c_int00_noargs               
00001941  PWMGenConfigure               
00001971  GPIODirModeSet                
000019a1  TIMER1A_ISR_Handle            
000019d1  TIMER1B_ISR_Handle            
00001a01  TIMER2A_ISR_Handle            
00001a31  TIMER2B_ISR_Handle            
00001a61  TIMER3A_ISR_Handle            
00001a91  TIMER3B_ISR_Handle            
00001ac1  TIMER4A_ISR_Handle            
00001af1  TIMER4B_ISR_Handle            
00001b21  TIMER5A_ISR_Handle            
00001b51  TIMER5B_ISR_Handle            
00001b81  UART0_ISR_Handle              
00001bb1  UART1_ISR_Handle              
00001be1  UART2_ISR_Handle              
00001c11  UART3_ISR_Handle              
00001c41  UART5_ISR_Handle              
00001c71  UART6_ISR_Handle              
00001ca1  UART7_ISR_Handle              
00001cd1  TIMER0A_ISR_Handle            
00001cf9  TIMER0B_ISR_Handle            
00001d21  UART4_ISR_Handle              
00001d49  PWMPulseWidthSet              
00001d69  QEI0_ISR_Handle               
00001d89  QEI1_ISR_Handle               
00001da9  LIB_CLOCK_MainClockSet        
00001dc9  UARTprintf                    
00001de9  GPIOPinTypePWM                
00001e01  GPIOPinTypeUART               
00001e19  PWMOutputState                
00001e31  SysCtlPWMClockSet             
00001e49  IntMasterEnable               
00001e61  PWMGenPeriodSet               
00001e79  GPIOIntStatus                 
00001e87  __TI_decompress_none          
00001e99  CPUcpsie                      
00001ea9  PWMGenEnable                  
00001eb9  TimerIntStatus                
00001ec9  UARTIntStatus                 
00001ed9  UARTIntEnable                 
00001ee1  GPIOIntClear                  
00001ee9  ResetISR                      
00001ef1  UARTClockSourceSet            
00001ef9  QEIIntClear                   
00001f01  TimerIntClear                 
00001f09  UARTIntClear                  
00001f29  __nop                         
000020e8  PWM_OUT_TABLE                 
0000214c  __TI_Handler_Table_Base       
00002154  __TI_CINIT_Base               
00002154  __TI_Handler_Table_Limit      
0000215c  __TI_CINIT_Limit              
20000000  __stack                       
20000200  __STACK_TOP                   
20000400  ExtiIsrHandleTable            
20000400  __STACK_END                   
200004c0  TimerIsrHandleTable           
200004f0  GEN_PERIO_TABLE               
20000510  UartIsrHandleTable            
20000530  QeiIsrHandleTable             
2000053e  i                             
20000540  CPU_F                         
ffffffff  __TI_pprof_out_hndl           
ffffffff  __TI_prof_data_size           
ffffffff  __TI_prof_data_start          
ffffffff  __binit__                     
ffffffff  __c_args__                    
ffffffff  binit                         
UNDEFED   __mpu_init                    
UNDEFED   _system_post_cinit            

[112 symbols]
