******************************************************************************
                  TI ARM Linker PC v18.12.8                    
******************************************************************************
>> Linked Wed May 24 16:40:17 2023

OUTPUT FILE NAME:   <EK-TM4C123GXL_LIB_TEST.out>
ENTRY POINT SYMBOL: "_c_int00_noargs"  address: 000013fd


MEMORY CONFIGURATION

         name            origin    length      used     unused   attr    fill
----------------------  --------  ---------  --------  --------  ----  --------
  FLASH                 00000000   00040000  00001b56  0003e4aa  R  X
  SRAM                  20000000   00008000  00000314  00007cec  RW X


SEGMENT ALLOCATION MAP

run origin  load origin   length   init length attrs members
----------  ----------- ---------- ----------- ----- -------
00000000    00000000    00001b60   00001b60    r-x
  00000000    00000000    0000026c   0000026c    r-- .intvecs
  00000270    00000270    0000179a   0000179a    r-x .text
  00001a0c    00001a0c    00000130   00000130    r-- .const
  00001b40    00001b40    00000020   00000020    r-- .cinit
20000000    20000000    00000314   00000000    rw-
  20000000    20000000    00000200   00000000    rw- .stack
  20000200    20000200    00000114   00000000    rw- .data


SECTION ALLOCATION MAP

 output                                  attributes/
section   page    origin      length       input sections
--------  ----  ----------  ----------   ----------------
.intvecs   0    00000000    0000026c     
                  00000000    0000026c     startup_ccs.obj (.intvecs)

.text      0    00000270    0000179a     
                  00000270    00000358     lib_uart.obj (.text:LIB_UART_Init)
                  000005c8    00000248     gpio.obj (.text:GPIOPadConfigSet)
                  00000810    00000194     sysctl.obj (.text:SysCtlClockGet)
                  000009a4    00000004     rtsv7M4_T_le_v4SPD16_eabi.lib : pre_init.c.obj (.text:_system_pre_init)
                  000009a8    00000164     sysctl.obj (.text:SysCtlClockSet)
                  00000b0c    00000004     rtsv7M4_T_le_v4SPD16_eabi.lib : exit.c.obj (.text:abort:abort)
                  00000b10    000000b8     lib_gpio.obj (.text:LIB_GPIO_Init)
                  00000bc8    000000a2     lib_EXTIisrmanagement.obj (.text:GPIOB_ISR_Handle)
                  00000c6a    00000006     sysctl.obj (.text:SysCtlDelay)
                  00000c70    000000a2     lib_EXTIisrmanagement.obj (.text:GPIOC_ISR_Handle)
                  00000d12    00000006     --HOLE-- [fill = 0]
                  00000d18    000000a2     lib_EXTIisrmanagement.obj (.text:GPIOD_ISR_Handle)
                  00000dba    00000006     --HOLE-- [fill = 0]
                  00000dc0    000000a2     lib_EXTIisrmanagement.obj (.text:GPIOE_ISR_Handle)
                  00000e62    00000006     --HOLE-- [fill = 0]
                  00000e68    000000a2     lib_EXTIisrmanagement.obj (.text:GPIOF_ISR_Handle)
                  00000f0a    0000009c     rtsv7M4_T_le_v4SPD16_eabi.lib : memcpy_t2.asm.obj (.text)
                  00000fa6    00000002     --HOLE-- [fill = 0]
                  00000fa8    0000009a     lib_EXTIisrmanagement.obj (.text:GPIOA_ISR_Handle)
                  00001042    00000006     --HOLE-- [fill = 0]
                  00001048    00000092     interrupt.obj (.text:IntEnable)
                  000010da    00000006     --HOLE-- [fill = 0]
                  000010e0    00000070     timer.obj (.text:TimerConfigure)
                  00001150    0000006e     lib_timer.obj (.text:LIB_TIMER_Init)
                  000011be    00000002     --HOLE-- [fill = 0]
                  000011c0    0000006e     blinky.obj (.text:main)
                  0000122e    00000068     rtsv7M4_T_le_v4SPD16_eabi.lib : copy_decompress_lzss.c.obj (.text:decompress:lzss:__TI_decompress_lzss)
                  00001296    00000002     --HOLE-- [fill = 0]
                  00001298    0000005c     gpio.obj (.text:GPIOPinConfigure)
                  000012f4    00000004     --HOLE-- [fill = 0]
                  000012f8    00000048     uart.obj (.text:UARTConfigSetExpClk)
                  00001340    00000044     rtsv7M4_T_le_v4SPD16_eabi.lib : autoinit.c.obj (.text:__TI_auto_init_nobinit_nopinit:__TI_auto_init_nobinit_nopinit)
                  00001384    00000004     --HOLE-- [fill = 0]
                  00001388    0000003a     sysctl.obj (.text:SysCtlPeripheralReady)
                  000013c2    00000006     --HOLE-- [fill = 0]
                  000013c8    00000034     sysctl.obj (.text:SysCtlPeripheralEnable)
                  000013fc    00000034     rtsv7M4_T_le_v4SPD16_eabi.lib : boot_cortex_m.c.obj (.text:_c_int00_noargs:_c_int00_noargs)
                  00001430    0000002c     gpio.obj (.text:GPIODirModeSet)
                  0000145c    00000004     --HOLE-- [fill = 0]
                  00001460    0000002c     lib_TIMERisrmanagement.obj (.text:TIMER1A_ISR_Handle)
                  0000148c    00000004     --HOLE-- [fill = 0]
                  00001490    0000002c     lib_TIMERisrmanagement.obj (.text:TIMER1B_ISR_Handle)
                  000014bc    00000004     --HOLE-- [fill = 0]
                  000014c0    0000002c     lib_TIMERisrmanagement.obj (.text:TIMER2A_ISR_Handle)
                  000014ec    00000004     --HOLE-- [fill = 0]
                  000014f0    0000002c     lib_TIMERisrmanagement.obj (.text:TIMER2B_ISR_Handle)
                  0000151c    00000004     --HOLE-- [fill = 0]
                  00001520    0000002c     lib_TIMERisrmanagement.obj (.text:TIMER3A_ISR_Handle)
                  0000154c    00000004     --HOLE-- [fill = 0]
                  00001550    0000002c     lib_TIMERisrmanagement.obj (.text:TIMER3B_ISR_Handle)
                  0000157c    00000004     --HOLE-- [fill = 0]
                  00001580    0000002c     lib_TIMERisrmanagement.obj (.text:TIMER4A_ISR_Handle)
                  000015ac    00000004     --HOLE-- [fill = 0]
                  000015b0    0000002c     lib_TIMERisrmanagement.obj (.text:TIMER4B_ISR_Handle)
                  000015dc    00000004     --HOLE-- [fill = 0]
                  000015e0    0000002c     lib_TIMERisrmanagement.obj (.text:TIMER5A_ISR_Handle)
                  0000160c    00000004     --HOLE-- [fill = 0]
                  00001610    0000002c     lib_TIMERisrmanagement.obj (.text:TIMER5B_ISR_Handle)
                  0000163c    00000004     --HOLE-- [fill = 0]
                  00001640    0000002c     lib_UARTisrmanagement.obj (.text:UART0_ISR_Handle)
                  0000166c    00000004     --HOLE-- [fill = 0]
                  00001670    0000002c     lib_UARTisrmanagement.obj (.text:UART1_ISR_Handle)
                  0000169c    00000004     --HOLE-- [fill = 0]
                  000016a0    0000002c     lib_UARTisrmanagement.obj (.text:UART2_ISR_Handle)
                  000016cc    00000004     --HOLE-- [fill = 0]
                  000016d0    0000002c     lib_UARTisrmanagement.obj (.text:UART3_ISR_Handle)
                  000016fc    00000004     --HOLE-- [fill = 0]
                  00001700    0000002c     lib_UARTisrmanagement.obj (.text:UART5_ISR_Handle)
                  0000172c    00000004     --HOLE-- [fill = 0]
                  00001730    0000002c     lib_UARTisrmanagement.obj (.text:UART6_ISR_Handle)
                  0000175c    00000004     --HOLE-- [fill = 0]
                  00001760    0000002c     lib_UARTisrmanagement.obj (.text:UART7_ISR_Handle)
                  0000178c    00000004     --HOLE-- [fill = 0]
                  00001790    00000028     lib_TIMERisrmanagement.obj (.text:TIMER0A_ISR_Handle)
                  000017b8    00000028     lib_TIMERisrmanagement.obj (.text:TIMER0B_ISR_Handle)
                  000017e0    00000028     lib_UARTisrmanagement.obj (.text:UART4_ISR_Handle)
                  00001808    00000028     uart.obj (.text:UARTDisable)
                  00001830    00000020     lib_gpio.obj (.text:LIB_GPIO_WritePin)
                  00001850    00000020     blinky.obj (.text:toggle)
                  00001870    0000001c     lib_clock.obj (.text:LIB_CLOCK_MainClockSet)
                  0000188c    00000004     --HOLE-- [fill = 0]
                  00001890    0000001c     lib_clock.obj (.text:LIB_CLOCK_PeripheralClockEnable)
                  000018ac    00000004     --HOLE-- [fill = 0]
                  000018b0    00000016     gpio.obj (.text:GPIOPinTypeUART)
                  000018c6    00000002     --HOLE-- [fill = 0]
                  000018c8    00000014     uart.obj (.text:UARTEnable)
                  000018dc    00000004     --HOLE-- [fill = 0]
                  000018e0    00000012     interrupt.obj (.text:IntMasterEnable)
                  000018f2    00000006     --HOLE-- [fill = 0]
                  000018f8    00000012     lib_gpio.obj (.text:LIB_GPIO_TogglePin)
                  0000190a    00000006     --HOLE-- [fill = 0]
                  00001910    00000012     lib_TIMERisrmanagement.obj (.text:LIB_ISR_TIMERRegister)
                  00001922    00000006     --HOLE-- [fill = 0]
                  00001928    00000012     timer.obj (.text:TimerLoadSet)
                  0000193a    00000006     --HOLE-- [fill = 0]
                  00001940    0000000e     gpio.obj (.text:GPIOIntStatus)
                  0000194e    00000002     --HOLE-- [fill = 0]
                  00001950    0000000e     lib_UARTisrmanagement.obj (.text:LIB_ISR_UARTRegister)
                  0000195e    00000002     --HOLE-- [fill = 0]
                  00001960    0000000e     timer.obj (.text:TimerEnable)
                  0000196e    0000000e     rtsv7M4_T_le_v4SPD16_eabi.lib : copy_decompress_none.c.obj (.text:decompress:none:__TI_decompress_none)
                  0000197c    00000004     --HOLE-- [fill = 0]
                  00001980    0000000c     cpu.obj (.text:CPUcpsie)
                  0000198c    00000004     --HOLE-- [fill = 0]
                  00001990    0000000a     timer.obj (.text:TimerIntStatus)
                  0000199a    00000006     --HOLE-- [fill = 0]
                  000019a0    0000000a     uart.obj (.text:UARTFIFODisable)
                  000019aa    00000006     --HOLE-- [fill = 0]
                  000019b0    0000000a     uart.obj (.text:UARTIntStatus)
                  000019ba    00000006     --HOLE-- [fill = 0]
                  000019c0    00000008     timer.obj (.text:TimerIntEnable)
                  000019c8    00000008     uart.obj (.text:UARTIntEnable)
                  000019d0    00000006     gpio.obj (.text:GPIOIntClear)
                  000019d6    00000002     --HOLE-- [fill = 0]
                  000019d8    00000006     startup_ccs.obj (.text:ResetISR)
                  000019de    00000002     --HOLE-- [fill = 0]
                  000019e0    00000004     timer.obj (.text:TimerIntClear)
                  000019e4    00000004     --HOLE-- [fill = 0]
                  000019e8    00000004     uart.obj (.text:UARTIntClear)
                  000019ec    00000004     --HOLE-- [fill = 0]
                  000019f0    00000002     startup_ccs.obj (.text:FaultISR)
                  000019f2    00000006     --HOLE-- [fill = 0]
                  000019f8    00000002     startup_ccs.obj (.text:IntDefaultHandler)
                  000019fa    00000006     --HOLE-- [fill = 0]
                  00001a00    00000002     startup_ccs.obj (.text:NmiSR)
                  00001a02    00000006     --HOLE-- [fill = 0]
                  00001a08    00000002     lib_EXTIisrmanagement.obj (.text:__nop)

.const     0    00001a0c    00000130     
                  00001a0c    00000090     gpio.obj (.const:g_pui32GPIOBaseAddrs)
                  00001a9c    0000006c     sysctl.obj (.const:g_pui32Xtals)
                  00001b08    00000020     lib_uart.obj (.const:$P$T0$1)
                  00001b28    00000014     interrupt.obj (.const:g_pui32EnRegs)

.cinit     0    00001b40    00000020     
                  00001b40    0000000e     (.cinit..data.load) [load image, compression = lzss]
                  00001b4e    00000002     --HOLE-- [fill = 0]
                  00001b50    00000008     (__TI_handler_table)
                  00001b58    00000008     (__TI_cinit_table)

.init_array 
*          0    00000000    00000000     UNINITIALIZED

.data      0    20000200    00000114     UNINITIALIZED
                  20000200    000000c0     lib_EXTIisrmanagement.obj (.data:ExtiIsrHandleTable)
                  200002c0    00000030     lib_TIMERisrmanagement.obj (.data:TimerIsrHandleTable)
                  200002f0    00000020     lib_UARTisrmanagement.obj (.data:UartIsrHandleTable)
                  20000310    00000004     lib_clock.obj (.data)

.stack     0    20000000    00000200     UNINITIALIZED
                  20000000    00000004     rtsv7M4_T_le_v4SPD16_eabi.lib : boot_cortex_m.c.obj (.stack)
                  20000004    000001fc     --HOLE--

.binit     0    00000000    00000000     

MODULE SUMMARY

       Module                       code   ro data   rw data
       ------                       ----   -------   -------
    .\
       startup_ccs.obj              12     620       0      
       blinky.obj                   142    0         0      
    +--+----------------------------+------+---------+---------+
       Total:                       154    620       0      
                                                            
    .\EK-TM4C123GXL_LIB\clock\
       lib_clock.obj                56     0         4      
    +--+----------------------------+------+---------+---------+
       Total:                       56     0         4      
                                                            
    .\EK-TM4C123GXL_LIB\gpio\
       lib_gpio.obj                 234    0         0      
    +--+----------------------------+------+---------+---------+
       Total:                       234    0         0      
                                                            
    .\EK-TM4C123GXL_LIB\isr_anagement\
       lib_EXTIisrmanagement.obj    966    0         192    
       lib_TIMERisrmanagement.obj   538    0         48     
       lib_UARTisrmanagement.obj    362    0         32     
    +--+----------------------------+------+---------+---------+
       Total:                       1866   0         272    
                                                            
    .\EK-TM4C123GXL_LIB\timer\
       lib_timer.obj                110    0         0      
    +--+----------------------------+------+---------+---------+
       Total:                       110    0         0      
                                                            
    .\EK-TM4C123GXL_LIB\uart\
       lib_uart.obj                 856    32        0      
    +--+----------------------------+------+---------+---------+
       Total:                       856    32        0      
                                                            
    .\driverlib\
       sysctl.obj                   876    108       0      
       gpio.obj                     762    144       0      
       interrupt.obj                164    20        0      
       timer.obj                    166    0         0      
       uart.obj                     164    0         0      
       cpu.obj                      12     0         0      
    +--+----------------------------+------+---------+---------+
       Total:                       2144   272       0      
                                                            
    C:\ti\ccs1220\ccs\tools\compiler\ti-cgt-arm_18.12.8.LTS\lib\rtsv7M4_T_le_v4SPD16_eabi.lib
       memcpy_t2.asm.obj            156    0         0      
       copy_decompress_lzss.c.obj   104    0         0      
       autoinit.c.obj               68     0         0      
       boot_cortex_m.c.obj          52     0         0      
       copy_decompress_none.c.obj   14     0         0      
       exit.c.obj                   4      0         0      
       pre_init.c.obj               4      0         0      
    +--+----------------------------+------+---------+---------+
       Total:                       402    0         0      
                                                            
       Stack:                       0      0         512    
       Linker Generated:            0      30        0      
    +--+----------------------------+------+---------+---------+
       Grand Total:                 5822   954       788    


LINKER GENERATED COPY TABLES

__TI_cinit_table @ 00001b58 records: 1, size/record: 8, table size: 8
	.data: load addr=00001b40, load size=0000000e bytes, run addr=20000200, run size=00000114 bytes, compression=lzss


LINKER GENERATED HANDLER TABLE

__TI_handler_table @ 00001b50 records: 2, size/record: 4, table size: 8
	index: 0, handler: __TI_decompress_lzss
	index: 1, handler: __TI_decompress_none


GLOBAL SYMBOLS: SORTED ALPHABETICALLY BY Name 

address   name                           
-------   ----                           
00000b0d  C$$EXIT                        
20000310  CPU_F                          
00001981  CPUcpsie                       
20000200  ExtiIsrHandleTable             
00000fa9  GPIOA_ISR_Handle               
00000bc9  GPIOB_ISR_Handle               
00000c71  GPIOC_ISR_Handle               
00000d19  GPIOD_ISR_Handle               
00001431  GPIODirModeSet                 
00000dc1  GPIOE_ISR_Handle               
00000e69  GPIOF_ISR_Handle               
000019d1  GPIOIntClear                   
00001941  GPIOIntStatus                  
000005c9  GPIOPadConfigSet               
00001299  GPIOPinConfigure               
000018b1  GPIOPinTypeUART                
00001049  IntEnable                      
000018e1  IntMasterEnable                
00001871  LIB_CLOCK_MainClockSet         
00001891  LIB_CLOCK_PeripheralClockEnable
00000b11  LIB_GPIO_Init                  
000018f9  LIB_GPIO_TogglePin             
00001831  LIB_GPIO_WritePin              
00001911  LIB_ISR_TIMERRegister          
00001951  LIB_ISR_UARTRegister           
00001151  LIB_TIMER_Init                 
00000271  LIB_UART_Init                  
000019d9  ResetISR                       
00000811  SysCtlClockGet                 
000009a9  SysCtlClockSet                 
00000c6b  SysCtlDelay                    
000013c9  SysCtlPeripheralEnable         
00001389  SysCtlPeripheralReady          
00001791  TIMER0A_ISR_Handle             
000017b9  TIMER0B_ISR_Handle             
00001461  TIMER1A_ISR_Handle             
00001491  TIMER1B_ISR_Handle             
000014c1  TIMER2A_ISR_Handle             
000014f1  TIMER2B_ISR_Handle             
00001521  TIMER3A_ISR_Handle             
00001551  TIMER3B_ISR_Handle             
00001581  TIMER4A_ISR_Handle             
000015b1  TIMER4B_ISR_Handle             
000015e1  TIMER5A_ISR_Handle             
00001611  TIMER5B_ISR_Handle             
000010e1  TimerConfigure                 
00001961  TimerEnable                    
000019e1  TimerIntClear                  
000019c1  TimerIntEnable                 
00001991  TimerIntStatus                 
200002c0  TimerIsrHandleTable            
00001929  TimerLoadSet                   
00001641  UART0_ISR_Handle               
00001671  UART1_ISR_Handle               
000016a1  UART2_ISR_Handle               
000016d1  UART3_ISR_Handle               
000017e1  UART4_ISR_Handle               
00001701  UART5_ISR_Handle               
00001731  UART6_ISR_Handle               
00001761  UART7_ISR_Handle               
000012f9  UARTConfigSetExpClk            
00001809  UARTDisable                    
000018c9  UARTEnable                     
000019a1  UARTFIFODisable                
000019e9  UARTIntClear                   
000019c9  UARTIntEnable                  
000019b1  UARTIntStatus                  
200002f0  UartIsrHandleTable             
20000200  __STACK_END                    
00000200  __STACK_SIZE                   
20000200  __STACK_TOP                    
00001b58  __TI_CINIT_Base                
00001b60  __TI_CINIT_Limit               
00001b50  __TI_Handler_Table_Base        
00001b58  __TI_Handler_Table_Limit       
00001341  __TI_auto_init_nobinit_nopinit 
0000122f  __TI_decompress_lzss           
0000196f  __TI_decompress_none           
ffffffff  __TI_pprof_out_hndl            
ffffffff  __TI_prof_data_size            
ffffffff  __TI_prof_data_start           
00000000  __TI_static_base__             
00000f0b  __aeabi_memcpy                 
00000f0b  __aeabi_memcpy4                
00000f0b  __aeabi_memcpy8                
ffffffff  __binit__                      
ffffffff  __c_args__                     
UNDEFED   __mpu_init                     
00001a09  __nop                          
20000000  __stack                        
000013fd  _c_int00_noargs                
UNDEFED   _system_post_cinit             
000009a5  _system_pre_init               
00000b0d  abort                          
ffffffff  binit                          
00000000  g_pfnVectors                   
000011c1  main                           
00000f0b  memcpy                         
00001851  toggle                         


GLOBAL SYMBOLS: SORTED BY Symbol Address 

address   name                           
-------   ----                           
00000000  __TI_static_base__             
00000000  g_pfnVectors                   
00000200  __STACK_SIZE                   
00000271  LIB_UART_Init                  
000005c9  GPIOPadConfigSet               
00000811  SysCtlClockGet                 
000009a5  _system_pre_init               
000009a9  SysCtlClockSet                 
00000b0d  C$$EXIT                        
00000b0d  abort                          
00000b11  LIB_GPIO_Init                  
00000bc9  GPIOB_ISR_Handle               
00000c6b  SysCtlDelay                    
00000c71  GPIOC_ISR_Handle               
00000d19  GPIOD_ISR_Handle               
00000dc1  GPIOE_ISR_Handle               
00000e69  GPIOF_ISR_Handle               
00000f0b  __aeabi_memcpy                 
00000f0b  __aeabi_memcpy4                
00000f0b  __aeabi_memcpy8                
00000f0b  memcpy                         
00000fa9  GPIOA_ISR_Handle               
00001049  IntEnable                      
000010e1  TimerConfigure                 
00001151  LIB_TIMER_Init                 
000011c1  main                           
0000122f  __TI_decompress_lzss           
00001299  GPIOPinConfigure               
000012f9  UARTConfigSetExpClk            
00001341  __TI_auto_init_nobinit_nopinit 
00001389  SysCtlPeripheralReady          
000013c9  SysCtlPeripheralEnable         
000013fd  _c_int00_noargs                
00001431  GPIODirModeSet                 
00001461  TIMER1A_ISR_Handle             
00001491  TIMER1B_ISR_Handle             
000014c1  TIMER2A_ISR_Handle             
000014f1  TIMER2B_ISR_Handle             
00001521  TIMER3A_ISR_Handle             
00001551  TIMER3B_ISR_Handle             
00001581  TIMER4A_ISR_Handle             
000015b1  TIMER4B_ISR_Handle             
000015e1  TIMER5A_ISR_Handle             
00001611  TIMER5B_ISR_Handle             
00001641  UART0_ISR_Handle               
00001671  UART1_ISR_Handle               
000016a1  UART2_ISR_Handle               
000016d1  UART3_ISR_Handle               
00001701  UART5_ISR_Handle               
00001731  UART6_ISR_Handle               
00001761  UART7_ISR_Handle               
00001791  TIMER0A_ISR_Handle             
000017b9  TIMER0B_ISR_Handle             
000017e1  UART4_ISR_Handle               
00001809  UARTDisable                    
00001831  LIB_GPIO_WritePin              
00001851  toggle                         
00001871  LIB_CLOCK_MainClockSet         
00001891  LIB_CLOCK_PeripheralClockEnable
000018b1  GPIOPinTypeUART                
000018c9  UARTEnable                     
000018e1  IntMasterEnable                
000018f9  LIB_GPIO_TogglePin             
00001911  LIB_ISR_TIMERRegister          
00001929  TimerLoadSet                   
00001941  GPIOIntStatus                  
00001951  LIB_ISR_UARTRegister           
00001961  TimerEnable                    
0000196f  __TI_decompress_none           
00001981  CPUcpsie                       
00001991  TimerIntStatus                 
000019a1  UARTFIFODisable                
000019b1  UARTIntStatus                  
000019c1  TimerIntEnable                 
000019c9  UARTIntEnable                  
000019d1  GPIOIntClear                   
000019d9  ResetISR                       
000019e1  TimerIntClear                  
000019e9  UARTIntClear                   
00001a09  __nop                          
00001b50  __TI_Handler_Table_Base        
00001b58  __TI_CINIT_Base                
00001b58  __TI_Handler_Table_Limit       
00001b60  __TI_CINIT_Limit               
20000000  __stack                        
20000200  ExtiIsrHandleTable             
20000200  __STACK_END                    
20000200  __STACK_TOP                    
200002c0  TimerIsrHandleTable            
200002f0  UartIsrHandleTable             
20000310  CPU_F                          
ffffffff  __TI_pprof_out_hndl            
ffffffff  __TI_prof_data_size            
ffffffff  __TI_prof_data_start           
ffffffff  __binit__                      
ffffffff  __c_args__                     
ffffffff  binit                          
UNDEFED   __mpu_init                     
UNDEFED   _system_post_cinit             

[99 symbols]
